<html>
<body>
<pre>
<h1>µVision Build Log</h1>
<h2>Tool Versions:</h2>
IDE-Version: ¦ÌVision V5.18.0.0
Copyright (C) 2016 ARM Ltd and ARM Germany GmbH. All rights reserved.
License Information: hhb hhb, hhb, LIC=TA3WF-6WY52-8WJ2D-8QVN7-YWSZX-NJ2UY
 
Tool Versions:
Toolchain:       MDK-ARM Professional  Version: 5.18
Toolchain Path:  C:\Keil_v5\ARM\ARMCC\Bin
C Compiler:      Armcc.exe V5.06 update 1 (build 61)
Assembler:       Armasm.exe V5.06 update 1 (build 61)
Linker/Locator:  ArmLink.exe V5.06 update 1 (build 61)
Library Manager: ArmAr.exe V5.06 update 1 (build 61)
Hex Converter:   FromElf.exe V5.06 update 1 (build 61)
CPU DLL:         SARMCM3.DLL V5.18
Dialog DLL:      DCM.DLL V1.13.6.0
Target DLL:      Segger\JL2CM3.dll V2.99.18.0
Dialog DLL:      TCM.DLL V1.14.8.0
 
<h2>Project:</h2>
D:\BaiduNetdiskDownload\WORK\ZHDT-JFV1.0\ZHDT_JF\Project\ZHDT.uvprojx
Project File Date:  04/11/2019

<h2>Output:</h2>
*** Using Compiler 'V5.06 update 1 (build 61)', folder: 'C:\Keil_v5\ARM\ARMCC\Bin'
Build target 'ZHDT'
assembling startup_stm32f10x_md.s...
compiling main.c...
compiling iwdg.c...
compiling usart2.c...
compiling stm32f10x_it.c...
compiling Tim2.c...
compiling delay.c...
compiling spi2.c...
compiling usart1.c...
compiling gpio.c...
compiling usart3.c...
compiling exti.c...
compiling ADXL345.c...
compiling 24c16.c...
compiling adc.c...
compiling LOOP.c...
compiling core_cm3.c...
compiling misc.c...
compiling system_stm32f10x.c...
compiling stm32f10x_adc.c...
compiling stm32f10x_bkp.c...
compiling stm32f10x_can.c...
compiling stm32f10x_crc.c...
compiling stm32f10x_dac.c...
compiling stm32f10x_cec.c...
compiling stm32f10x_dbgmcu.c...
compiling stm32f10x_dma.c...
compiling stm32f10x_exti.c...
compiling stm32f10x_flash.c...
compiling stm32f10x_fsmc.c...
compiling stm32f10x_gpio.c...
compiling stm32f10x_iwdg.c...
compiling stm32f10x_i2c.c...
compiling stm32f10x_pwr.c...
compiling stm32f10x_rtc.c...
compiling stm32f10x_rcc.c...
compiling stm32f10x_spi.c...
compiling stm32f10x_wwdg.c...
compiling stm32f10x_sdio.c...
compiling stm32f10x_usart.c...
compiling stm32f10x_tim.c...
compiling w5500.c...
compiling socket.c...
compiling w5500_config.c...
compiling dht11.c...
compiling dhcp.c...
compiling ult.c...
compiling BD_TG.c...
compiling MqttKit.c...
compiling tcp_demo.c...
linking...
Program Size: Code=31408 RO-data=688 RW-data=700 ZI-data=6284  
FromELF: creating hex file...
"..\Output\ZHDT.axf" - 0 Error(s), 0 Warning(s).

<h2>Collection of Component include folders:</h2>
  D:\BaiduNetdiskDownload\WORK\ZHDT-JFV1.0\ZHDT_JF\Project\RTE
  C:\Keil_v5\ARM\PACK\Keil\STM32F1xx_DFP\2.0.0\Device\Include

<h2>Collection of Component Files used:</h2>
Build Time Elapsed:  00:00:08
</pre>
</body>
</html>
