Component: ARM Compiler 5.05 update 1 (build 106) Tool: armlink [4d0efa]

==============================================================================

Section Cross References

    startup_stm32f10x_hd.o(RESET) refers to startup_stm32f10x_hd.o(STACK) for __initial_sp
    startup_stm32f10x_hd.o(RESET) refers to startup_stm32f10x_hd.o(.text) for Reset_Handler
    startup_stm32f10x_hd.o(RESET) refers to stm32f10x_it.o(i.NMI_Handler) for NMI_Handler
    startup_stm32f10x_hd.o(RESET) refers to stm32f10x_it.o(i.HardFault_Handler) for HardFault_Handler
    startup_stm32f10x_hd.o(RESET) refers to stm32f10x_it.o(i.MemManage_Handler) for MemManage_Handler
    startup_stm32f10x_hd.o(RESET) refers to stm32f10x_it.o(i.BusFault_Handler) for BusFault_Handler
    startup_stm32f10x_hd.o(RESET) refers to stm32f10x_it.o(i.UsageFault_Handler) for UsageFault_Handler
    startup_stm32f10x_hd.o(RESET) refers to stm32f10x_it.o(i.SVC_Handler) for SVC_Handler
    startup_stm32f10x_hd.o(RESET) refers to stm32f10x_it.o(i.DebugMon_Handler) for DebugMon_Handler
    startup_stm32f10x_hd.o(RESET) refers to stm32f10x_it.o(i.PendSV_Handler) for PendSV_Handler
    startup_stm32f10x_hd.o(RESET) refers to stm32f10x_it.o(i.SysTick_Handler) for SysTick_Handler
    startup_stm32f10x_hd.o(RESET) refers to stm32f10x_it.o(i.EXTI0_IRQHandler) for EXTI0_IRQHandler
    startup_stm32f10x_hd.o(RESET) refers to stm32f10x_it.o(i.EXTI1_IRQHandler) for EXTI1_IRQHandler
    startup_stm32f10x_hd.o(RESET) refers to stm32f10x_it.o(i.TIM2_IRQHandler) for TIM2_IRQHandler
    startup_stm32f10x_hd.o(RESET) refers to stm32f10x_it.o(i.TIM3_IRQHandler) for TIM3_IRQHandler
    startup_stm32f10x_hd.o(RESET) refers to usart1.o(i.USART1_IRQHandler) for USART1_IRQHandler
    startup_stm32f10x_hd.o(RESET) refers to usart2.o(i.USART2_IRQHandler) for USART2_IRQHandler
    startup_stm32f10x_hd.o(RESET) refers to usart3.o(i.USART3_IRQHandler) for USART3_IRQHandler
    startup_stm32f10x_hd.o(.text) refers to system_stm32f10x.o(i.SystemInit) for SystemInit
    startup_stm32f10x_hd.o(.text) refers to entry.o(.ARM.Collect$$$$00000000) for __main
    main.o(i.main) refers to delay.o(i.Systick_Init) for Systick_Init
    main.o(i.main) refers to loop.o(i.Initialization_configuration) for Initialization_configuration
    main.o(i.main) refers to loop.o(i.application) for application
    stm32f10x_it.o(i.EXTI0_IRQHandler) refers to stm32f10x_exti.o(i.EXTI_GetITStatus) for EXTI_GetITStatus
    stm32f10x_it.o(i.EXTI0_IRQHandler) refers to stm32f10x_exti.o(i.EXTI_ClearITPendingBit) for EXTI_ClearITPendingBit
    stm32f10x_it.o(i.EXTI0_IRQHandler) refers to stm32f10x_it.o(.data) for battery
    stm32f10x_it.o(i.EXTI0_IRQHandler) refers to loop.o(.data) for battery_status
    stm32f10x_it.o(i.EXTI1_IRQHandler) refers to stm32f10x_exti.o(i.EXTI_GetITStatus) for EXTI_GetITStatus
    stm32f10x_it.o(i.EXTI1_IRQHandler) refers to stm32f10x_exti.o(i.EXTI_ClearITPendingBit) for EXTI_ClearITPendingBit
    stm32f10x_it.o(i.EXTI1_IRQHandler) refers to stm32f10x_it.o(.data) for ac
    stm32f10x_it.o(i.EXTI1_IRQHandler) refers to loop.o(.data) for power_status
    stm32f10x_it.o(i.TIM2_IRQHandler) refers to stm32f10x_tim.o(i.TIM_GetITStatus) for TIM_GetITStatus
    stm32f10x_it.o(i.TIM2_IRQHandler) refers to stm32f10x_tim.o(i.TIM_ClearITPendingBit) for TIM_ClearITPendingBit
    stm32f10x_it.o(i.TIM2_IRQHandler) refers to tim2.o(.bss) for t2_count_ms
    stm32f10x_it.o(i.TIM3_IRQHandler) refers to stm32f10x_tim.o(i.TIM_GetITStatus) for TIM_GetITStatus
    stm32f10x_it.o(i.TIM3_IRQHandler) refers to stm32f10x_tim.o(i.TIM_ClearITPendingBit) for TIM_ClearITPendingBit
    stm32f10x_it.o(i.TIM3_IRQHandler) refers to loop.o(i.SoftReset) for SoftReset
    stm32f10x_it.o(i.TIM3_IRQHandler) refers to stm32f10x_it.o(.data) for tim3i
    iwdg.o(i.IWDG_Feed) refers to stm32f10x_iwdg.o(i.IWDG_ReloadCounter) for IWDG_ReloadCounter
    iwdg.o(i.IWDG_Init) refers to stm32f10x_iwdg.o(i.IWDG_WriteAccessCmd) for IWDG_WriteAccessCmd
    iwdg.o(i.IWDG_Init) refers to stm32f10x_iwdg.o(i.IWDG_SetPrescaler) for IWDG_SetPrescaler
    iwdg.o(i.IWDG_Init) refers to stm32f10x_iwdg.o(i.IWDG_SetReload) for IWDG_SetReload
    iwdg.o(i.IWDG_Init) refers to stm32f10x_iwdg.o(i.IWDG_ReloadCounter) for IWDG_ReloadCounter
    iwdg.o(i.IWDG_Init) refers to stm32f10x_iwdg.o(i.IWDG_Enable) for IWDG_Enable
    usart2.o(i.UART2GetByte) refers to stm32f10x_usart.o(i.USART_GetFlagStatus) for USART_GetFlagStatus
    usart2.o(i.UART2GetByte) refers to stm32f10x_usart.o(i.USART_ReceiveData) for USART_ReceiveData
    usart2.o(i.UART2SendByte) refers to stm32f10x_usart.o(i.USART_SendData) for USART_SendData
    usart2.o(i.UART2SendByte) refers to stm32f10x_usart.o(i.USART_GetFlagStatus) for USART_GetFlagStatus
    usart2.o(i.UART2Test) refers to stm32f10x_usart.o(i.USART_SendData) for USART_SendData
    usart2.o(i.UART2Test) refers to usart2.o(i.UART2GetByte) for UART2GetByte
[...]
    .bss                                     0x2000076e   Section     1046  dhcp.o(.bss)
    .bss                                     0x20000b84   Section      260  bd_tg.o(.bss)
    mqttPacket                               0x20000c78   Data          16  bd_tg.o(.bss)
    .bss                                     0x20000c88   Section     2348  tcp_demo.o(.bss)
    HEAP                                     0x200015b8   Section      512  startup_stm32f10x_hd.o(HEAP)
    STACK                                    0x200017b8   Section     1024  startup_stm32f10x_hd.o(STACK)

    Global Symbols

    Symbol Name                              Value     Ov Type        Size  Object(Section)

    BuildAttributes$$THM_ISAv4$P$D$K$B$S$PE$A:L22UL41UL21$X:L11$S22US41US21$IEEE1$IW$USESV6$~STKCKD$USESV7$~SHL$OTIME$ROPI$EBA8$MICROLIB$REQ8$PRES8$EABIv2 0x00000000   Number         0  anon$$obj.o ABSOLUTE
    __ARM_use_no_argv                        0x00000000   Number         0  main.o ABSOLUTE
    _printf_a                                0x00000000   Number         0  stubs.o ABSOLUTE
    _printf_c                                0x00000000   Number         0  stubs.o ABSOLUTE
    _printf_charcount                        0x00000000   Number         0  stubs.o ABSOLUTE
    _printf_d                                0x00000000   Number         0  stubs.o ABSOLUTE
    _printf_e                                0x00000000   Number         0  stubs.o ABSOLUTE
    _printf_f                                0x00000000   Number         0  stubs.o ABSOLUTE
    _printf_flags                            0x00000000   Number         0  stubs.o ABSOLUTE
    _printf_fp_dec                           0x00000000   Number         0  stubs.o ABSOLUTE
    _printf_fp_hex                           0x00000000   Number         0  stubs.o ABSOLUTE
    _printf_g                                0x00000000   Number         0  stubs.o ABSOLUTE
    _printf_i                                0x00000000   Number         0  stubs.o ABSOLUTE
    _printf_int_dec                          0x00000000   Number         0  stubs.o ABSOLUTE
    _printf_l                                0x00000000   Number         0  stubs.o ABSOLUTE
    _printf_lc                               0x00000000   Number         0  stubs.o ABSOLUTE
    _printf_ll                               0x00000000   Number         0  stubs.o ABSOLUTE
    _printf_lld                              0x00000000   Number         0  stubs.o ABSOLUTE
    _printf_lli                              0x00000000   Number         0  stubs.o ABSOLUTE
    _printf_llo                              0x00000000   Number         0  stubs.o ABSOLUTE
    _printf_llu                              0x00000000   Number         0  stubs.o ABSOLUTE
    _printf_llx                              0x00000000   Number         0  stubs.o ABSOLUTE
    _printf_longlong_dec                     0x00000000   Number         0  stubs.o ABSOLUTE
    _printf_longlong_hex                     0x00000000   Number         0  stubs.o ABSOLUTE
    _printf_longlong_oct                     0x00000000   Number         0  stubs.o ABSOLUTE
    _printf_ls                               0x00000000   Number         0  stubs.o ABSOLUTE
    _printf_mbtowc                           0x00000000   Number         0  stubs.o ABSOLUTE
    _printf_n                                0x00000000   Number         0  stubs.o ABSOLUTE
    _printf_o                                0x00000000   Number         0  stubs.o ABSOLUTE
    _printf_p                                0x00000000   Number         0  stubs.o ABSOLUTE
    _printf_percent                          0x00000000   Number         0  stubs.o ABSOLUTE
    _printf_pre_padding                      0x00000000   Number         0  stubs.o ABSOLUTE
    _printf_return_value                     0x00000000   Number         0  stubs.o ABSOLUTE
    _printf_s                                0x00000000   Number         0  stubs.o ABSOLUTE
    _printf_sizespec                         0x00000000   Number         0  stubs.o ABSOLUTE
    _printf_str                              0x00000000   Number         0  stubs.o ABSOLUTE
    _printf_truncate_signed                  0x00000000   Number         0  stubs.o ABSOLUTE
    _printf_truncate_unsigned                0x00000000   Number         0  stubs.o ABSOLUTE
    _printf_u                                0x00000000   Number         0  stubs.o ABSOLUTE
    _printf_wc                               0x00000000   Number         0  stubs.o ABSOLUTE
    _printf_wctomb                           0x00000000   Number         0  stubs.o ABSOLUTE
    _printf_widthprec                        0x00000000   Number         0  stubs.o ABSOLUTE
    _printf_x                                0x00000000   Number         0  stubs.o ABSOLUTE
    __cpp_initialize__aeabi_                  - Undefined Weak Reference
    __cxa_finalize                            - Undefined Weak Reference
    _clock_init                               - Undefined Weak Reference
    _microlib_exit                            - Undefined Weak Reference
    __Vectors_Size                           0x00000130   Number         0  startup_stm32f10x_hd.o ABSOLUTE
    __Vectors                                0x08000000   Data           4  startup_stm32f10x_hd.o(RESET)
    __Vectors_End                            0x08000130   Data           0  startup_stm32f10x_hd.o(RESET)
    __main                                   0x08000131   Thumb Code     0  entry.o(.ARM.Collect$$$$00000000)
    _main_stk                                0x08000131   Thumb Code     0  entry2.o(.ARM.Collect$$$$00000001)
    _main_scatterload                        0x08000135   Thumb Code     0  entry5.o(.ARM.Collect$$$$00000004)
    __main_after_scatterload                 0x08000139   Thumb Code     0  entry5.o(.ARM.Collect$$$$00000004)
    _main_clock                              0x08000139   Thumb Code     0  entry7b.o(.ARM.Collect$$$$00000008)
    _main_cpp_init                           0x08000139   Thumb Code     0  entry8b.o(.ARM.Collect$$$$0000000A)
    _main_init                               0x08000139   Thumb Code     0  entry9a.o(.ARM.Collect$$$$0000000B)
    __rt_final_cpp                           0x08000141   Thumb Code     0  entry10a.o(.ARM.Collect$$$$0000000D)
    __rt_final_exit                          0x08000141   Thumb Code     0  entry11a.o(.ARM.Collect$$$$0000000F)
    Reset_Handler                            0x08000145   Thumb Code     8  startup_stm32f10x_hd.o(.text)
    ADC1_2_IRQHandler                        0x0800015f   Thumb Code     0  startup_stm32f10x_hd.o(.text)
    ADC3_IRQHandler                          0x0800015f   Thumb Code     0  startup_stm32f10x_hd.o(.text)
    CAN1_RX1_IRQHandler                      0x0800015f   Thumb Code     0  startup_stm32f10x_hd.o(.text)
    CAN1_SCE_IRQHandler                      0x0800015f   Thumb Code     0  startup_stm32f10x_hd.o(.text)
    DMA1_Channel1_IRQHandler                 0x0800015f   Thumb Code     0  startup_stm32f10x_hd.o(.text)
    DMA1_Channel2_IRQHandler                 0x0800015f   Thumb Code     0  startup_stm32f10x_hd.o(.text)
    DMA1_Channel3_IRQHandler                 0x0800015f   Thumb Code     0  startup_stm32f10x_hd.o(.text)
    DMA1_Channel4_IRQHandler                 0x0800015f   Thumb Code     0  startup_stm32f10x_hd.o(.text)
    DMA1_Channel5_IRQHandler                 0x0800015f   Thumb Code     0  startup_stm32f10x_hd.o(.text)
    DMA1_Channel6_IRQHandler                 0x0800015f   Thumb Code     0  startup_stm32f10x_hd.o(.text)
    DMA1_Channel7_IRQHandler                 0x0800015f   Thumb Code     0  startup_stm32f10x_hd.o(.text)
    DMA2_Channel1_IRQHandler                 0x0800015f   Thumb Code     0  startup_stm32f10x_hd.o(.text)
    DMA2_Channel2_IRQHandler                 0x0800015f   Thumb Code     0  startup_stm32f10x_hd.o(.text)
    DMA2_Channel3_IRQHandler                 0x0800015f   Thumb Code     0  startup_stm32f10x_hd.o(.text)
    DMA2_Channel4_5_IRQHandler               0x0800015f   Thumb Code     0  startup_stm32f10x_hd.o(.text)
    EXTI15_10_IRQHandler                     0x0800015f   Thumb Code     0  startup_stm32f10x_hd.o(.text)
    EXTI2_IRQHandler                         0x0800015f   Thumb Code     0  startup_stm32f10x_hd.o(.text)
    EXTI3_IRQHandler                         0x0800015f   Thumb Code     0  startup_stm32f10x_hd.o(.text)
    EXTI4_IRQHandler                         0x0800015f   Thumb Code     0  startup_stm32f10x_hd.o(.text)
    EXTI9_5_IRQHandler                       0x0800015f   Thumb Code     0  startup_stm32f10x_hd.o(.text)
    FLASH_IRQHandler                         0x0800015f   Thumb Code     0  startup_stm32f10x_hd.o(.text)
    FSMC_IRQHandler                          0x0800015f   Thumb Code     0  startup_stm32f10x_hd.o(.text)
    I2C1_ER_IRQHandler                       0x0800015f   Thumb Code     0  startup_stm32f10x_hd.o(.text)
    I2C1_EV_IRQHandler                       0x0800015f   Thumb Code     0  startup_stm32f10x_hd.o(.text)
    I2C2_ER_IRQHandler                       0x0800015f   Thumb Code     0  startup_stm32f10x_hd.o(.text)
    I2C2_EV_IRQHandler                       0x0800015f   Thumb Code     0  startup_stm32f10x_hd.o(.text)
    PVD_IRQHandler                           0x0800015f   Thumb Code     0  startup_stm32f10x_hd.o(.text)
    RCC_IRQHandler                           0x0800015f   Thumb Code     0  startup_stm32f10x_hd.o(.text)
    RTCAlarm_IRQHandler                      0x0800015f   Thumb Code     0  startup_stm32f10x_hd.o(.text)
    RTC_IRQHandler                           0x0800015f   Thumb Code     0  startup_stm32f10x_hd.o(.text)
    SDIO_IRQHandler                          0x0800015f   Thumb Code     0  startup_stm32f10x_hd.o(.text)
    SPI1_IRQHandler                          0x0800015f   Thumb Code     0  startup_stm32f10x_hd.o(.text)
    SPI2_IRQHandler                          0x0800015f   Thumb Code     0  startup_stm32f10x_hd.o(.text)
    SPI3_IRQHandler                          0x0800015f   Thumb Code     0  startup_stm32f10x_hd.o(.text)
    TAMPER_IRQHandler                        0x0800015f   Thumb Code     0  startup_stm32f10x_hd.o(.text)
    TIM1_BRK_IRQHandler                      0x0800015f   Thumb Code     0  startup_stm32f10x_hd.o(.text)
    TIM1_CC_IRQHandler                       0x0800015f   Thumb Code     0  startup_stm32f10x_hd.o(.text)
    TIM1_TRG_COM_IRQHandler                  0x0800015f   Thumb Code     0  startup_stm32f10x_hd.o(.text)
    TIM1_UP_IRQHandler                       0x0800015f   Thumb Code     0  startup_stm32f10x_hd.o(.text)
    TIM4_IRQHandler                          0x0800015f   Thumb Code     0  startup_stm32f10x_hd.o(.text)
    TIM5_IRQHandler                          0x0800015f   Thumb Code     0  startup_stm32f10x_hd.o(.text)
    TIM6_IRQHandler                          0x0800015f   Thumb Code     0  startup_stm32f10x_hd.o(.text)
    TIM7_IRQHandler                          0x0800015f   Thumb Code     0  startup_stm32f10x_hd.o(.text)
    TIM8_BRK_IRQHandler                      0x0800015f   Thumb Code     0  startup_stm32f10x_hd.o(.text)
    TIM8_CC_IRQHandler                       0x0800015f   Thumb Code     0  startup_stm32f10x_hd.o(.text)
    TIM8_TRG_COM_IRQHandler                  0x0800015f   Thumb Code     0  startup_stm32f10x_hd.o(.text)
    TIM8_UP_IRQHandler                       0x0800015f   Thumb Code     0  startup_stm32f10x_hd.o(.text)
    UART4_IRQHandler                         0x0800015f   Thumb Code     0  startup_stm32f10x_hd.o(.text)
    UART5_IRQHandler                         0x0800015f   Thumb Code     0  startup_stm32f10x_hd.o(.text)
    USBWakeUp_IRQHandler                     0x0800015f   Thumb Code     0  startup_stm32f10x_hd.o(.text)
    USB_HP_CAN1_TX_IRQHandler                0x0800015f   Thumb Code     0  startup_stm32f10x_hd.o(.text)
    USB_LP_CAN1_RX0_IRQHandler               0x0800015f   Thumb Code     0  startup_stm32f10x_hd.o(.text)
    WWDG_IRQHandler                          0x0800015f   Thumb Code     0  startup_stm32f10x_hd.o(.text)
    __aeabi_memcpy                           0x08000169   Thumb Code    36  memcpya.o(.text)
    __aeabi_memcpy4                          0x08000169   Thumb Code     0  memcpya.o(.text)
    __aeabi_memcpy8                          0x08000169   Thumb Code     0  memcpya.o(.text)
    __aeabi_memset                           0x0800018d   Thumb Code    14  memseta.o(.text)
    __aeabi_memset4                          0x0800018d   Thumb Code     0  memseta.o(.text)
    __aeabi_memset8                          0x0800018d   Thumb Code     0  memseta.o(.text)
    __aeabi_memclr                           0x0800019b   Thumb Code     4  memseta.o(.text)
    __aeabi_memclr4                          0x0800019b   Thumb Code     0  memseta.o(.text)
    __aeabi_memclr8                          0x0800019b   Thumb Code     0  memseta.o(.text)
    _memset$wrapper                          0x0800019f   Thumb Code    18  memseta.o(.text)
    strstr                                   0x080001b1   Thumb Code    36  strstr.o(.text)
    strchr                                   0x080001d5   Thumb Code    20  strchr.o(.text)
    strlen                                   0x080001e9   Thumb Code    14  strlen.o(.text)
    memcmp                                   0x080001f7   Thumb Code    26  memcmp.o(.text)
    strncat                                  0x08000211   Thumb Code    40  strncat.o(.text)
    strcpy                                   0x08000239   Thumb Code    18  strcpy.o(.text)
    atoi                                     0x0800024b   Thumb Code    26  atoi.o(.text)
    __aeabi_dmul                             0x08000265   Thumb Code   228  dmul.o(.text)
    __aeabi_ui2f                             0x08000349   Thumb Code    10  ffltui.o(.text)
    __aeabi_i2d                              0x08000353   Thumb Code    34  dflti.o(.text)
    __aeabi_f2iz                             0x08000375   Thumb Code    50  ffixi.o(.text)
    __aeabi_f2uiz                            0x080003a7   Thumb Code    40  ffixui.o(.text)
    __aeabi_f2d                              0x080003cf   Thumb Code    38  f2d.o(.text)
    __aeabi_d2f                              0x080003f5   Thumb Code    56  d2f.o(.text)
    __aeabi_cfcmpeq                          0x0800042d   Thumb Code     0  cfcmple.o(.text)
    __aeabi_cfcmple                          0x0800042d   Thumb Code    20  cfcmple.o(.text)
    __aeabi_cfrcmple                         0x08000441   Thumb Code    20  cfrcmple.o(.text)
    __aeabi_uidiv                            0x08000455   Thumb Code     0  uidiv.o(.text)
    __aeabi_uidivmod                         0x08000455   Thumb Code    44  uidiv.o(.text)
    __aeabi_uldivmod                         0x08000481   Thumb Code    98  uldiv.o(.text)
    strtol                                   0x080004e3   Thumb Code   112  strtol.o(.text)
    __I$use$fp                               0x08000553   Thumb Code     0  iusefp.o(.text)
    _float_round                             0x08000553   Thumb Code    18  fepilogue.o(.text)
    _float_epilogue                          0x08000565   Thumb Code    92  fepilogue.o(.text)
    _double_round                            0x080005c1   Thumb Code    30  depilogue.o(.text)
    _double_epilogue                         0x080005df   Thumb Code   156  depilogue.o(.text)
    __aeabi_dadd                             0x0800067b   Thumb Code   322  dadd.o(.text)
    __aeabi_dsub                             0x080007bd   Thumb Code     6  dadd.o(.text)
    __aeabi_drsub                            0x080007c3   Thumb Code     6  dadd.o(.text)
    __aeabi_ddiv                             0x080007c9   Thumb Code   222  ddiv.o(.text)
    __aeabi_d2ulz                            0x080008a7   Thumb Code    48  dfixul.o(.text)
    __aeabi_cdrcmple                         0x080008d9   Thumb Code    48  cdrcmple.o(.text)
    __scatterload                            0x08000909   Thumb Code    28  init.o(.text)
    __scatterload_rt2                        0x08000909   Thumb Code     0  init.o(.text)
    __aeabi_llsl                             0x0800092d   Thumb Code    30  llshl.o(.text)
    _ll_shift_l                              0x0800092d   Thumb Code     0  llshl.o(.text)
    __aeabi_llsr                             0x0800094b   Thumb Code    32  llushr.o(.text)
    _ll_ushift_r                             0x0800094b   Thumb Code     0  llushr.o(.text)
    __aeabi_lasr                             0x0800096b   Thumb Code    36  llsshr.o(.text)
    _ll_sshift_r                             0x0800096b   Thumb Code     0  llsshr.o(.text)
    __rt_ctype_table                         0x08000991   Thumb Code     4  ctype_o.o(.text)
    _strtoul                                 0x08000999   Thumb Code   158  _strtoul.o(.text)
    _chval                                   0x08000a37   Thumb Code    28  _chval.o(.text)
    __decompress                             0x08000a53   Thumb Code     0  __dczerorl2.o(.text)
    __decompress1                            0x08000a53   Thumb Code    86  __dczerorl2.o(.text)
    ADC1_Init                                0x08000ad9   Thumb Code    12  adc.o(i.ADC1_Init)
    ADC_Cmd                                  0x08000bc5   Thumb Code    22  stm32f10x_adc.o(i.ADC_Cmd)
    ADC_DMACmd                               0x08000bdb   Thumb Code    22  stm32f10x_adc.o(i.ADC_DMACmd)
    ADC_GetCalibrationStatus                 0x08000bf1   Thumb Code    20  stm32f10x_adc.o(i.ADC_GetCalibrationStatus)
    ADC_GetResetCalibrationStatus            0x08000c05   Thumb Code    20  stm32f10x_adc.o(i.ADC_GetResetCalibrationStatus)
    ADC_Init                                 0x08000c19   Thumb Code    70  stm32f10x_adc.o(i.ADC_Init)
    ADC_RegularChannelConfig                 0x08000c69   Thumb Code   184  stm32f10x_adc.o(i.ADC_RegularChannelConfig)
    ADC_ResetCalibration                     0x08000d21   Thumb Code    10  stm32f10x_adc.o(i.ADC_ResetCalibration)
    ADC_SoftwareStartConvCmd                 0x08000d2b   Thumb Code    22  stm32f10x_adc.o(i.ADC_SoftwareStartConvCmd)
    ADC_StartCalibration                     0x08000d41   Thumb Code    10  stm32f10x_adc.o(i.ADC_StartCalibration)
    ADXL345_ReadXYZ                          0x08000d4d   Thumb Code   238  adxl345.o(i.ADXL345_ReadXYZ)
    ADXL345_init                             0x08000e41   Thumb Code   160  adxl345.o(i.ADXL345_init)
    ADXL345_read_byte                        0x08000ee1   Thumb Code    74  adxl345.o(i.ADXL345_read_byte)
    ADXL345_write_byte                       0x08000f35   Thumb Code    68  adxl345.o(i.ADXL345_write_byte)
    BD_TG_DevLink                            0x08000f81   Thumb Code   248  bd_tg.o(i.BD_TG_DevLink)
    BD_TG_Publish                            0x080011dd   Thumb Code    72  bd_tg.o(i.BD_TG_Publish)
    BD_TG_RevPro                             0x08001235   Thumb Code   554  bd_tg.o(i.BD_TG_RevPro)
    BD_TG_Subscribe                          0x080015f5   Thumb Code   158  bd_tg.o(i.BD_TG_Subscribe)
    BusFault_Handler                         0x08001705   Thumb Code     4  stm32f10x_it.o(i.BusFault_Handler)
    DHT11_GetValue                           0x08001709   Thumb Code   146  dht11.o(i.DHT11_GetValue)
    DHT11_ReadData                           0x080017a1   Thumb Code    84  dht11.o(i.DHT11_ReadData)
    DMA_Cmd                                  0x080017f9   Thumb Code    24  stm32f10x_dma.o(i.DMA_Cmd)
    DMA_DeInit                               0x08001811   Thumb Code   324  stm32f10x_dma.o(i.DMA_DeInit)
    DMA_Init                                 0x0800195d   Thumb Code    60  stm32f10x_dma.o(i.DMA_Init)
    DebugMon_Handler                         0x08001999   Thumb Code     2  stm32f10x_it.o(i.DebugMon_Handler)
    EXTI0_IRQHandler                         0x0800199d   Thumb Code    38  stm32f10x_it.o(i.EXTI0_IRQHandler)
    EXTI1_IRQHandler                         0x080019d1   Thumb Code    38  stm32f10x_it.o(i.EXTI1_IRQHandler)
    EXTI_ClearITPendingBit                   0x08001a05   Thumb Code     6  stm32f10x_exti.o(i.EXTI_ClearITPendingBit)
    EXTI_ENABLE                              0x08001a11   Thumb Code    12  exti.o(i.EXTI_ENABLE)
    EXTI_GetITStatus                         0x08001a1d   Thumb Code    34  stm32f10x_exti.o(i.EXTI_GetITStatus)
    EXTI_Init                                0x08001a45   Thumb Code   142  stm32f10x_exti.o(i.EXTI_Init)
    EXTI_PA0_Config                          0x08001ad9   Thumb Code   106  exti.o(i.EXTI_PA0_Config)
    EXTI_PA1_Config                          0x08001b49   Thumb Code   106  exti.o(i.EXTI_PA1_Config)
    GPIO_Configuration                       0x08001bb9   Thumb Code   474  gpio.o(i.GPIO_Configuration)
    GPIO_EXTILineConfig                      0x08001da5   Thumb Code    60  stm32f10x_gpio.o(i.GPIO_EXTILineConfig)
    GPIO_Init                                0x08001de5   Thumb Code   278  stm32f10x_gpio.o(i.GPIO_Init)
    GPIO_PinRemapConfig                      0x08001efd   Thumb Code   138  stm32f10x_gpio.o(i.GPIO_PinRemapConfig)
    GPIO_ReadInputDataBit                    0x08001f8d   Thumb Code    18  stm32f10x_gpio.o(i.GPIO_ReadInputDataBit)
    GPIO_ResetBits                           0x08001f9f   Thumb Code     4  stm32f10x_gpio.o(i.GPIO_ResetBits)
    GPIO_SetBits                             0x08001fa3   Thumb Code     4  stm32f10x_gpio.o(i.GPIO_SetBits)
    GPIO_StructInit                          0x08001fa7   Thumb Code    16  stm32f10x_gpio.o(i.GPIO_StructInit)
    GetLockCode                              0x08001fb9   Thumb Code    62  loop.o(i.GetLockCode)
    HardFault_Handler                        0x08002015   Thumb Code     4  stm32f10x_it.o(i.HardFault_Handler)
    IINCHIP_CSoff                            0x08002019   Thumb Code    10  w5500.o(i.IINCHIP_CSoff)
    IINCHIP_CSon                             0x08002023   Thumb Code    10  w5500.o(i.IINCHIP_CSon)
    IINCHIP_READ                             0x0800202d   Thumb Code    50  w5500.o(i.IINCHIP_READ)
    IINCHIP_SpiSendData                      0x0800205f   Thumb Code    12  w5500.o(i.IINCHIP_SpiSendData)
    IINCHIP_WRITE                            0x0800206b   Thumb Code    50  w5500.o(i.IINCHIP_WRITE)
    IWDG_Enable                              0x0800209d   Thumb Code    10  stm32f10x_iwdg.o(i.IWDG_Enable)
    IWDG_Feed                                0x080020ad   Thumb Code     8  iwdg.o(i.IWDG_Feed)
    IWDG_Init                                0x080020b5   Thumb Code    36  iwdg.o(i.IWDG_Init)
    IWDG_ReloadCounter                       0x080020d9   Thumb Code    10  stm32f10x_iwdg.o(i.IWDG_ReloadCounter)
    IWDG_SetPrescaler                        0x080020e9   Thumb Code     6  stm32f10x_iwdg.o(i.IWDG_SetPrescaler)
    IWDG_SetReload                           0x080020f5   Thumb Code     6  stm32f10x_iwdg.o(i.IWDG_SetReload)
    IWDG_WriteAccessCmd                      0x08002101   Thumb Code     6  stm32f10x_iwdg.o(i.IWDG_WriteAccessCmd)
    Initialization_configuration             0x0800210d   Thumb Code   144  loop.o(i.Initialization_configuration)
    MQTT_DeleteBuffer                        0x080021bd   Thumb Code    28  mqttkit.o(i.MQTT_DeleteBuffer)
    MQTT_DumpLength                          0x080021d9   Thumb Code    46  mqttkit.o(i.MQTT_DumpLength)
    MQTT_NewBuffer                           0x08002207   Thumb Code    88  mqttkit.o(i.MQTT_NewBuffer)
    MQTT_PacketCmdResp                       0x08002261   Thumb Code   132  mqttkit.o(i.MQTT_PacketCmdResp)
    MQTT_PacketConnect                       0x080022ed   Thumb Code   662  mqttkit.o(i.MQTT_PacketConnect)
    MQTT_PacketPublish                       0x08002589   Thumb Code   310  mqttkit.o(i.MQTT_PacketPublish)
    MQTT_PacketPublishAck                    0x080026bf   Thumb Code    72  mqttkit.o(i.MQTT_PacketPublishAck)
    MQTT_PacketPublishComp                   0x08002707   Thumb Code    72  mqttkit.o(i.MQTT_PacketPublishComp)
    MQTT_PacketPublishRec                    0x0800274f   Thumb Code    72  mqttkit.o(i.MQTT_PacketPublishRec)
    MQTT_PacketPublishRel                    0x08002797   Thumb Code    72  mqttkit.o(i.MQTT_PacketPublishRel)
    MQTT_PacketSubscribe                     0x080027df   Thumb Code   252  mqttkit.o(i.MQTT_PacketSubscribe)
    MQTT_PacketUnSubscribe                   0x080028db   Thumb Code   236  mqttkit.o(i.MQTT_PacketUnSubscribe)
    MQTT_ReadLength                          0x080029c7   Thumb Code    70  mqttkit.o(i.MQTT_ReadLength)
    MQTT_UnPacketCmd                         0x08002a0d   Thumb Code   138  mqttkit.o(i.MQTT_UnPacketCmd)
    MQTT_UnPacketConnectAck                  0x08002a97   Thumb Code    30  mqttkit.o(i.MQTT_UnPacketConnectAck)
    MQTT_UnPacketPublish                     0x08002ab5   Thumb Code   390  mqttkit.o(i.MQTT_UnPacketPublish)
    MQTT_UnPacketPublishAck                  0x08002c45   Thumb Code    30  mqttkit.o(i.MQTT_UnPacketPublishAck)
    MQTT_UnPacketPublishComp                 0x08002c63   Thumb Code    30  mqttkit.o(i.MQTT_UnPacketPublishComp)
    MQTT_UnPacketPublishRec                  0x08002c81   Thumb Code    30  mqttkit.o(i.MQTT_UnPacketPublishRec)
    MQTT_UnPacketPublishRel                  0x08002c9f   Thumb Code    36  mqttkit.o(i.MQTT_UnPacketPublishRel)
    MQTT_UnPacketRecv                        0x08002cc5   Thumb Code   106  mqttkit.o(i.MQTT_UnPacketRecv)
    MQTT_UnPacketSubscribe                   0x08002d39   Thumb Code    52  mqttkit.o(i.MQTT_UnPacketSubscribe)
    MQTT_UnPacketUnSubscribe                 0x08002d6d   Thumb Code    18  mqttkit.o(i.MQTT_UnPacketUnSubscribe)
    MQTT_UnSubscribe                         0x08002d81   Thumb Code    86  bd_tg.o(i.MQTT_UnSubscribe)
    MemManage_Handler                        0x08002ded   Thumb Code     4  stm32f10x_it.o(i.MemManage_Handler)
    NMI_Handler                              0x08002df1   Thumb Code     2  stm32f10x_it.o(i.NMI_Handler)
    NVIC_Init                                0x08002df5   Thumb Code   100  misc.o(i.NVIC_Init)
    NVIC_PriorityGroupConfig                 0x08002e65   Thumb Code    10  misc.o(i.NVIC_PriorityGroupConfig)
    PendSV_Handler                           0x08002e79   Thumb Code     2  stm32f10x_it.o(i.PendSV_Handler)
    Power_check                              0x08002e7d   Thumb Code    70  loop.o(i.Power_check)
    RCC_ADCCLKConfig                         0x08002ecd   Thumb Code    18  stm32f10x_rcc.o(i.RCC_ADCCLKConfig)
    RCC_AHBPeriphClockCmd                    0x08002ee5   Thumb Code    26  stm32f10x_rcc.o(i.RCC_AHBPeriphClockCmd)
    RCC_APB1PeriphClockCmd                   0x08002f05   Thumb Code    26  stm32f10x_rcc.o(i.RCC_APB1PeriphClockCmd)
    RCC_APB1PeriphResetCmd                   0x08002f25   Thumb Code    26  stm32f10x_rcc.o(i.RCC_APB1PeriphResetCmd)
    RCC_APB2PeriphClockCmd                   0x08002f45   Thumb Code    26  stm32f10x_rcc.o(i.RCC_APB2PeriphClockCmd)
    RCC_APB2PeriphResetCmd                   0x08002f65   Thumb Code    26  stm32f10x_rcc.o(i.RCC_APB2PeriphResetCmd)
    RCC_GetClocksFreq                        0x08002f85   Thumb Code   192  stm32f10x_rcc.o(i.RCC_GetClocksFreq)
    Reset_W5500                              0x08003059   Thumb Code    34  spi2.o(i.Reset_W5500)
    SPI2_SendByte                            0x08003081   Thumb Code    50  spi2.o(i.SPI2_SendByte)
    SPI_Cmd                                  0x080030b9   Thumb Code    24  stm32f10x_spi.o(i.SPI_Cmd)
    SPI_I2S_GetFlagStatus                    0x080030d1   Thumb Code    18  stm32f10x_spi.o(i.SPI_I2S_GetFlagStatus)
    SPI_I2S_ReceiveData                      0x080030e3   Thumb Code     6  stm32f10x_spi.o(i.SPI_I2S_ReceiveData)
    SPI_I2S_SendData                         0x080030e9   Thumb Code     4  stm32f10x_spi.o(i.SPI_I2S_SendData)
    SPI_Init                                 0x080030ed   Thumb Code    60  stm32f10x_spi.o(i.SPI_Init)
    SPI_init                                 0x08003129   Thumb Code   168  adxl345.o(i.SPI_init)
    SVC_Handler                              0x080031dd   Thumb Code     2  stm32f10x_it.o(i.SVC_Handler)
    SoftReset                                0x080032c9   Thumb Code    38  loop.o(i.SoftReset)
    SysTick_Handler                          0x080032f9   Thumb Code     2  stm32f10x_it.o(i.SysTick_Handler)
    SystemInit                               0x080032fd   Thumb Code    78  system_stm32f10x.o(i.SystemInit)
    Systick_Init                             0x0800335d   Thumb Code    56  delay.o(i.Systick_Init)
    TIM2_Configuration                       0x0800339d   Thumb Code    82  tim2.o(i.TIM2_Configuration)
    TIM2_IRQHandler                          0x080033f1   Thumb Code    46  stm32f10x_it.o(i.TIM2_IRQHandler)
    TIM2_NVIC_Configuration                  0x08003425   Thumb Code    42  tim2.o(i.TIM2_NVIC_Configuration)
    TIM3_Configuration                       0x08003451   Thumb Code    78  tim2.o(i.TIM3_Configuration)
    TIM3_IRQHandler                          0x080034a5   Thumb Code    72  stm32f10x_it.o(i.TIM3_IRQHandler)
    TIM3_NVIC_Configuration                  0x080034f9   Thumb Code    42  tim2.o(i.TIM3_NVIC_Configuration)
    TIM_ClearFlag                            0x08003523   Thumb Code     6  stm32f10x_tim.o(i.TIM_ClearFlag)
    TIM_ClearITPendingBit                    0x08003529   Thumb Code     6  stm32f10x_tim.o(i.TIM_ClearITPendingBit)
    TIM_Cmd                                  0x0800352f   Thumb Code    24  stm32f10x_tim.o(i.TIM_Cmd)
    TIM_DeInit                               0x08003549   Thumb Code   424  stm32f10x_tim.o(i.TIM_DeInit)
    TIM_GetITStatus                          0x08003731   Thumb Code    34  stm32f10x_tim.o(i.TIM_GetITStatus)
    TIM_ITConfig                             0x08003753   Thumb Code    18  stm32f10x_tim.o(i.TIM_ITConfig)
    TIM_TimeBaseInit                         0x08003765   Thumb Code   122  stm32f10x_tim.o(i.TIM_TimeBaseInit)
    USART1_Config                            0x08003809   Thumb Code   132  usart1.o(i.USART1_Config)
    USART1_IRQHandler                        0x08003895   Thumb Code   192  usart1.o(i.USART1_IRQHandler)
    USART1_NVIC_Configuration                0x08003971   Thumb Code    42  usart1.o(i.USART1_NVIC_Configuration)
    USART2_Config                            0x0800399d   Thumb Code   136  usart2.o(i.USART2_Config)
    USART2_IRQHandler                        0x08003a2d   Thumb Code   440  usart2.o(i.USART2_IRQHandler)
    USART2_NVIC_Configuration                0x08003c11   Thumb Code    42  usart2.o(i.USART2_NVIC_Configuration)
    USART3_Config                            0x08003c3d   Thumb Code   138  usart3.o(i.USART3_Config)
    USART3_IRQHandler                        0x08003cd1   Thumb Code   192  usart3.o(i.USART3_IRQHandler)
    USART3_NVIC_Configuration                0x08003dad   Thumb Code    40  usart3.o(i.USART3_NVIC_Configuration)
    USART_ClearFlag                          0x08003dd5   Thumb Code    18  stm32f10x_usart.o(i.USART_ClearFlag)
    USART_Cmd                                0x08003de7   Thumb Code    24  stm32f10x_usart.o(i.USART_Cmd)
    USART_GetFlagStatus                      0x08003dff   Thumb Code    26  stm32f10x_usart.o(i.USART_GetFlagStatus)
    USART_GetITStatus                        0x08003e19   Thumb Code    84  stm32f10x_usart.o(i.USART_GetITStatus)
    USART_ITConfig                           0x08003e6d   Thumb Code    74  stm32f10x_usart.o(i.USART_ITConfig)
    USART_Init                               0x08003eb9   Thumb Code   210  stm32f10x_usart.o(i.USART_Init)
    USART_ReceiveData                        0x08003f91   Thumb Code    10  stm32f10x_usart.o(i.USART_ReceiveData)
    USART_SendData                           0x08003f9b   Thumb Code     8  stm32f10x_usart.o(i.USART_SendData)
    USART_SendDatacmd                        0x08003fa3   Thumb Code    16  loop.o(i.USART_SendDatacmd)
    UsageFault_Handler                       0x08003fb3   Thumb Code     4  stm32f10x_it.o(i.UsageFault_Handler)
    WIZ_CS                                   0x08003fb9   Thumb Code    32  spi2.o(i.WIZ_CS)
    WIZ_SPI_Init                             0x08003fdd   Thumb Code   160  spi2.o(i.WIZ_SPI_Init)
    __0printf                                0x08004085   Thumb Code    22  printfa.o(i.__0printf)
    __1printf                                0x08004085   Thumb Code     0  printfa.o(i.__0printf)
    __2printf                                0x08004085   Thumb Code     0  printfa.o(i.__0printf)
    __c89printf                              0x08004085   Thumb Code     0  printfa.o(i.__0printf)
    printf                                   0x08004085   Thumb Code     0  printfa.o(i.__0printf)
    __0sprintf                               0x080040a5   Thumb Code    34  printfa.o(i.__0sprintf)
    __1sprintf                               0x080040a5   Thumb Code     0  printfa.o(i.__0sprintf)
    __2sprintf                               0x080040a5   Thumb Code     0  printfa.o(i.__0sprintf)
    __c89sprintf                             0x080040a5   Thumb Code     0  printfa.o(i.__0sprintf)
    sprintf                                  0x080040a5   Thumb Code     0  printfa.o(i.__0sprintf)
    __aeabi_errno_addr                       0x080040cd   Thumb Code     4  errno.o(i.__aeabi_errno_addr)
    __rt_errno_addr                          0x080040cd   Thumb Code     0  errno.o(i.__aeabi_errno_addr)
    __scatterload_copy                       0x080040d5   Thumb Code    14  handlers.o(i.__scatterload_copy)
    __scatterload_null                       0x080040e3   Thumb Code     2  handlers.o(i.__scatterload_null)
    __scatterload_zeroinit                   0x080040e5   Thumb Code    14  handlers.o(i.__scatterload_zeroinit)
    application                              0x08004991   Thumb Code  5012  loop.o(i.application)
    at24c16_init                             0x08005d31   Thumb Code    56  24c16.o(i.at24c16_init)
    at24c16_read                             0x08005d6d   Thumb Code    70  24c16.o(i.at24c16_read)
    at24c16_start                            0x08005db5   Thumb Code    42  24c16.o(i.at24c16_start)
    at24c16_stop                             0x08005de5   Thumb Code    34  24c16.o(i.at24c16_stop)
    at24c16_write                            0x08005e0d   Thumb Code    80  24c16.o(i.at24c16_write)
    auto_dhcp                                0x08005e5d   Thumb Code    92  dhcp.o(i.auto_dhcp)
    check_DHCP_Timeout                       0x08005f19   Thumb Code   110  dhcp.o(i.check_DHCP_Timeout)
    check_DHCP_state                         0x08005f9d   Thumb Code   328  dhcp.o(i.check_DHCP_state)
    check_leasedIP                           0x08006105   Thumb Code    38  dhcp.o(i.check_leasedIP)
    clock                                    0x08006145   Thumb Code    56  24c16.o(i.clock)
    close                                    0x08006181   Thumb Code    52  socket.o(i.close)
    connect                                  0x080061b5   Thumb Code   248  socket.o(i.connect)
    delay_ms                                 0x080062ad   Thumb Code    56  delay.o(i.delay_ms)
    delay_us                                 0x080062e9   Thumb Code    56  delay.o(i.delay_us)
    dhcp_config_w5500                        0x08006325   Thumb Code   136  w5500_config.o(i.dhcp_config_w5500)
    do_tcp_client                            0x0800640d   Thumb Code   594  tcp_demo.o(i.do_tcp_client)
    erase_eeprom                             0x08006711   Thumb Code    30  24c16.o(i.erase_eeprom)
    fputc                                    0x08006731   Thumb Code    32  usart2.o(i.fputc)
    free                                     0x08006755   Thumb Code    76  malloc.o(i.free)
    getGAR                                   0x080067a5   Thumb Code    16  w5500.o(i.getGAR)
    getIINCHIP_TxMAX                         0x080067b5   Thumb Code    10  w5500.o(i.getIINCHIP_TxMAX)
    getPHYStatus                             0x080067c5   Thumb Code    12  w5500.o(i.getPHYStatus)
    getSIPR                                  0x080067d1   Thumb Code    18  w5500.o(i.getSIPR)
    getSUBR                                  0x080067e3   Thumb Code    18  w5500.o(i.getSUBR)
    getSn_IR                                 0x080067f5   Thumb Code    18  w5500.o(i.getSn_IR)
    getSn_RX_RSR                             0x08006807   Thumb Code    84  w5500.o(i.getSn_RX_RSR)
    getSn_SR                                 0x0800685b   Thumb Code    18  w5500.o(i.getSn_SR)
    getSn_TX_FSR                             0x0800686d   Thumb Code    84  w5500.o(i.getSn_TX_FSR)
    htonl                                    0x080068c1   Thumb Code    12  ult.o(i.htonl)
    htons                                    0x080068cd   Thumb Code    12  ult.o(i.htons)
    main                                     0x080068d9   Thumb Code    18  main.o(i.main)
    malloc                                   0x080068ed   Thumb Code    92  malloc.o(i.malloc)
    ntohl                                    0x08006959   Thumb Code    12  ult.o(i.ntohl)
    parseDHCPMSG                             0x08006965   Thumb Code   326  dhcp.o(i.parseDHCPMSG)
    read_1byte                               0x08006ad5   Thumb Code   100  24c16.o(i.read_1byte)
    read_config                              0x08006b3d   Thumb Code   164  loop.o(i.read_config)
    recv                                     0x08006c05   Thumb Code    66  socket.o(i.recv)
    recv_data_processing                     0x08006c49   Thumb Code   116  w5500.o(i.recv_data_processing)
    recvfrom                                 0x08006cdd   Thumb Code   486  socket.o(i.recvfrom)
    reset_DHCP_time                          0x08006edd   Thumb Code    28  dhcp.o(i.reset_DHCP_time)
    send                                     0x08006f09   Thumb Code   224  socket.o(i.send)
    send_DHCP_DISCOVER                       0x0800700d   Thumb Code   680  dhcp.o(i.send_DHCP_DISCOVER)
    send_DHCP_RELEASE_DECLINE                0x080072e1   Thumb Code   648  dhcp.o(i.send_DHCP_RELEASE_DECLINE)
    send_DHCP_REQUEST                        0x0800757d   Thumb Code   956  dhcp.o(i.send_DHCP_REQUEST)
    send_data_processing                     0x0800796d   Thumb Code   108  w5500.o(i.send_data_processing)
    sendto                                   0x080079d9   Thumb Code   268  socket.o(i.sendto)
    setGAR                                   0x08007ae5   Thumb Code    16  w5500.o(i.setGAR)
    setKPALVTR                               0x08007af5   Thumb Code    22  tcp_demo.o(i.setKPALVTR)
    setSHAR                                  0x08007b0b   Thumb Code    18  w5500.o(i.setSHAR)
    setSIPR                                  0x08007b1d   Thumb Code    18  w5500.o(i.setSIPR)
    setSUBR                                  0x08007b2f   Thumb Code    18  w5500.o(i.setSUBR)
    setSn_IR                                 0x08007b41   Thumb Code    22  w5500.o(i.setSn_IR)
    set_object_ip                            0x08007b59   Thumb Code   136  tcp_demo.o(i.set_object_ip)
    set_w5500_ip                             0x08007c45   Thumb Code   350  w5500_config.o(i.set_w5500_ip)
    set_w5500_mac                            0x08007ee9   Thumb Code   250  w5500_config.o(i.set_w5500_mac)
    socket                                   0x08008061   Thumb Code   192  socket.o(i.socket)
    swapl                                    0x08008125   Thumb Code    28  ult.o(i.swapl)
    swaps                                    0x08008141   Thumb Code    14  ult.o(i.swaps)
    sysinit                                  0x08008151   Thumb Code   302  w5500.o(i.sysinit)
    w5500_check                              0x08008289   Thumb Code   102  w5500.o(i.w5500_check)
    wiz_read_buf                             0x08008319   Thumb Code    78  w5500.o(i.wiz_read_buf)
    wiz_write_buf                            0x08008381   Thumb Code    80  w5500.o(i.wiz_write_buf)
    write_1byte                              0x080083e9   Thumb Code   112  24c16.o(i.write_1byte)
    __ctype_table                            0x0800845c   Data         129  ctype_o.o(.constdata)
    Region$$Table$$Base                      0x0800860c   Number         0  anon$$obj.o(Region$$Table)
    Region$$Table$$Limit                     0x0800862c   Number         0  anon$$obj.o(Region$$Table)
    buflen                                   0x20000000   Data           4  stm32f10x_it.o(.data)
    i                                        0x20000004   Data           4  stm32f10x_it.o(.data)
    j                                        0x20000008   Data           4  stm32f10x_it.o(.data)
    ac                                       0x2000000c   Data           4  stm32f10x_it.o(.data)
    battery                                  0x20000010   Data           4  stm32f10x_it.o(.data)
    tim3i                                    0x20000014   Data           4  stm32f10x_it.o(.data)
    tim3fquence                              0x20000018   Data           4  stm32f10x_it.o(.data)
    acc_on                                   0x2000001c   Data           1  stm32f10x_it.o(.data)
    rxd_buffer_locked                        0x2000001d   Data           1  usart2.o(.data)
    usart_flg                                0x2000001e   Data           1  usart2.o(.data)
    ptr_rxd_buffer                           0x2000001f   Data           1  usart2.o(.data)
    start                                    0x20000020   Data           1  usart2.o(.data)
    crc                                      0x20000021   Data           1  usart2.o(.data)
    tim3_reset                               0x20000022   Data           1  usart2.o(.data)
    USART3_RX_STA                            0x20000028   Data           2  usart3.o(.data)
    rxd_buffer_locked3                       0x2000002a   Data           1  usart3.o(.data)
    usart_flg3                               0x2000002b   Data           1  usart3.o(.data)
    ptr_rxd_buffer3                          0x2000002c   Data           1  usart3.o(.data)
    start3                                   0x2000002d   Data           1  usart3.o(.data)
    crc3                                     0x2000002e   Data           1  usart3.o(.data)
    usart3_test                              0x2000002f   Data           1  usart3.o(.data)
    USART1_RX_STA                            0x20000030   Data           2  usart1.o(.data)
    rxd_buffer_locked1                       0x20000032   Data           1  usart1.o(.data)
    usart_flg1                               0x20000033   Data           1  usart1.o(.data)
    ptr_rxd_buffer1                          0x20000034   Data           1  usart1.o(.data)
    start1                                   0x20000035   Data           1  usart1.o(.data)
    crc1                                     0x20000036   Data           1  usart1.o(.data)
    usart_test                               0x20000037   Data           1  usart1.o(.data)
    ADC_ConvertedValue                       0x20000038   Data           2  adc.o(.data)
    ADC_Result                               0x2000003a   Data           2  adc.o(.data)
    adc_save_idx                             0x2000003c   Data           2  adc.o(.data)
    result                                   0x20000040   Data          20  loop.o(.data)
    Lock_Code                                0x20000054   Data           4  loop.o(.data)
    flag                                     0x20000058   Data           1  loop.o(.data)
    ee_test                                  0x20000059   Data           1  loop.o(.data)
    read_dht11                               0x2000005a   Data           1  loop.o(.data)
    send_data                                0x2000005b   Data           1  loop.o(.data)
    Disconnect_Request                       0x2000005c   Data           2  loop.o(.data)
    domain_ip                                0x2000005e   Data           4  loop.o(.data)
    timePUB                                  0x20000064   Data           4  loop.o(.data)
    timeSUB                                  0x20000068   Data           4  loop.o(.data)
    timePING                                 0x2000006c   Data           1  loop.o(.data)
    temp_rh                                  0x2000006d   Data           2  loop.o(.data)
    uart2_send_read                          0x2000006f   Data           1  loop.o(.data)
    mimi                                     0x20000070   Data           4  loop.o(.data)
    uart2_send_write                         0x20000074   Data           1  loop.o(.data)
    noise                                    0x20000076   Data           2  loop.o(.data)
    publish_crc                              0x20000078   Data           1  loop.o(.data)
    noise_status                             0x20000079   Data           1  loop.o(.data)
    uart_config                              0x2000007a   Data           1  loop.o(.data)
    w5500_connect                            0x2000007c   Data           4  loop.o(.data)
    uart_w5500_ip_config                     0x20000080   Data           1  loop.o(.data)
    uart_w5500_mac_config                    0x20000081   Data           1  loop.o(.data)
    uart_w5500_subnet_config                 0x20000082   Data           1  loop.o(.data)
    uart_w5500_gateway_config                0x20000083   Data           1  loop.o(.data)
    uart_w5500_dns_config                    0x20000084   Data           1  loop.o(.data)
    uart_w5500_port_config                   0x20000085   Data           1  loop.o(.data)
    AccelerationX                            0x20000088   Data           4  loop.o(.data)
    AccelerationY                            0x2000008c   Data           4  loop.o(.data)
    AccelerationZ                            0x20000090   Data           4  loop.o(.data)
    mqtt_send_time                           0x20000094   Data           1  loop.o(.data)
    id_name_all                              0x20000098   Data           4  loop.o(.data)
    id_name                                  0x2000009c   Data           4  loop.o(.data)
    work_ACCadd                              0x200000a0   Data           1  loop.o(.data)
    work_dht11_status                        0x200000a1   Data           1  loop.o(.data)
    status_code1                             0x200000a2   Data           1  loop.o(.data)
    status_code2                             0x200000a3   Data           1  loop.o(.data)
    status_code3                             0x200000a4   Data           1  loop.o(.data)
    work_noise_status                        0x200000a5   Data           1  loop.o(.data)
    work_uart_status                         0x200000a6   Data           1  loop.o(.data)
    work_Acceleration_status                 0x200000a7   Data           1  loop.o(.data)
    disconnet                                0x200000a8   Data           2  loop.o(.data)
    overtime                                 0x200000aa   Data           2  loop.o(.data)
    overtime_reset                           0x200000ac   Data           1  loop.o(.data)
    test_while                               0x200000ad   Data           1  loop.o(.data)
    work_status                              0x200000ae   Data           1  loop.o(.data)
    network_status                           0x200000af   Data           1  loop.o(.data)
    led_set_work                             0x200000b0   Data           1  loop.o(.data)
    led_set_network                          0x200000b1   Data           1  loop.o(.data)
    sum                                      0x200000b2   Data           1  loop.o(.data)
    temperature                              0x200000b4   Data           4  loop.o(.data)
    humidity                                 0x200000b8   Data           4  loop.o(.data)
    external_temp1                           0x200000bc   Data           1  loop.o(.data)
    external_temp3                           0x200000bd   Data           1  loop.o(.data)
    external_humi1                           0x200000be   Data           1  loop.o(.data)
    external_humi3                           0x200000bf   Data           1  loop.o(.data)
    external_vibx1                           0x200000c0   Data           1  loop.o(.data)
    external_vibx3                           0x200000c1   Data           1  loop.o(.data)
    external_viby1                           0x200000c2   Data           1  loop.o(.data)
    external_viby3                           0x200000c3   Data           1  loop.o(.data)
    external_vibz1                           0x200000c4   Data           1  loop.o(.data)
    external_vibz3                           0x200000c5   Data           1  loop.o(.data)
    external_noise1                          0x200000c6   Data           1  loop.o(.data)
    external_noise3                          0x200000c7   Data           1  loop.o(.data)
    external_driver                          0x200000c8   Data           1  loop.o(.data)
    external_led1                            0x200000c9   Data           1  loop.o(.data)
    external_led2                            0x200000ca   Data           1  loop.o(.data)
    external_led3                            0x200000cb   Data           1  loop.o(.data)
    external_led4                            0x200000cc   Data           1  loop.o(.data)
    external_led_open                        0x200000cd   Data           1  loop.o(.data)
    rc                                       0x200000d0   Data           4  loop.o(.data)
    test_time                                0x200000d4   Data           4  loop.o(.data)
    test_time1                               0x200000d8   Data           4  loop.o(.data)
    power_status                             0x200000dc   Data           1  loop.o(.data)
    battery_status                           0x200000dd   Data           1  loop.o(.data)
    power_time                               0x200000de   Data           1  loop.o(.data)
    battery_time                             0x200000df   Data           1  loop.o(.data)
    w5500_connect_success                    0x200000e0   Data           1  loop.o(.data)
    domain_name                              0x200000e1   Data          18  loop.o(.data)
    W5500_REBOOT                             0x200000f3   Data           1  loop.o(.data)
    mac                                      0x2000010c   Data           6  w5500_config.o(.data)
    local_ip                                 0x20000112   Data           4  w5500_config.o(.data)
    subnet                                   0x20000116   Data           4  w5500_config.o(.data)
    gateway                                  0x2000011a   Data           4  w5500_config.o(.data)
    dns_server                               0x2000011e   Data           4  w5500_config.o(.data)
    local_port                               0x20000122   Data           2  w5500_config.o(.data)
    ip_from                                  0x20000124   Data           1  w5500_config.o(.data)
    BD_TG_ping_time                          0x20000128   Data           4  w5500_config.o(.data)
    dhcp_ok                                  0x2000012c   Data           1  w5500_config.o(.data)
    ms                                       0x20000130   Data           4  w5500_config.o(.data)
    ntptimer                                 0x20000134   Data           1  w5500_config.o(.data)
    txsize                                   0x20000135   Data           8  w5500_config.o(.data)
    rxsize                                   0x2000013d   Data           8  w5500_config.o(.data)
    SRC_MAC_ADDR                             0x20000148   Data           4  dhcp.o(.data)
    GET_SN_MASK                              0x2000014c   Data           4  dhcp.o(.data)
    GET_GW_IP                                0x20000150   Data           4  dhcp.o(.data)
    GET_DNS_IP                               0x20000154   Data           4  dhcp.o(.data)
    DHCP_HOST_NAME                           0x20000158   Data           4  dhcp.o(.data)
    GET_SIP                                  0x2000015c   Data           4  dhcp.o(.data)
    DHCP_SIP                                 0x20000160   Data           4  dhcp.o(.data)
    DHCP_REAL_SIP                            0x20000164   Data           4  dhcp.o(.data)
    OLD_SIP                                  0x20000168   Data           4  dhcp.o(.data)
    dhcp_state                               0x2000016c   Data           1  dhcp.o(.data)
    dhcp_retry_count                         0x2000016d   Data           1  dhcp.o(.data)
    DHCP_timeout                             0x2000016e   Data           1  dhcp.o(.data)
    dhcp_lease_time                          0x20000170   Data           4  dhcp.o(.data)
    dhcp_time                                0x20000174   Data           4  dhcp.o(.data)
    next_dhcp_time                           0x20000178   Data           4  dhcp.o(.data)
    dhcp_tick_cnt                            0x2000017c   Data           4  dhcp.o(.data)
    DHCP_timer                               0x20000180   Data           1  dhcp.o(.data)
    dhcp_connect                             0x20000181   Data           1  dhcp.o(.data)
    DHCP_XID                                 0x20000184   Data           4  dhcp.o(.data)
    pRIPMSG                                  0x20000188   Data           4  dhcp.o(.data)
    test1                                    0x2000018c   Data         200  bd_tg.o(.data)
    ttt                                      0x20000254   Data         100  bd_tg.o(.data)
    BD_TG_server_ip                          0x200002bc   Data           4  tcp_demo.o(.data)
    BD_TG_server_port                        0x200002c0   Data           2  tcp_demo.o(.data)
    MQTT_STATE                               0x200002c4   Data           4  tcp_demo.o(.data)
    topics                                   0x200002c8   Data           4  tcp_demo.o(.data)
    topics1                                  0x200002cc   Data           4  tcp_demo.o(.data)
    BD_TG_ping_pak                           0x200002d0   Data           2  tcp_demo.o(.data)
    data_ptr                                 0x200002d4   Data           4  tcp_demo.o(.data)
    ASII_hex                                 0x200002d8   Data           1  tcp_demo.o(.data)
    __stdout                                 0x200002dc   Data           4  stdout.o(.data)
    __microlib_freelist                      0x200002e0   Data           4  mvars.o(.data)
    __microlib_freelist_initialised          0x200002e4   Data           4  mvars.o(.data)
    usart_buf                                0x200002ec   Data          64  usart2.o(.bss)
    t2_count_ms                              0x2000032c   Data          84  tim2.o(.bss)
    USART3_RX_BUF                            0x20000380   Data         200  usart3.o(.bss)
    usart_buf3                               0x20000448   Data         104  usart3.o(.bss)
    USART1_RX_BUF                            0x200004b0   Data         200  usart1.o(.bss)
    usart_buf1                               0x20000578   Data         104  usart1.o(.bss)
    RxBuffer2                                0x200005e0   Data         200  loop.o(.bss)
    CpuID                                    0x200006a8   Data          12  loop.o(.bss)
    adxl_val                                 0x200006b4   Data          12  loop.o(.bss)
    mqttPacket                               0x200006c0   Data          16  loop.o(.bss)
    txBuffer                                 0x200006d0   Data          40  loop.o(.bss)
    ConfigMsg                                0x20000718   Data          34  w5500_config.o(.bss)
    RecvMsg                                  0x2000073a   Data          34  w5500_config.o(.bss)
    EEPROM_MSG                               0x2000075c   Data          18  w5500_config.o(.bss)
    DHCP_GET                                 0x2000076e   Data          22  dhcp.o(.bss)
    EXTERN_DHCPBUF                           0x20000784   Data        1024  dhcp.o(.bss)
    DEVID_TEST                               0x20000b84   Data          50  bd_tg.o(.bss)
    w5500_buf                                0x20000bb6   Data         128  bd_tg.o(.bss)
    publish_buf                              0x20000c36   Data          64  bd_tg.o(.bss)
    buff                                     0x20000c88   Data        2048  tcp_demo.o(.bss)
    test                                     0x20001488   Data         300  tcp_demo.o(.bss)
    __heap_base                              0x200015b8   Data           0  startup_stm32f10x_hd.o(HEAP)
    __heap_limit                             0x200017b8   Data           0  startup_stm32f10x_hd.o(HEAP)
    __initial_sp                             0x20001bb8   Data           0  startup_stm32f10x_hd.o(STACK)



==============================================================================

Memory Map of the image

  Image Entry point : 0x08000131

  Load Region LR_IROM1 (Base: 0x08000000, Size: 0x00008918, Max: 0x00040000, ABSOLUTE, COMPRESSED[0x000086c0])

    Execution Region ER_IROM1 (Base: 0x08000000, Size: 0x0000862c, Max: 0x00040000, ABSOLUTE)

    Base Addr    Size         Type   Attr      Idx    E Section Name        Object

    0x08000000   0x00000130   Data   RO            3    RESET               startup_stm32f10x_hd.o
    0x08000130   0x00000000   Code   RO         4833  * .ARM.Collect$$$$00000000  mc_w.l(entry.o)
    0x08000130   0x00000004   Code   RO         5171    .ARM.Collect$$$$00000001  mc_w.l(entry2.o)
    0x08000134   0x00000004   Code   RO         5174    .ARM.Collect$$$$00000004  mc_w.l(entry5.o)
    0x08000138   0x00000000   Code   RO         5176    .ARM.Collect$$$$00000008  mc_w.l(entry7b.o)
    0x08000138   0x00000000   Code   RO         5178    .ARM.Collect$$$$0000000A  mc_w.l(entry8b.o)
    0x08000138   0x00000008   Code   RO         5179    .ARM.Collect$$$$0000000B  mc_w.l(entry9a.o)
    0x08000140   0x00000000   Code   RO         5181    .ARM.Collect$$$$0000000D  mc_w.l(entry10a.o)
    0x08000140   0x00000000   Code   RO         5183    .ARM.Collect$$$$0000000F  mc_w.l(entry11a.o)
    0x08000140   0x00000004   Code   RO         5172    .ARM.Collect$$$$00002712  mc_w.l(entry2.o)
    0x08000144   0x00000024   Code   RO            4    .text               startup_stm32f10x_hd.o
    0x08000168   0x00000024   Code   RO         4836    .text               mc_w.l(memcpya.o)
    0x0800018c   0x00000024   Code   RO         4838    .text               mc_w.l(memseta.o)
    0x080001b0   0x00000024   Code   RO         4840    .text               mc_w.l(strstr.o)
    0x080001d4   0x00000014   Code   RO         4844    .text               mc_w.l(strchr.o)
    0x080001e8   0x0000000e   Code   RO         4846    .text               mc_w.l(strlen.o)
    0x080001f6   0x0000001a   Code   RO         4848    .text               mc_w.l(memcmp.o)
    0x08000210   0x00000028   Code   RO         4850    .text               mc_w.l(strncat.o)
    0x08000238   0x00000012   Code   RO         4852    .text               mc_w.l(strcpy.o)
    0x0800024a   0x0000001a   Code   RO         5151    .text               mc_w.l(atoi.o)
    0x08000264   0x000000e4   Code   RO         5153    .text               mf_w.l(dmul.o)
    0x08000348   0x0000000a   Code   RO         5155    .text               mf_w.l(ffltui.o)
    0x08000352   0x00000022   Code   RO         5157    .text               mf_w.l(dflti.o)
    0x08000374   0x00000032   Code   RO         5159    .text               mf_w.l(ffixi.o)
    0x080003a6   0x00000028   Code   RO         5161    .text               mf_w.l(ffixui.o)
    0x080003ce   0x00000026   Code   RO         5163    .text               mf_w.l(f2d.o)
    0x080003f4   0x00000038   Code   RO         5165    .text               mf_w.l(d2f.o)
    0x0800042c   0x00000014   Code   RO         5167    .text               mf_w.l(cfcmple.o)
    0x08000440   0x00000014   Code   RO         5169    .text               mf_w.l(cfrcmple.o)
    0x08000454   0x0000002c   Code   RO         5186    .text               mc_w.l(uidiv.o)
    0x08000480   0x00000062   Code   RO         5188    .text               mc_w.l(uldiv.o)
    0x080004e2   0x00000070   Code   RO         5199    .text               mc_w.l(strtol.o)
    0x08000552   0x00000000   Code   RO         5201    .text               mc_w.l(iusefp.o)
    0x08000552   0x0000006e   Code   RO         5202    .text               mf_w.l(fepilogue.o)
    0x080005c0   0x000000ba   Code   RO         5204    .text               mf_w.l(depilogue.o)
    0x0800067a   0x0000014e   Code   RO         5206    .text               mf_w.l(dadd.o)
    0x080007c8   0x000000de   Code   RO         5208    .text               mf_w.l(ddiv.o)
    0x080008a6   0x00000030   Code   RO         5210    .text               mf_w.l(dfixul.o)
    0x080008d6   0x00000002   PAD
    0x080008d8   0x00000030   Code   RO         5212    .text               mf_w.l(cdrcmple.o)
    0x08000908   0x00000024   Code   RO         5214    .text               mc_w.l(init.o)
    0x0800092c   0x0000001e   Code   RO         5216    .text               mc_w.l(llshl.o)
    0x0800094a   0x00000020   Code   RO         5218    .text               mc_w.l(llushr.o)
    0x0800096a   0x00000024   Code   RO         5220    .text               mc_w.l(llsshr.o)
    0x0800098e   0x00000002   PAD
    0x08000990   0x00000008   Code   RO         5222    .text               mc_w.l(ctype_o.o)
    0x08000998   0x0000009e   Code   RO         5250    .text               mc_w.l(_strtoul.o)
    0x08000a36   0x0000001c   Code   RO         5252    .text               mc_w.l(_chval.o)
    0x08000a52   0x00000056   Code   RO         5262    .text               mc_w.l(__dczerorl2.o)
    0x08000aa8   0x00000030   Code   RO          672    i.ADC1_GPIO_Config  adc.o
    0x08000ad8   0x0000000c   Code   RO          673    i.ADC1_Init         adc.o
    0x08000ae4   0x000000e0   Code   RO          674    i.ADC1_Mode_Config  adc.o
    0x08000bc4   0x00000016   Code   RO          909    i.ADC_Cmd           stm32f10x_adc.o
    0x08000bda   0x00000016   Code   RO          910    i.ADC_DMACmd        stm32f10x_adc.o
    0x08000bf0   0x00000014   Code   RO          917    i.ADC_GetCalibrationStatus  stm32f10x_adc.o
    0x08000c04   0x00000014   Code   RO          923    i.ADC_GetResetCalibrationStatus  stm32f10x_adc.o
    0x08000c18   0x00000050   Code   RO          927    i.ADC_Init          stm32f10x_adc.o
    0x08000c68   0x000000b8   Code   RO          931    i.ADC_RegularChannelConfig  stm32f10x_adc.o
    0x08000d20   0x0000000a   Code   RO          932    i.ADC_ResetCalibration  stm32f10x_adc.o
    0x08000d2a   0x00000016   Code   RO          934    i.ADC_SoftwareStartConvCmd  stm32f10x_adc.o
    0x08000d40   0x0000000a   Code   RO          936    i.ADC_StartCalibration  stm32f10x_adc.o
    0x08000d4a   0x00000002   PAD
    0x08000d4c   0x000000f4   Code   RO          633    i.ADXL345_ReadXYZ   adxl345.o
    0x08000e40   0x000000a0   Code   RO          634    i.ADXL345_init      adxl345.o
    0x08000ee0   0x00000054   Code   RO          635    i.ADXL345_read_byte  adxl345.o
    0x08000f34   0x0000004c   Code   RO          636    i.ADXL345_write_byte  adxl345.o
    0x08000f80   0x0000025c   Code   RO         4715    i.BD_TG_DevLink     bd_tg.o
    0x080011dc   0x00000058   Code   RO         4716    i.BD_TG_Publish     bd_tg.o
    0x08001234   0x000003c0   Code   RO         4717    i.BD_TG_RevPro      bd_tg.o
    0x080015f4   0x00000110   Code   RO         4718    i.BD_TG_Subscribe   bd_tg.o
    0x08001704   0x00000004   Code   RO          126    i.BusFault_Handler  stm32f10x_it.o
    0x08001708   0x00000098   Code   RO         4195    i.DHT11_GetValue    dht11.o
    0x080017a0   0x00000058   Code   RO         4196    i.DHT11_ReadData    dht11.o
    0x080017f8   0x00000018   Code   RO         1594    i.DMA_Cmd           stm32f10x_dma.o
    0x08001810   0x0000014c   Code   RO         1595    i.DMA_DeInit        stm32f10x_dma.o
    0x0800195c   0x0000003c   Code   RO         1600    i.DMA_Init          stm32f10x_dma.o
    0x08001998   0x00000002   Code   RO          127    i.DebugMon_Handler  stm32f10x_it.o
    0x0800199a   0x00000002   PAD
    0x0800199c   0x00000034   Code   RO          128    i.EXTI0_IRQHandler  stm32f10x_it.o
    0x080019d0   0x00000034   Code   RO          129    i.EXTI1_IRQHandler  stm32f10x_it.o
    0x08001a04   0x0000000c   Code   RO         1665    i.EXTI_ClearITPendingBit  stm32f10x_exti.o
    0x08001a10   0x0000000c   Code   RO          713    i.EXTI_ENABLE       exti.o
    0x08001a1c   0x00000028   Code   RO         1669    i.EXTI_GetITStatus  stm32f10x_exti.o
    0x08001a44   0x00000094   Code   RO         1670    i.EXTI_Init         stm32f10x_exti.o
    0x08001ad8   0x00000070   Code   RO          714    i.EXTI_PA0_Config   exti.o
    0x08001b48   0x00000070   Code   RO          715    i.EXTI_PA1_Config   exti.o
    0x08001bb8   0x000001ec   Code   RO          453    i.GPIO_Configuration  gpio.o
    0x08001da4   0x00000040   Code   RO         2015    i.GPIO_EXTILineConfig  stm32f10x_gpio.o
    0x08001de4   0x00000116   Code   RO         2018    i.GPIO_Init         stm32f10x_gpio.o
    0x08001efa   0x00000002   PAD
    0x08001efc   0x00000090   Code   RO         2020    i.GPIO_PinRemapConfig  stm32f10x_gpio.o
    0x08001f8c   0x00000012   Code   RO         2022    i.GPIO_ReadInputDataBit  stm32f10x_gpio.o
    0x08001f9e   0x00000004   Code   RO         2025    i.GPIO_ResetBits    stm32f10x_gpio.o
    0x08001fa2   0x00000004   Code   RO         2026    i.GPIO_SetBits      stm32f10x_gpio.o
    0x08001fa6   0x00000010   Code   RO         2027    i.GPIO_StructInit   stm32f10x_gpio.o
    0x08001fb6   0x00000002   PAD
    0x08001fb8   0x0000005c   Code   RO          740    i.GetLockCode       loop.o
    0x08002014   0x00000004   Code   RO          130    i.HardFault_Handler  stm32f10x_it.o
    0x08002018   0x0000000a   Code   RO         3834    i.IINCHIP_CSoff     w5500.o
    0x08002022   0x0000000a   Code   RO         3835    i.IINCHIP_CSon      w5500.o
    0x0800202c   0x00000032   Code   RO         3836    i.IINCHIP_READ      w5500.o
    0x0800205e   0x0000000c   Code   RO         3837    i.IINCHIP_SpiSendData  w5500.o
    0x0800206a   0x00000032   Code   RO         3838    i.IINCHIP_WRITE     w5500.o
    0x0800209c   0x00000010   Code   RO         2330    i.IWDG_Enable       stm32f10x_iwdg.o
    0x080020ac   0x00000008   Code   RO          254    i.IWDG_Feed         iwdg.o
    0x080020b4   0x00000024   Code   RO          255    i.IWDG_Init         iwdg.o
    0x080020d8   0x00000010   Code   RO         2332    i.IWDG_ReloadCounter  stm32f10x_iwdg.o
    0x080020e8   0x0000000c   Code   RO         2333    i.IWDG_SetPrescaler  stm32f10x_iwdg.o
    0x080020f4   0x0000000c   Code   RO         2334    i.IWDG_SetReload    stm32f10x_iwdg.o
    0x08002100   0x0000000c   Code   RO         2335    i.IWDG_WriteAccessCmd  stm32f10x_iwdg.o
    0x0800210c   0x000000b0   Code   RO          741    i.Initialization_configuration  loop.o
    0x080021bc   0x0000001c   Code   RO         4515    i.MQTT_DeleteBuffer  mqttkit.o
    0x080021d8   0x0000002e   Code   RO         4516    i.MQTT_DumpLength   mqttkit.o
    0x08002206   0x00000058   Code   RO         4517    i.MQTT_NewBuffer    mqttkit.o
    0x0800225e   0x00000002   PAD
    0x08002260   0x0000008c   Code   RO         4518    i.MQTT_PacketCmdResp  mqttkit.o
    0x080022ec   0x0000029c   Code   RO         4519    i.MQTT_PacketConnect  mqttkit.o
    0x08002588   0x00000136   Code   RO         4522    i.MQTT_PacketPublish  mqttkit.o
    0x080026be   0x00000048   Code   RO         4523    i.MQTT_PacketPublishAck  mqttkit.o
    0x08002706   0x00000048   Code   RO         4524    i.MQTT_PacketPublishComp  mqttkit.o
    0x0800274e   0x00000048   Code   RO         4525    i.MQTT_PacketPublishRec  mqttkit.o
    0x08002796   0x00000048   Code   RO         4526    i.MQTT_PacketPublishRel  mqttkit.o
    0x080027de   0x000000fc   Code   RO         4528    i.MQTT_PacketSubscribe  mqttkit.o
    0x080028da   0x000000ec   Code   RO         4529    i.MQTT_PacketUnSubscribe  mqttkit.o
    0x080029c6   0x00000046   Code   RO         4530    i.MQTT_ReadLength   mqttkit.o
    0x08002a0c   0x0000008a   Code   RO         4531    i.MQTT_UnPacketCmd  mqttkit.o
    0x08002a96   0x0000001e   Code   RO         4532    i.MQTT_UnPacketConnectAck  mqttkit.o
    0x08002ab4   0x00000190   Code   RO         4533    i.MQTT_UnPacketPublish  mqttkit.o
    0x08002c44   0x0000001e   Code   RO         4534    i.MQTT_UnPacketPublishAck  mqttkit.o
    0x08002c62   0x0000001e   Code   RO         4535    i.MQTT_UnPacketPublishComp  mqttkit.o
    0x08002c80   0x0000001e   Code   RO         4536    i.MQTT_UnPacketPublishRec  mqttkit.o
    0x08002c9e   0x00000024   Code   RO         4537    i.MQTT_UnPacketPublishRel  mqttkit.o
    0x08002cc2   0x00000002   PAD
    0x08002cc4   0x00000074   Code   RO         4538    i.MQTT_UnPacketRecv  mqttkit.o
    0x08002d38   0x00000034   Code   RO         4539    i.MQTT_UnPacketSubscribe  mqttkit.o
    0x08002d6c   0x00000012   Code   RO         4540    i.MQTT_UnPacketUnSubscribe  mqttkit.o
    0x08002d7e   0x00000002   PAD
    0x08002d80   0x0000006c   Code   RO         4719    i.MQTT_UnSubscribe  bd_tg.o
    0x08002dec   0x00000004   Code   RO          131    i.MemManage_Handler  stm32f10x_it.o
    0x08002df0   0x00000002   Code   RO          132    i.NMI_Handler       stm32f10x_it.o
    0x08002df2   0x00000002   PAD
    0x08002df4   0x00000070   Code   RO          867    i.NVIC_Init         misc.o
    0x08002e64   0x00000014   Code   RO          868    i.NVIC_PriorityGroupConfig  misc.o
    0x08002e78   0x00000002   Code   RO          133    i.PendSV_Handler    stm32f10x_it.o
    0x08002e7a   0x00000002   PAD
    0x08002e7c   0x00000050   Code   RO          742    i.Power_check       loop.o
    0x08002ecc   0x00000018   Code   RO         2432    i.RCC_ADCCLKConfig  stm32f10x_rcc.o
    0x08002ee4   0x00000020   Code   RO         2433    i.RCC_AHBPeriphClockCmd  stm32f10x_rcc.o
    0x08002f04   0x00000020   Code   RO         2434    i.RCC_APB1PeriphClockCmd  stm32f10x_rcc.o
    0x08002f24   0x00000020   Code   RO         2435    i.RCC_APB1PeriphResetCmd  stm32f10x_rcc.o
    0x08002f44   0x00000020   Code   RO         2436    i.RCC_APB2PeriphClockCmd  stm32f10x_rcc.o
    0x08002f64   0x00000020   Code   RO         2437    i.RCC_APB2PeriphResetCmd  stm32f10x_rcc.o
    0x08002f84   0x000000d4   Code   RO         2444    i.RCC_GetClocksFreq  stm32f10x_rcc.o
    0x08003058   0x00000028   Code   RO          401    i.Reset_W5500       spi2.o
    0x08003080   0x00000038   Code   RO          402    i.SPI2_SendByte     spi2.o
    0x080030b8   0x00000018   Code   RO         2913    i.SPI_Cmd           stm32f10x_spi.o
    0x080030d0   0x00000012   Code   RO         2921    i.SPI_I2S_GetFlagStatus  stm32f10x_spi.o
    0x080030e2   0x00000006   Code   RO         2924    i.SPI_I2S_ReceiveData  stm32f10x_spi.o
    0x080030e8   0x00000004   Code   RO         2925    i.SPI_I2S_SendData  stm32f10x_spi.o
    0x080030ec   0x0000003c   Code   RO         2926    i.SPI_Init          stm32f10x_spi.o
    0x08003128   0x000000b4   Code   RO          637    i.SPI_init          adxl345.o
    0x080031dc   0x00000002   Code   RO          134    i.SVC_Handler       stm32f10x_it.o
    0x080031de   0x00000008   Code   RO          833    i.SetSysClock       system_stm32f10x.o
    0x080031e6   0x00000002   PAD
    0x080031e8   0x000000e0   Code   RO          834    i.SetSysClockTo72   system_stm32f10x.o
    0x080032c8   0x00000030   Code   RO          743    i.SoftReset         loop.o
    0x080032f8   0x00000002   Code   RO          135    i.SysTick_Handler   stm32f10x_it.o
    0x080032fa   0x00000002   PAD
    0x080032fc   0x00000060   Code   RO          836    i.SystemInit        system_stm32f10x.o
    0x0800335c   0x00000040   Code   RO          375    i.Systick_Init      delay.o
    0x0800339c   0x00000052   Code   RO          339    i.TIM2_Configuration  tim2.o
    0x080033ee   0x00000002   PAD
    0x080033f0   0x00000034   Code   RO          136    i.TIM2_IRQHandler   stm32f10x_it.o
    0x08003424   0x0000002a   Code   RO          340    i.TIM2_NVIC_Configuration  tim2.o
    0x0800344e   0x00000002   PAD
    0x08003450   0x00000054   Code   RO          341    i.TIM3_Configuration  tim2.o
    0x080034a4   0x00000054   Code   RO          137    i.TIM3_IRQHandler   stm32f10x_it.o
    0x080034f8   0x0000002a   Code   RO          342    i.TIM3_NVIC_Configuration  tim2.o
    0x08003522   0x00000006   Code   RO         3062    i.TIM_ClearFlag     stm32f10x_tim.o
    0x08003528   0x00000006   Code   RO         3063    i.TIM_ClearITPendingBit  stm32f10x_tim.o
    0x0800352e   0x00000018   Code   RO         3068    i.TIM_Cmd           stm32f10x_tim.o
    0x08003546   0x00000002   PAD
    0x08003548   0x000001e8   Code   RO         3073    i.TIM_DeInit        stm32f10x_tim.o
    0x08003730   0x00000022   Code   RO         3089    i.TIM_GetITStatus   stm32f10x_tim.o
    0x08003752   0x00000012   Code   RO         3093    i.TIM_ITConfig      stm32f10x_tim.o
    0x08003764   0x000000a4   Code   RO         3139    i.TIM_TimeBaseInit  stm32f10x_tim.o
    0x08003808   0x0000008c   Code   RO          511    i.USART1_Config     usart1.o
    0x08003894   0x000000dc   Code   RO          512    i.USART1_IRQHandler  usart1.o
    0x08003970   0x0000002a   Code   RO          513    i.USART1_NVIC_Configuration  usart1.o
    0x0800399a   0x00000002   PAD
    0x0800399c   0x00000090   Code   RO          275    i.USART2_Config     usart2.o
    0x08003a2c   0x000001e4   Code   RO          276    i.USART2_IRQHandler  usart2.o
    0x08003c10   0x0000002a   Code   RO          277    i.USART2_NVIC_Configuration  usart2.o
    0x08003c3a   0x00000002   PAD
    0x08003c3c   0x00000094   Code   RO          465    i.USART3_Config     usart3.o
    0x08003cd0   0x000000dc   Code   RO          466    i.USART3_IRQHandler  usart3.o
    0x08003dac   0x00000028   Code   RO          467    i.USART3_NVIC_Configuration  usart3.o
    0x08003dd4   0x00000012   Code   RO         3600    i.USART_ClearFlag   stm32f10x_usart.o
    0x08003de6   0x00000018   Code   RO         3604    i.USART_Cmd         stm32f10x_usart.o
    0x08003dfe   0x0000001a   Code   RO         3607    i.USART_GetFlagStatus  stm32f10x_usart.o
    0x08003e18   0x00000054   Code   RO         3608    i.USART_GetITStatus  stm32f10x_usart.o
    0x08003e6c   0x0000004a   Code   RO         3610    i.USART_ITConfig    stm32f10x_usart.o
    0x08003eb6   0x00000002   PAD
    0x08003eb8   0x000000d8   Code   RO         3611    i.USART_Init        stm32f10x_usart.o
    0x08003f90   0x0000000a   Code   RO         3618    i.USART_ReceiveData  stm32f10x_usart.o
    0x08003f9a   0x00000008   Code   RO         3621    i.USART_SendData    stm32f10x_usart.o
    0x08003fa2   0x00000010   Code   RO          744    i.USART_SendDatacmd  loop.o
    0x08003fb2   0x00000004   Code   RO          138    i.UsageFault_Handler  stm32f10x_it.o
    0x08003fb6   0x00000002   PAD
    0x08003fb8   0x00000024   Code   RO          403    i.WIZ_CS            spi2.o
    0x08003fdc   0x000000a8   Code   RO          404    i.WIZ_SPI_Init      spi2.o
    0x08004084   0x00000020   Code   RO         5095    i.__0printf         mc_w.l(printfa.o)
    0x080040a4   0x00000028   Code   RO         5097    i.__0sprintf        mc_w.l(printfa.o)
    0x080040cc   0x00000008   Code   RO         5192    i.__aeabi_errno_addr  mc_w.l(errno.o)
    0x080040d4   0x0000000e   Code   RO         5256    i.__scatterload_copy  mc_w.l(handlers.o)
    0x080040e2   0x00000002   Code   RO         5257    i.__scatterload_null  mc_w.l(handlers.o)
    0x080040e4   0x0000000e   Code   RO         5258    i.__scatterload_zeroinit  mc_w.l(handlers.o)
    0x080040f2   0x00000002   PAD
    0x080040f4   0x00000164   Code   RO         5102    i._fp_digits        mc_w.l(printfa.o)
    0x08004258   0x000006dc   Code   RO         5103    i._printf_core      mc_w.l(printfa.o)
    0x08004934   0x00000024   Code   RO         5104    i._printf_post_padding  mc_w.l(printfa.o)
    0x08004958   0x0000002e   Code   RO         5105    i._printf_pre_padding  mc_w.l(printfa.o)
    0x08004986   0x0000000a   Code   RO         5107    i._sputc            mc_w.l(printfa.o)
    0x08004990   0x000013a0   Code   RO          745    i.application       loop.o
    0x08005d30   0x0000003c   Code   RO          554    i.at24c16_init      24c16.o
    0x08005d6c   0x00000046   Code   RO          555    i.at24c16_read      24c16.o
    0x08005db2   0x00000002   PAD
    0x08005db4   0x00000030   Code   RO          556    i.at24c16_start     24c16.o
    0x08005de4   0x00000028   Code   RO          557    i.at24c16_stop      24c16.o
    0x08005e0c   0x00000050   Code   RO          558    i.at24c16_write     24c16.o
    0x08005e5c   0x000000bc   Code   RO         4218    i.auto_dhcp         dhcp.o
    0x08005f18   0x00000084   Code   RO         4219    i.check_DHCP_Timeout  dhcp.o
    0x08005f9c   0x00000168   Code   RO         4220    i.check_DHCP_state  dhcp.o
    0x08006104   0x00000040   Code   RO         4221    i.check_leasedIP    dhcp.o
    0x08006144   0x0000003c   Code   RO          559    i.clock             24c16.o
    0x08006180   0x00000034   Code   RO         4080    i.close             socket.o
    0x080061b4   0x000000f8   Code   RO         4081    i.connect           socket.o
    0x080062ac   0x0000003c   Code   RO          376    i.delay_ms          delay.o
    0x080062e8   0x0000003c   Code   RO          377    i.delay_us          delay.o
    0x08006324   0x000000e8   Code   RO         4153    i.dhcp_config_w5500  w5500_config.o
    0x0800640c   0x00000304   Code   RO         4772    i.do_tcp_client     tcp_demo.o
    0x08006710   0x0000001e   Code   RO          561    i.erase_eeprom      24c16.o
    0x0800672e   0x00000002   PAD
    0x08006730   0x00000024   Code   RO          279    i.fputc             usart2.o
    0x08006754   0x00000050   Code   RO         5123    i.free              mc_w.l(malloc.o)
    0x080067a4   0x00000010   Code   RO         3840    i.getGAR            w5500.o
    0x080067b4   0x00000010   Code   RO         3843    i.getIINCHIP_TxMAX  w5500.o
    0x080067c4   0x0000000c   Code   RO         3846    i.getPHYStatus      w5500.o
    0x080067d0   0x00000012   Code   RO         3848    i.getSIPR           w5500.o
    0x080067e2   0x00000012   Code   RO         3849    i.getSUBR           w5500.o
    0x080067f4   0x00000012   Code   RO         3850    i.getSn_IR          w5500.o
    0x08006806   0x00000054   Code   RO         3851    i.getSn_RX_RSR      w5500.o
    0x0800685a   0x00000012   Code   RO         3852    i.getSn_SR          w5500.o
    0x0800686c   0x00000054   Code   RO         3853    i.getSn_TX_FSR      w5500.o
    0x080068c0   0x0000000c   Code   RO         4308    i.htonl             ult.o
    0x080068cc   0x0000000c   Code   RO         4309    i.htons             ult.o
    0x080068d8   0x00000012   Code   RO           10    i.main              main.o
    0x080068ea   0x00000002   PAD
    0x080068ec   0x0000006c   Code   RO         5124    i.malloc            mc_w.l(malloc.o)
    0x08006958   0x0000000c   Code   RO         4315    i.ntohl             ult.o
    0x08006964   0x00000170   Code   RO         4223    i.parseDHCPMSG      dhcp.o
    0x08006ad4   0x00000068   Code   RO          562    i.read_1byte        24c16.o
    0x08006b3c   0x000000c8   Code   RO          746    i.read_config       loop.o
    0x08006c04   0x00000042   Code   RO         4084    i.recv              socket.o
    0x08006c46   0x00000002   PAD
    0x08006c48   0x00000094   Code   RO         3856    i.recv_data_processing  w5500.o
    0x08006cdc   0x00000200   Code   RO         4085    i.recvfrom          socket.o
    0x08006edc   0x0000002c   Code   RO         4224    i.reset_DHCP_time   dhcp.o
    0x08006f08   0x00000104   Code   RO         4086    i.send              socket.o
    0x0800700c   0x000002d4   Code   RO         4225    i.send_DHCP_DISCOVER  dhcp.o
    0x080072e0   0x0000029c   Code   RO         4226    i.send_DHCP_RELEASE_DECLINE  dhcp.o
    0x0800757c   0x000003f0   Code   RO         4227    i.send_DHCP_REQUEST  dhcp.o
    0x0800796c   0x0000006c   Code   RO         3857    i.send_data_processing  w5500.o
    0x080079d8   0x0000010c   Code   RO         4088    i.sendto            socket.o
    0x08007ae4   0x00000010   Code   RO         3858    i.setGAR            w5500.o
    0x08007af4   0x00000016   Code   RO         4774    i.setKPALVTR        tcp_demo.o
    0x08007b0a   0x00000012   Code   RO         3862    i.setSHAR           w5500.o
    0x08007b1c   0x00000012   Code   RO         3863    i.setSIPR           w5500.o
    0x08007b2e   0x00000012   Code   RO         3864    i.setSUBR           w5500.o
    0x08007b40   0x00000016   Code   RO         3865    i.setSn_IR          w5500.o
    0x08007b56   0x00000002   PAD
    0x08007b58   0x000000ec   Code   RO         4775    i.set_object_ip     tcp_demo.o
    0x08007c44   0x000002a4   Code   RO         4155    i.set_w5500_ip      w5500_config.o
    0x08007ee8   0x00000178   Code   RO         4156    i.set_w5500_mac     w5500_config.o
    0x08008060   0x000000c4   Code   RO         4089    i.socket            socket.o
    0x08008124   0x0000001c   Code   RO         4318    i.swapl             ult.o
    0x08008140   0x0000000e   Code   RO         4319    i.swaps             ult.o
    0x0800814e   0x00000002   PAD
    0x08008150   0x00000138   Code   RO         3869    i.sysinit           w5500.o
    0x08008288   0x00000090   Code   RO         3870    i.w5500_check       w5500.o
    0x08008318   0x00000068   Code   RO         3871    i.wiz_read_buf      w5500.o
    0x08008380   0x00000068   Code   RO         3872    i.wiz_write_buf     w5500.o
    0x080083e8   0x00000074   Code   RO          563    i.write_1byte       24c16.o
    0x0800845c   0x00000081   Data   RO         5223    .constdata          mc_w.l(ctype_o.o)
    0x080084dd   0x00000003   PAD
    0x080084e0   0x00000004   Data   RO         5224    .constdata          mc_w.l(ctype_o.o)
    0x080084e4   0x00000041   Data   RO         4158    .conststring        w5500_config.o
    0x08008525   0x00000003   PAD
    0x08008528   0x00000005   Data   RO         4229    .conststring        dhcp.o
    0x0800852d   0x00000003   PAD
    0x08008530   0x000000dc   Data   RO         4777    .conststring        tcp_demo.o
    0x0800860c   0x00000020   Data   RO         5254    Region$$Table       anon$$obj.o


    Execution Region RW_IRAM1 (Base: 0x20000000, Size: 0x00001bb8, Max: 0x0000c000, ABSOLUTE, COMPRESSED[0x00000094])

    Base Addr    Size         Type   Attr      Idx    E Section Name        Object

    0x20000000   0x0000001d   Data   RW          140    .data               stm32f10x_it.o
    0x2000001d   0x00000006   Data   RW          282    .data               usart2.o
    0x20000023   0x00000001   PAD
    0x20000024   0x00000004   Data   RW          378    .data               delay.o
    0x20000028   0x00000008   Data   RW          471    .data               usart3.o
    0x20000030   0x00000008   Data   RW          517    .data               usart1.o
    0x20000038   0x00000006   Data   RW          678    .data               adc.o
    0x2000003e   0x00000002   PAD
    0x20000040   0x000000b4   Data   RW          748    .data               loop.o
    0x200000f4   0x00000014   Data   RW         2464    .data               stm32f10x_rcc.o
    0x20000108   0x00000002   Data   RW         4090    .data               socket.o
    0x2000010a   0x00000002   PAD
    0x2000010c   0x00000039   Data   RW         4159    .data               w5500_config.o
    0x20000145   0x00000003   PAD
    0x20000148   0x00000044   Data   RW         4230    .data               dhcp.o
    0x2000018c   0x0000012e   Data   RW         4721    .data               bd_tg.o
    0x200002ba   0x00000002   PAD
    0x200002bc   0x0000001d   Data   RW         4778    .data               tcp_demo.o
    0x200002d9   0x00000003   PAD
    0x200002dc   0x00000004   Data   RW         5185    .data               mc_w.l(stdout.o)
    0x200002e0   0x00000004   Data   RW         5190    .data               mc_w.l(mvars.o)
    0x200002e4   0x00000004   Data   RW         5191    .data               mc_w.l(mvars.o)
    0x200002e8   0x00000004   Data   RW         5195    .data               mc_w.l(errno.o)
    0x200002ec   0x00000040   Zero   RW          281    .bss                usart2.o
    0x2000032c   0x00000054   Zero   RW          343    .bss                tim2.o
    0x20000380   0x00000130   Zero   RW          470    .bss                usart3.o
    0x200004b0   0x00000130   Zero   RW          516    .bss                usart1.o
    0x200005e0   0x00000118   Zero   RW          747    .bss                loop.o
    0x200006f8   0x00000020   Zero   RW         3873    .bss                w5500.o
    0x20000718   0x00000056   Zero   RW         4157    .bss                w5500_config.o
    0x2000076e   0x00000416   Zero   RW         4228    .bss                dhcp.o
    0x20000b84   0x00000104   Zero   RW         4720    .bss                bd_tg.o
    0x20000c88   0x0000092c   Zero   RW         4776    .bss                tcp_demo.o
    0x200015b4   0x00000004   PAD
    0x200015b8   0x00000200   Zero   RW            2    HEAP                startup_stm32f10x_hd.o
    0x200017b8   0x00000400   Zero   RW            1    STACK               startup_stm32f10x_hd.o


==============================================================================

Image component sizes


      Code (inc. data)   RO Data    RW Data    ZI Data      Debug   Object Name

       608         28          0          0          0       5639   24c16.o
       284         20          0          6          0       2197   adc.o
       744         36          0          0          0       2845   adxl345.o
      2032        934          0        302        260       6503   bd_tg.o
       184         16          0          4          0       1605   delay.o
      3556        356          5         68       1046      10374   dhcp.o
       240         10          0          0          0       1650   dht11.o
       236         12          0          0          0       1590   exti.o
       492         18          0          0          0        773   gpio.o
        44          0          0          0          0        928   iwdg.o
      5636        934          0        180        280      28287   loop.o
        18          0          0          0          0     282375   main.o
       132         22          0          0          0       1475   misc.o
      3006         34          0          0          0      20210   mqttkit.o
      1602         66          0          2          0       5632   socket.o
       300         24          0          0          0       2982   spi2.o
        36          8        304          0       1536        844   startup_stm32f10x_hd.o
       390         10          0          0          0       7145   stm32f10x_adc.o
       416          8          0          0          0       3334   stm32f10x_dma.o
       200         18          0          0          0       2016   stm32f10x_exti.o
       528         10          0          0          0       5442   stm32f10x_gpio.o
       266         46          0         29          0       7932   stm32f10x_it.o
        68         30          0          0          0       2382   stm32f10x_iwdg.o
       396         56          0         20          0       6491   stm32f10x_rcc.o
       112          0          0          0          0       3686   stm32f10x_spi.o
       740        106          0          0          0       4695   stm32f10x_tim.o
       460          6          0          0          0       6487   stm32f10x_usart.o
       328         28          0          0          0       1889   system_stm32f10x.o
      1030        278        220         29       2348       3461   tcp_demo.o
       250          6          0          0         84       2528   tim2.o
        78          0          0          0          0     209532   ult.o
       402         36          0          8        304       2626   usart1.o
       706         56          0          6         64       3296   usart2.o
       408         38          0          8        304       2739   usart3.o
      1428        140          0          0         32      13798   w5500.o
      1284        548         65         57         86       3754   w5500_config.o

    ----------------------------------------------------------------------
     28688       3938        632        732       6348     669142   Object Totals
         0          0         32          0          0          0   (incl. Generated)
        48          0          6         13          4          0   (incl. Padding)

    ----------------------------------------------------------------------

      Code (inc. data)   RO Data    RW Data    ZI Data      Debug   Library Member Name

        86          0          0          0          0          0   __dczerorl2.o
        28          0          0          0          0         68   _chval.o
       158          0          0          0          0         92   _strtoul.o
        26          0          0          0          0         80   atoi.o
         8          4        133          0          0         68   ctype_o.o
         0          0          0          0          0          0   entry.o
         0          0          0          0          0          0   entry10a.o
         0          0          0          0          0          0   entry11a.o
         8          4          0          0          0          0   entry2.o
         4          0          0          0          0          0   entry5.o
         0          0          0          0          0          0   entry7b.o
         0          0          0          0          0          0   entry8b.o
         8          4          0          0          0          0   entry9a.o
         8          4          0          4          0         68   errno.o
        30          0          0          0          0          0   handlers.o
        36          8          0          0          0         68   init.o
         0          0          0          0          0          0   iusefp.o
        30          0          0          0          0         68   llshl.o
        36          0          0          0          0         68   llsshr.o
        32          0          0          0          0         68   llushr.o
       188         20          0          0          0        160   malloc.o
        26          0          0          0          0         80   memcmp.o
        36          0          0          0          0         68   memcpya.o
        36          0          0          0          0        108   memseta.o
         0          0          0          8          0          0   mvars.o
      2276         96          0          0          0        596   printfa.o
         0          0          0          4          0          0   stdout.o
        20          0          0          0          0         68   strchr.o
        18          0          0          0          0         68   strcpy.o
        14          0          0          0          0         68   strlen.o
        40          0          0          0          0         76   strncat.o
        36          0          0          0          0         80   strstr.o
       112          0          0          0          0         88   strtol.o
        44          0          0          0          0         80   uidiv.o
        98          0          0          0          0         92   uldiv.o
        48          0          0          0          0         68   cdrcmple.o
        20          0          0          0          0         68   cfcmple.o
        20          0          0          0          0         68   cfrcmple.o
        56          0          0          0          0         88   d2f.o
       334          0          0          0          0        148   dadd.o
       222          0          0          0          0        100   ddiv.o
       186          0          0          0          0        176   depilogue.o
        48          0          0          0          0         68   dfixul.o
        34          0          0          0          0         76   dflti.o
       228          0          0          0          0         96   dmul.o
        38          0          0          0          0         68   f2d.o
       110          0          0          0          0        168   fepilogue.o
        50          0          0          0          0         68   ffixi.o
        40          0          0          0          0         68   ffixui.o
        10          0          0          0          0         68   ffltui.o

    ----------------------------------------------------------------------
      4892        140        136         16          0       3676   Library Totals
         6          0          3          0          0          0   (incl. Padding)

    ----------------------------------------------------------------------

      Code (inc. data)   RO Data    RW Data    ZI Data      Debug   Library Name

      3442        140        133         16          0       2280   mc_w.l
      1444          0          0          0          0       1396   mf_w.l

    ----------------------------------------------------------------------
      4892        140        136         16          0       3676   Library Totals

    ----------------------------------------------------------------------

==============================================================================


      Code (inc. data)   RO Data    RW Data    ZI Data      Debug   

     33580       4078        768        748       6348     660414   Grand Totals
     33580       4078        768        148       6348     660414   ELF Image Totals (compressed)
     33580       4078        768        148          0          0   ROM Totals

==============================================================================

    Total RO  Size (Code + RO Data)                34348 (  33.54kB)
    Total RW  Size (RW Data + ZI Data)              7096 (   6.93kB)
    Total ROM Size (Code + RO Data + RW Data)      34496 (  33.69kB)

==============================================================================

