Component: ARM Compiler 5.06 update 1 (build 61) Tool: armlink [4d35a8]

==============================================================================

Section Cross References

    startup_stm32f10x_md.o(RESET) refers to startup_stm32f10x_md.o(STACK) for __initial_sp
    startup_stm32f10x_md.o(RESET) refers to startup_stm32f10x_md.o(.text) for Reset_Handler
    startup_stm32f10x_md.o(RESET) refers to stm32f10x_it.o(i.NMI_Handler) for NMI_Handler
    startup_stm32f10x_md.o(RESET) refers to stm32f10x_it.o(i.HardFault_Handler) for HardFault_Handler
    startup_stm32f10x_md.o(RESET) refers to stm32f10x_it.o(i.MemManage_Handler) for MemManage_Handler
    startup_stm32f10x_md.o(RESET) refers to stm32f10x_it.o(i.BusFault_Handler) for BusFault_Handler
    startup_stm32f10x_md.o(RESET) refers to stm32f10x_it.o(i.UsageFault_Handler) for UsageFault_Handler
    startup_stm32f10x_md.o(RESET) refers to stm32f10x_it.o(i.SVC_Handler) for SVC_Handler
    startup_stm32f10x_md.o(RESET) refers to stm32f10x_it.o(i.DebugMon_Handler) for DebugMon_Handler
    startup_stm32f10x_md.o(RESET) refers to stm32f10x_it.o(i.PendSV_Handler) for PendSV_Handler
    startup_stm32f10x_md.o(RESET) refers to stm32f10x_it.o(i.SysTick_Handler) for SysTick_Handler
    startup_stm32f10x_md.o(RESET) refers to stm32f10x_it.o(i.EXTI0_IRQHandler) for EXTI0_IRQHandler
    startup_stm32f10x_md.o(RESET) refers to stm32f10x_it.o(i.TIM2_IRQHandler) for TIM2_IRQHandler
    startup_stm32f10x_md.o(RESET) refers to usart1.o(i.USART1_IRQHandler) for USART1_IRQHandler
    startup_stm32f10x_md.o(RESET) refers to usart2.o(i.USART2_IRQHandler) for USART2_IRQHandler
    startup_stm32f10x_md.o(RESET) refers to usart3.o(i.USART3_IRQHandler) for USART3_IRQHandler
    startup_stm32f10x_md.o(RESET) refers to stm32f10x_it.o(i.EXTI15_10_IRQHandler) for EXTI15_10_IRQHandler
    startup_stm32f10x_md.o(.text) refers to system_stm32f10x.o(i.SystemInit) for SystemInit
    startup_stm32f10x_md.o(.text) refers to entry.o(.ARM.Collect$$$$00000000) for __main
    main.o(i.main) refers to delay.o(i.Systick_Init) for Systick_Init
    main.o(i.main) refers to loop.o(i.Initialization_configuration) for Initialization_configuration
    main.o(i.main) refers to loop.o(i.application) for application
    stm32f10x_it.o(i.EXTI0_IRQHandler) refers to stm32f10x_exti.o(i.EXTI_GetITStatus) for EXTI_GetITStatus
    stm32f10x_it.o(i.EXTI0_IRQHandler) refers to stm32f10x_exti.o(i.EXTI_ClearITPendingBit) for EXTI_ClearITPendingBit
    stm32f10x_it.o(i.EXTI0_IRQHandler) refers to printfa.o(i.__0printf) for __2printf
    stm32f10x_it.o(i.EXTI0_IRQHandler) refers to stm32f10x_it.o(.data) for ac
    stm32f10x_it.o(i.EXTI15_10_IRQHandler) refers to stm32f10x_exti.o(i.EXTI_GetITStatus) for EXTI_GetITStatus
    stm32f10x_it.o(i.EXTI15_10_IRQHandler) refers to stm32f10x_exti.o(i.EXTI_ClearITPendingBit) for EXTI_ClearITPendingBit
    stm32f10x_it.o(i.EXTI15_10_IRQHandler) refers to printfa.o(i.__0printf) for __2printf
    stm32f10x_it.o(i.EXTI15_10_IRQHandler) refers to stm32f10x_it.o(.data) for battery
    stm32f10x_it.o(i.TIM2_IRQHandler) refers to stm32f10x_tim.o(i.TIM_GetITStatus) for TIM_GetITStatus
    stm32f10x_it.o(i.TIM2_IRQHandler) refers to stm32f10x_tim.o(i.TIM_ClearITPendingBit) for TIM_ClearITPendingBit
    stm32f10x_it.o(i.TIM2_IRQHandler) refers to tim2.o(.bss) for t2_count_ms
    iwdg.o(i.IWDG_Feed) refers to stm32f10x_iwdg.o(i.IWDG_ReloadCounter) for IWDG_ReloadCounter
    iwdg.o(i.IWDG_Init) refers to stm32f10x_iwdg.o(i.IWDG_WriteAccessCmd) for IWDG_WriteAccessCmd
    iwdg.o(i.IWDG_Init) refers to stm32f10x_iwdg.o(i.IWDG_SetPrescaler) for IWDG_SetPrescaler
    iwdg.o(i.IWDG_Init) refers to stm32f10x_iwdg.o(i.IWDG_SetReload) for IWDG_SetReload
    iwdg.o(i.IWDG_Init) refers to stm32f10x_iwdg.o(i.IWDG_ReloadCounter) for IWDG_ReloadCounter
    iwdg.o(i.IWDG_Init) refers to stm32f10x_iwdg.o(i.IWDG_Enable) for IWDG_Enable
    usart2.o(i.UART2GetByte) refers to stm32f10x_usart.o(i.USART_GetFlagStatus) for USART_GetFlagStatus
    usart2.o(i.UART2GetByte) refers to stm32f10x_usart.o(i.USART_ReceiveData) for USART_ReceiveData
    usart2.o(i.UART2SendByte) refers to stm32f10x_usart.o(i.USART_SendData) for USART_SendData
    usart2.o(i.UART2SendByte) refers to stm32f10x_usart.o(i.USART_GetFlagStatus) for USART_GetFlagStatus
    usart2.o(i.UART2Test) refers to stm32f10x_usart.o(i.USART_SendData) for USART_SendData
    usart2.o(i.UART2Test) refers to usart2.o(i.UART2GetByte) for UART2GetByte
    usart2.o(i.USART2_Config) refers to stm32f10x_rcc.o(i.RCC_APB2PeriphClockCmd) for RCC_APB2PeriphClockCmd
    usart2.o(i.USART2_Config) refers to stm32f10x_rcc.o(i.RCC_APB1PeriphClockCmd) for RCC_APB1PeriphClockCmd
    usart2.o(i.USART2_Config) refers to stm32f10x_gpio.o(i.GPIO_Init) for GPIO_Init
    usart2.o(i.USART2_Config) refers to stm32f10x_usart.o(i.USART_ITConfig) for USART_ITConfig
    usart2.o(i.USART2_Config) refers to stm32f10x_usart.o(i.USART_Init) for USART_Init
[...]
    i.htonl                                  0x080060ac   Section        0  ult.o(i.htonl)
    i.htons                                  0x080060b8   Section        0  ult.o(i.htons)
    i.main                                   0x080060c4   Section        0  main.o(i.main)
    i.malloc                                 0x080060d8   Section        0  malloc.o(i.malloc)
    i.ntohl                                  0x08006144   Section        0  ult.o(i.ntohl)
    i.parseDHCPMSG                           0x08006150   Section        0  dhcp.o(i.parseDHCPMSG)
    i.read_1byte                             0x080062c0   Section        0  24c16.o(i.read_1byte)
    i.recv                                   0x08006334   Section        0  socket.o(i.recv)
    i.recv_data_processing                   0x08006378   Section        0  w5500.o(i.recv_data_processing)
    i.recvfrom                               0x0800640c   Section        0  socket.o(i.recvfrom)
    i.reset_DHCP_time                        0x0800660c   Section        0  dhcp.o(i.reset_DHCP_time)
    i.send                                   0x08006638   Section        0  socket.o(i.send)
    i.send_DHCP_DISCOVER                     0x0800673c   Section        0  dhcp.o(i.send_DHCP_DISCOVER)
    i.send_DHCP_RELEASE_DECLINE              0x08006a10   Section        0  dhcp.o(i.send_DHCP_RELEASE_DECLINE)
    i.send_DHCP_REQUEST                      0x08006cac   Section        0  dhcp.o(i.send_DHCP_REQUEST)
    i.send_data_processing                   0x0800709c   Section        0  w5500.o(i.send_data_processing)
    i.sendto                                 0x08007108   Section        0  socket.o(i.sendto)
    i.setGAR                                 0x08007214   Section        0  w5500.o(i.setGAR)
    i.setKPALVTR                             0x08007224   Section        0  tcp_demo.o(i.setKPALVTR)
    i.setSHAR                                0x0800723a   Section        0  w5500.o(i.setSHAR)
    i.setSIPR                                0x0800724c   Section        0  w5500.o(i.setSIPR)
    i.setSUBR                                0x0800725e   Section        0  w5500.o(i.setSUBR)
    i.setSn_IR                               0x08007270   Section        0  w5500.o(i.setSn_IR)
    i.set_object_ip                          0x08007288   Section        0  tcp_demo.o(i.set_object_ip)
    i.set_w5500_ip                           0x08007374   Section        0  w5500_config.o(i.set_w5500_ip)
    i.set_w5500_mac                          0x08007618   Section        0  w5500_config.o(i.set_w5500_mac)
    i.socket                                 0x08007790   Section        0  socket.o(i.socket)
    i.swapl                                  0x08007854   Section        0  ult.o(i.swapl)
    i.swaps                                  0x08007870   Section        0  ult.o(i.swaps)
    i.sysinit                                0x08007880   Section        0  w5500.o(i.sysinit)
    i.w5500_check                            0x080079b8   Section        0  w5500.o(i.w5500_check)
    i.wiz_read_buf                           0x08007a4c   Section        0  w5500.o(i.wiz_read_buf)
    i.wiz_write_buf                          0x08007ab4   Section        0  w5500.o(i.wiz_write_buf)
    i.write_1byte                            0x08007b1c   Section        0  24c16.o(i.write_1byte)
    .constdata                               0x08007b9c   Section      129  ctype_o.o(.constdata)
    .constdata                               0x08007c20   Section        4  ctype_o.o(.constdata)
    table                                    0x08007c20   Data           4  ctype_o.o(.constdata)
    .conststring                             0x08007c24   Section       65  w5500_config.o(.conststring)
    .conststring                             0x08007c68   Section        5  dhcp.o(.conststring)
    .conststring                             0x08007c70   Section      205  tcp_demo.o(.conststring)
    .data                                    0x20000000   Section       21  stm32f10x_it.o(.data)
    .data                                    0x20000015   Section        5  usart2.o(.data)
    .data                                    0x2000001a   Section        4  delay.o(.data)
    fac_us                                   0x2000001a   Data           1  delay.o(.data)
    fac_ms                                   0x2000001c   Data           2  delay.o(.data)
    .data                                    0x2000001e   Section        8  usart3.o(.data)
    .data                                    0x20000026   Section        8  usart1.o(.data)
    .data                                    0x2000002e   Section        6  adc.o(.data)
    .data                                    0x20000034   Section      150  loop.o(.data)
    .data                                    0x200000ca   Section       20  stm32f10x_rcc.o(.data)
    APBAHBPrescTable                         0x200000ca   Data          16  stm32f10x_rcc.o(.data)
    ADCPrescTable                            0x200000da   Data           4  stm32f10x_rcc.o(.data)
    .data                                    0x200000de   Section        2  socket.o(.data)
    local_port                               0x200000de   Data           2  socket.o(.data)
    .data                                    0x200000e0   Section       57  w5500_config.o(.data)
    .data                                    0x2000011c   Section       68  dhcp.o(.data)
    .data                                    0x20000160   Section      302  bd_tg.o(.data)
    pkt_id                                   0x2000028c   Data           2  bd_tg.o(.data)
    .data                                    0x20000290   Section       25  tcp_demo.o(.data)
    .data                                    0x200002ac   Section        4  stdout.o(.data)
    .data                                    0x200002b0   Section        4  mvars.o(.data)
    .data                                    0x200002b4   Section        4  mvars.o(.data)
    .data                                    0x200002b8   Section        4  errno.o(.data)
    _errno                                   0x200002b8   Data           4  errno.o(.data)
    .bss                                     0x200002bc   Section       64  usart2.o(.bss)
    .bss                                     0x200002fc   Section       72  tim2.o(.bss)
    .bss                                     0x20000344   Section      304  usart3.o(.bss)
    .bss                                     0x20000474   Section      304  usart1.o(.bss)
    .bss                                     0x200005a4   Section      280  loop.o(.bss)
    .bss                                     0x200006bc   Section       32  w5500.o(.bss)
    SSIZE                                    0x200006bc   Data          16  w5500.o(.bss)
    RSIZE                                    0x200006cc   Data          16  w5500.o(.bss)
    .bss                                     0x200006dc   Section       86  w5500_config.o(.bss)
    .bss                                     0x20000732   Section     1046  dhcp.o(.bss)
    .bss                                     0x20000b48   Section      208  bd_tg.o(.bss)
    mqttPacket                               0x20000c08   Data          16  bd_tg.o(.bss)
    .bss                                     0x20000c18   Section     2348  tcp_demo.o(.bss)
    HEAP                                     0x20001548   Section      512  startup_stm32f10x_md.o(HEAP)
    STACK                                    0x20001748   Section     1024  startup_stm32f10x_md.o(STACK)

    Global Symbols

    Symbol Name                              Value     Ov Type        Size  Object(Section)

    BuildAttributes$$THM_ISAv4$P$D$K$B$S$PE$A:L22UL41UL21$X:L11$S22US41US21$IEEE1$IW$USESV6$~STKCKD$USESV7$~SHL$OTIME$ROPI$EBA8$MICROLIB$REQ8$PRES8$EABIv2 0x00000000   Number         0  anon$$obj.o ABSOLUTE
    __ARM_use_no_argv                        0x00000000   Number         0  main.o ABSOLUTE
    _printf_a                                0x00000000   Number         0  stubs.o ABSOLUTE
    _printf_c                                0x00000000   Number         0  stubs.o ABSOLUTE
    _printf_charcount                        0x00000000   Number         0  stubs.o ABSOLUTE
    _printf_d                                0x00000000   Number         0  stubs.o ABSOLUTE
    _printf_e                                0x00000000   Number         0  stubs.o ABSOLUTE
    _printf_f                                0x00000000   Number         0  stubs.o ABSOLUTE
    _printf_flags                            0x00000000   Number         0  stubs.o ABSOLUTE
    _printf_fp_dec                           0x00000000   Number         0  stubs.o ABSOLUTE
    _printf_fp_hex                           0x00000000   Number         0  stubs.o ABSOLUTE
    _printf_g                                0x00000000   Number         0  stubs.o ABSOLUTE
    _printf_i                                0x00000000   Number         0  stubs.o ABSOLUTE
    _printf_int_dec                          0x00000000   Number         0  stubs.o ABSOLUTE
    _printf_l                                0x00000000   Number         0  stubs.o ABSOLUTE
    _printf_lc                               0x00000000   Number         0  stubs.o ABSOLUTE
    _printf_ll                               0x00000000   Number         0  stubs.o ABSOLUTE
    _printf_lld                              0x00000000   Number         0  stubs.o ABSOLUTE
    _printf_lli                              0x00000000   Number         0  stubs.o ABSOLUTE
    _printf_llo                              0x00000000   Number         0  stubs.o ABSOLUTE
    _printf_llu                              0x00000000   Number         0  stubs.o ABSOLUTE
    _printf_llx                              0x00000000   Number         0  stubs.o ABSOLUTE
    _printf_longlong_dec                     0x00000000   Number         0  stubs.o ABSOLUTE
    _printf_longlong_hex                     0x00000000   Number         0  stubs.o ABSOLUTE
    _printf_longlong_oct                     0x00000000   Number         0  stubs.o ABSOLUTE
    _printf_ls                               0x00000000   Number         0  stubs.o ABSOLUTE
    _printf_mbtowc                           0x00000000   Number         0  stubs.o ABSOLUTE
    _printf_n                                0x00000000   Number         0  stubs.o ABSOLUTE
    _printf_o                                0x00000000   Number         0  stubs.o ABSOLUTE
    _printf_p                                0x00000000   Number         0  stubs.o ABSOLUTE
    _printf_percent                          0x00000000   Number         0  stubs.o ABSOLUTE
    _printf_pre_padding                      0x00000000   Number         0  stubs.o ABSOLUTE
    _printf_return_value                     0x00000000   Number         0  stubs.o ABSOLUTE
    _printf_s                                0x00000000   Number         0  stubs.o ABSOLUTE
    _printf_sizespec                         0x00000000   Number         0  stubs.o ABSOLUTE
    _printf_str                              0x00000000   Number         0  stubs.o ABSOLUTE
    _printf_truncate_signed                  0x00000000   Number         0  stubs.o ABSOLUTE
    _printf_truncate_unsigned                0x00000000   Number         0  stubs.o ABSOLUTE
    _printf_u                                0x00000000   Number         0  stubs.o ABSOLUTE
    _printf_wc                               0x00000000   Number         0  stubs.o ABSOLUTE
    _printf_wctomb                           0x00000000   Number         0  stubs.o ABSOLUTE
    _printf_widthprec                        0x00000000   Number         0  stubs.o ABSOLUTE
    _printf_x                                0x00000000   Number         0  stubs.o ABSOLUTE
    __cpp_initialize__aeabi_                  - Undefined Weak Reference
    __cxa_finalize                            - Undefined Weak Reference
    _clock_init                               - Undefined Weak Reference
    _microlib_exit                            - Undefined Weak Reference
    __Vectors_Size                           0x000000ec   Number         0  startup_stm32f10x_md.o ABSOLUTE
    __Vectors                                0x08000000   Data           4  startup_stm32f10x_md.o(RESET)
    __Vectors_End                            0x080000ec   Data           0  startup_stm32f10x_md.o(RESET)
    __main                                   0x080000ed   Thumb Code     0  entry.o(.ARM.Collect$$$$00000000)
    _main_stk                                0x080000ed   Thumb Code     0  entry2.o(.ARM.Collect$$$$00000001)
    _main_scatterload                        0x080000f1   Thumb Code     0  entry5.o(.ARM.Collect$$$$00000004)
    __main_after_scatterload                 0x080000f5   Thumb Code     0  entry5.o(.ARM.Collect$$$$00000004)
    _main_clock                              0x080000f5   Thumb Code     0  entry7b.o(.ARM.Collect$$$$00000008)
    _main_cpp_init                           0x080000f5   Thumb Code     0  entry8b.o(.ARM.Collect$$$$0000000A)
    _main_init                               0x080000f5   Thumb Code     0  entry9a.o(.ARM.Collect$$$$0000000B)
    __rt_final_cpp                           0x080000fd   Thumb Code     0  entry10a.o(.ARM.Collect$$$$0000000D)
    __rt_final_exit                          0x080000fd   Thumb Code     0  entry11a.o(.ARM.Collect$$$$0000000F)
    Reset_Handler                            0x08000101   Thumb Code     8  startup_stm32f10x_md.o(.text)
    ADC1_2_IRQHandler                        0x0800011b   Thumb Code     0  startup_stm32f10x_md.o(.text)
    CAN1_RX1_IRQHandler                      0x0800011b   Thumb Code     0  startup_stm32f10x_md.o(.text)
    CAN1_SCE_IRQHandler                      0x0800011b   Thumb Code     0  startup_stm32f10x_md.o(.text)
    DMA1_Channel1_IRQHandler                 0x0800011b   Thumb Code     0  startup_stm32f10x_md.o(.text)
    DMA1_Channel2_IRQHandler                 0x0800011b   Thumb Code     0  startup_stm32f10x_md.o(.text)
    DMA1_Channel3_IRQHandler                 0x0800011b   Thumb Code     0  startup_stm32f10x_md.o(.text)
    DMA1_Channel4_IRQHandler                 0x0800011b   Thumb Code     0  startup_stm32f10x_md.o(.text)
    DMA1_Channel5_IRQHandler                 0x0800011b   Thumb Code     0  startup_stm32f10x_md.o(.text)
    DMA1_Channel6_IRQHandler                 0x0800011b   Thumb Code     0  startup_stm32f10x_md.o(.text)
    DMA1_Channel7_IRQHandler                 0x0800011b   Thumb Code     0  startup_stm32f10x_md.o(.text)
    EXTI1_IRQHandler                         0x0800011b   Thumb Code     0  startup_stm32f10x_md.o(.text)
    EXTI2_IRQHandler                         0x0800011b   Thumb Code     0  startup_stm32f10x_md.o(.text)
    EXTI3_IRQHandler                         0x0800011b   Thumb Code     0  startup_stm32f10x_md.o(.text)
    EXTI4_IRQHandler                         0x0800011b   Thumb Code     0  startup_stm32f10x_md.o(.text)
    EXTI9_5_IRQHandler                       0x0800011b   Thumb Code     0  startup_stm32f10x_md.o(.text)
    FLASH_IRQHandler                         0x0800011b   Thumb Code     0  startup_stm32f10x_md.o(.text)
    I2C1_ER_IRQHandler                       0x0800011b   Thumb Code     0  startup_stm32f10x_md.o(.text)
    I2C1_EV_IRQHandler                       0x0800011b   Thumb Code     0  startup_stm32f10x_md.o(.text)
    I2C2_ER_IRQHandler                       0x0800011b   Thumb Code     0  startup_stm32f10x_md.o(.text)
    I2C2_EV_IRQHandler                       0x0800011b   Thumb Code     0  startup_stm32f10x_md.o(.text)
    PVD_IRQHandler                           0x0800011b   Thumb Code     0  startup_stm32f10x_md.o(.text)
    RCC_IRQHandler                           0x0800011b   Thumb Code     0  startup_stm32f10x_md.o(.text)
    RTCAlarm_IRQHandler                      0x0800011b   Thumb Code     0  startup_stm32f10x_md.o(.text)
    RTC_IRQHandler                           0x0800011b   Thumb Code     0  startup_stm32f10x_md.o(.text)
    SPI1_IRQHandler                          0x0800011b   Thumb Code     0  startup_stm32f10x_md.o(.text)
    SPI2_IRQHandler                          0x0800011b   Thumb Code     0  startup_stm32f10x_md.o(.text)
    TAMPER_IRQHandler                        0x0800011b   Thumb Code     0  startup_stm32f10x_md.o(.text)
    TIM1_BRK_IRQHandler                      0x0800011b   Thumb Code     0  startup_stm32f10x_md.o(.text)
    TIM1_CC_IRQHandler                       0x0800011b   Thumb Code     0  startup_stm32f10x_md.o(.text)
    TIM1_TRG_COM_IRQHandler                  0x0800011b   Thumb Code     0  startup_stm32f10x_md.o(.text)
    TIM1_UP_IRQHandler                       0x0800011b   Thumb Code     0  startup_stm32f10x_md.o(.text)
    TIM3_IRQHandler                          0x0800011b   Thumb Code     0  startup_stm32f10x_md.o(.text)
    TIM4_IRQHandler                          0x0800011b   Thumb Code     0  startup_stm32f10x_md.o(.text)
    USBWakeUp_IRQHandler                     0x0800011b   Thumb Code     0  startup_stm32f10x_md.o(.text)
    USB_HP_CAN1_TX_IRQHandler                0x0800011b   Thumb Code     0  startup_stm32f10x_md.o(.text)
    USB_LP_CAN1_RX0_IRQHandler               0x0800011b   Thumb Code     0  startup_stm32f10x_md.o(.text)
    WWDG_IRQHandler                          0x0800011b   Thumb Code     0  startup_stm32f10x_md.o(.text)
    __aeabi_memcpy                           0x08000125   Thumb Code    36  memcpya.o(.text)
    __aeabi_memcpy4                          0x08000125   Thumb Code     0  memcpya.o(.text)
    __aeabi_memcpy8                          0x08000125   Thumb Code     0  memcpya.o(.text)
    __aeabi_memset                           0x08000149   Thumb Code    14  memseta.o(.text)
    __aeabi_memset4                          0x08000149   Thumb Code     0  memseta.o(.text)
    __aeabi_memset8                          0x08000149   Thumb Code     0  memseta.o(.text)
    __aeabi_memclr                           0x08000157   Thumb Code     4  memseta.o(.text)
    __aeabi_memclr4                          0x08000157   Thumb Code     0  memseta.o(.text)
    __aeabi_memclr8                          0x08000157   Thumb Code     0  memseta.o(.text)
    _memset$wrapper                          0x0800015b   Thumb Code    18  memseta.o(.text)
    strstr                                   0x0800016d   Thumb Code    36  strstr.o(.text)
    strchr                                   0x08000191   Thumb Code    20  strchr.o(.text)
    strlen                                   0x080001a5   Thumb Code    14  strlen.o(.text)
    memcmp                                   0x080001b3   Thumb Code    26  memcmp.o(.text)
    strncat                                  0x080001cd   Thumb Code    40  strncat.o(.text)
    strcpy                                   0x080001f5   Thumb Code    18  strcpy.o(.text)
    atoi                                     0x08000207   Thumb Code    26  atoi.o(.text)
    __aeabi_dmul                             0x08000221   Thumb Code   228  dmul.o(.text)
    __aeabi_ui2f                             0x08000305   Thumb Code    10  ffltui.o(.text)
    __aeabi_i2d                              0x0800030f   Thumb Code    34  dflti.o(.text)
    __aeabi_f2iz                             0x08000331   Thumb Code    50  ffixi.o(.text)
    __aeabi_f2uiz                            0x08000363   Thumb Code    40  ffixui.o(.text)
    __aeabi_f2d                              0x0800038b   Thumb Code    38  f2d.o(.text)
    __aeabi_d2f                              0x080003b1   Thumb Code    56  d2f.o(.text)
    __aeabi_cfcmpeq                          0x080003e9   Thumb Code     0  cfcmple.o(.text)
    __aeabi_cfcmple                          0x080003e9   Thumb Code    20  cfcmple.o(.text)
    __aeabi_cfrcmple                         0x080003fd   Thumb Code    20  cfrcmple.o(.text)
    __aeabi_uidiv                            0x08000411   Thumb Code     0  uidiv.o(.text)
    __aeabi_uidivmod                         0x08000411   Thumb Code    44  uidiv.o(.text)
    __aeabi_uldivmod                         0x0800043d   Thumb Code    98  uldiv.o(.text)
    strtol                                   0x0800049f   Thumb Code   112  strtol.o(.text)
    __I$use$fp                               0x0800050f   Thumb Code     0  iusefp.o(.text)
    _float_round                             0x0800050f   Thumb Code    18  fepilogue.o(.text)
    _float_epilogue                          0x08000521   Thumb Code    92  fepilogue.o(.text)
    _double_round                            0x0800057d   Thumb Code    30  depilogue.o(.text)
    _double_epilogue                         0x0800059b   Thumb Code   156  depilogue.o(.text)
    __aeabi_dadd                             0x08000637   Thumb Code   322  dadd.o(.text)
    __aeabi_dsub                             0x08000779   Thumb Code     6  dadd.o(.text)
    __aeabi_drsub                            0x0800077f   Thumb Code     6  dadd.o(.text)
    __aeabi_ddiv                             0x08000785   Thumb Code   222  ddiv.o(.text)
    __aeabi_d2ulz                            0x08000863   Thumb Code    48  dfixul.o(.text)
    __aeabi_cdrcmple                         0x08000895   Thumb Code    48  cdrcmple.o(.text)
    __scatterload                            0x080008c5   Thumb Code    28  init.o(.text)
    __scatterload_rt2                        0x080008c5   Thumb Code     0  init.o(.text)
    __aeabi_llsl                             0x080008e9   Thumb Code    30  llshl.o(.text)
    _ll_shift_l                              0x080008e9   Thumb Code     0  llshl.o(.text)
    __aeabi_llsr                             0x08000907   Thumb Code    32  llushr.o(.text)
    _ll_ushift_r                             0x08000907   Thumb Code     0  llushr.o(.text)
    __aeabi_lasr                             0x08000927   Thumb Code    36  llsshr.o(.text)
    _ll_sshift_r                             0x08000927   Thumb Code     0  llsshr.o(.text)
    __rt_ctype_table                         0x0800094d   Thumb Code     4  ctype_o.o(.text)
    _strtoul                                 0x08000955   Thumb Code   158  _strtoul.o(.text)
    _chval                                   0x080009f3   Thumb Code    28  _chval.o(.text)
    __decompress                             0x08000a0f   Thumb Code     0  __dczerorl2.o(.text)
    __decompress1                            0x08000a0f   Thumb Code    86  __dczerorl2.o(.text)
    ADC1_Init                                0x08000a95   Thumb Code    12  adc.o(i.ADC1_Init)
    ADC_Cmd                                  0x08000b81   Thumb Code    22  stm32f10x_adc.o(i.ADC_Cmd)
    ADC_DMACmd                               0x08000b97   Thumb Code    22  stm32f10x_adc.o(i.ADC_DMACmd)
    ADC_GetCalibrationStatus                 0x08000bad   Thumb Code    20  stm32f10x_adc.o(i.ADC_GetCalibrationStatus)
    ADC_GetResetCalibrationStatus            0x08000bc1   Thumb Code    20  stm32f10x_adc.o(i.ADC_GetResetCalibrationStatus)
    ADC_Init                                 0x08000bd5   Thumb Code    70  stm32f10x_adc.o(i.ADC_Init)
    ADC_RegularChannelConfig                 0x08000c25   Thumb Code   184  stm32f10x_adc.o(i.ADC_RegularChannelConfig)
    ADC_ResetCalibration                     0x08000cdd   Thumb Code    10  stm32f10x_adc.o(i.ADC_ResetCalibration)
    ADC_SoftwareStartConvCmd                 0x08000ce7   Thumb Code    22  stm32f10x_adc.o(i.ADC_SoftwareStartConvCmd)
    ADC_StartCalibration                     0x08000cfd   Thumb Code    10  stm32f10x_adc.o(i.ADC_StartCalibration)
    ADXL345_ReadXYZ                          0x08000d09   Thumb Code   238  adxl345.o(i.ADXL345_ReadXYZ)
    ADXL345_init                             0x08000dfd   Thumb Code   160  adxl345.o(i.ADXL345_init)
    ADXL345_read_byte                        0x08000e9d   Thumb Code    74  adxl345.o(i.ADXL345_read_byte)
    ADXL345_write_byte                       0x08000ef1   Thumb Code    68  adxl345.o(i.ADXL345_write_byte)
    BD_TG_DevLink                            0x08000f3d   Thumb Code   236  bd_tg.o(i.BD_TG_DevLink)
    BD_TG_Publish                            0x080011c1   Thumb Code    72  bd_tg.o(i.BD_TG_Publish)
    BD_TG_RevPro                             0x08001219   Thumb Code   554  bd_tg.o(i.BD_TG_RevPro)
    BD_TG_Subscribe                          0x080015d9   Thumb Code   158  bd_tg.o(i.BD_TG_Subscribe)
    BusFault_Handler                         0x080016e9   Thumb Code     4  stm32f10x_it.o(i.BusFault_Handler)
    DHT11_GetValue                           0x080016ed   Thumb Code   134  dht11.o(i.DHT11_GetValue)
    DHT11_ReadData                           0x08001779   Thumb Code    78  dht11.o(i.DHT11_ReadData)
    DMA_Cmd                                  0x080017cd   Thumb Code    24  stm32f10x_dma.o(i.DMA_Cmd)
    DMA_DeInit                               0x080017e5   Thumb Code   324  stm32f10x_dma.o(i.DMA_DeInit)
    DMA_Init                                 0x08001931   Thumb Code    60  stm32f10x_dma.o(i.DMA_Init)
    DebugMon_Handler                         0x0800196d   Thumb Code     2  stm32f10x_it.o(i.DebugMon_Handler)
    EXTI0_IRQHandler                         0x08001971   Thumb Code    52  stm32f10x_it.o(i.EXTI0_IRQHandler)
    EXTI15_10_IRQHandler                     0x080019e5   Thumb Code    56  stm32f10x_it.o(i.EXTI15_10_IRQHandler)
    EXTI_ClearITPendingBit                   0x08001a65   Thumb Code     6  stm32f10x_exti.o(i.EXTI_ClearITPendingBit)
    EXTI_ENABLE                              0x08001a71   Thumb Code    12  exti.o(i.EXTI_ENABLE)
    EXTI_GetITStatus                         0x08001a7d   Thumb Code    34  stm32f10x_exti.o(i.EXTI_GetITStatus)
    EXTI_Init                                0x08001aa5   Thumb Code   142  stm32f10x_exti.o(i.EXTI_Init)
    EXTI_PA0_Config                          0x08001b39   Thumb Code   106  exti.o(i.EXTI_PA0_Config)
    EXTI_PA15_Config                         0x08001ba9   Thumb Code   110  exti.o(i.EXTI_PA15_Config)
    GPIO_Configuration                       0x08001c1d   Thumb Code   258  gpio.o(i.GPIO_Configuration)
    GPIO_EXTILineConfig                      0x08001d31   Thumb Code    60  stm32f10x_gpio.o(i.GPIO_EXTILineConfig)
    GPIO_Init                                0x08001d71   Thumb Code   278  stm32f10x_gpio.o(i.GPIO_Init)
    GPIO_PinRemapConfig                      0x08001e89   Thumb Code   138  stm32f10x_gpio.o(i.GPIO_PinRemapConfig)
    GPIO_ReadInputDataBit                    0x08001f19   Thumb Code    18  stm32f10x_gpio.o(i.GPIO_ReadInputDataBit)
    GPIO_ResetBits                           0x08001f2b   Thumb Code     4  stm32f10x_gpio.o(i.GPIO_ResetBits)
    GPIO_SetBits                             0x08001f2f   Thumb Code     4  stm32f10x_gpio.o(i.GPIO_SetBits)
    GPIO_StructInit                          0x08001f33   Thumb Code    16  stm32f10x_gpio.o(i.GPIO_StructInit)
    GetLockCode                              0x08001f45   Thumb Code    62  loop.o(i.GetLockCode)
    HardFault_Handler                        0x08001fa1   Thumb Code     4  stm32f10x_it.o(i.HardFault_Handler)
    IINCHIP_CSoff                            0x08001fa5   Thumb Code    10  w5500.o(i.IINCHIP_CSoff)
    IINCHIP_CSon                             0x08001faf   Thumb Code    10  w5500.o(i.IINCHIP_CSon)
    IINCHIP_READ                             0x08001fb9   Thumb Code    50  w5500.o(i.IINCHIP_READ)
    IINCHIP_SpiSendData                      0x08001feb   Thumb Code    12  w5500.o(i.IINCHIP_SpiSendData)
    IINCHIP_WRITE                            0x08001ff7   Thumb Code    50  w5500.o(i.IINCHIP_WRITE)
    Initialization_configuration             0x08002029   Thumb Code   110  loop.o(i.Initialization_configuration)
    MQTT_DeleteBuffer                        0x080020b9   Thumb Code    28  mqttkit.o(i.MQTT_DeleteBuffer)
    MQTT_DumpLength                          0x080020d5   Thumb Code    46  mqttkit.o(i.MQTT_DumpLength)
    MQTT_NewBuffer                           0x08002103   Thumb Code    88  mqttkit.o(i.MQTT_NewBuffer)
    MQTT_PacketCmdResp                       0x0800215d   Thumb Code   132  mqttkit.o(i.MQTT_PacketCmdResp)
    MQTT_PacketConnect                       0x080021e9   Thumb Code   662  mqttkit.o(i.MQTT_PacketConnect)
    MQTT_PacketPublish                       0x08002485   Thumb Code   310  mqttkit.o(i.MQTT_PacketPublish)
    MQTT_PacketPublishAck                    0x080025bb   Thumb Code    72  mqttkit.o(i.MQTT_PacketPublishAck)
    MQTT_PacketPublishComp                   0x08002603   Thumb Code    72  mqttkit.o(i.MQTT_PacketPublishComp)
    MQTT_PacketPublishRec                    0x0800264b   Thumb Code    72  mqttkit.o(i.MQTT_PacketPublishRec)
    MQTT_PacketPublishRel                    0x08002693   Thumb Code    72  mqttkit.o(i.MQTT_PacketPublishRel)
    MQTT_PacketSubscribe                     0x080026db   Thumb Code   252  mqttkit.o(i.MQTT_PacketSubscribe)
    MQTT_PacketUnSubscribe                   0x080027d7   Thumb Code   236  mqttkit.o(i.MQTT_PacketUnSubscribe)
    MQTT_ReadLength                          0x080028c3   Thumb Code    70  mqttkit.o(i.MQTT_ReadLength)
    MQTT_UnPacketCmd                         0x08002909   Thumb Code   138  mqttkit.o(i.MQTT_UnPacketCmd)
    MQTT_UnPacketConnectAck                  0x08002993   Thumb Code    30  mqttkit.o(i.MQTT_UnPacketConnectAck)
    MQTT_UnPacketPublish                     0x080029b1   Thumb Code   390  mqttkit.o(i.MQTT_UnPacketPublish)
    MQTT_UnPacketPublishAck                  0x08002b41   Thumb Code    30  mqttkit.o(i.MQTT_UnPacketPublishAck)
    MQTT_UnPacketPublishComp                 0x08002b5f   Thumb Code    30  mqttkit.o(i.MQTT_UnPacketPublishComp)
    MQTT_UnPacketPublishRec                  0x08002b7d   Thumb Code    30  mqttkit.o(i.MQTT_UnPacketPublishRec)
    MQTT_UnPacketPublishRel                  0x08002b9b   Thumb Code    36  mqttkit.o(i.MQTT_UnPacketPublishRel)
    MQTT_UnPacketRecv                        0x08002bc1   Thumb Code   106  mqttkit.o(i.MQTT_UnPacketRecv)
    MQTT_UnPacketSubscribe                   0x08002c35   Thumb Code    52  mqttkit.o(i.MQTT_UnPacketSubscribe)
    MQTT_UnPacketUnSubscribe                 0x08002c69   Thumb Code    18  mqttkit.o(i.MQTT_UnPacketUnSubscribe)
    MQTT_UnSubscribe                         0x08002c7d   Thumb Code    86  bd_tg.o(i.MQTT_UnSubscribe)
    MemManage_Handler                        0x08002ce9   Thumb Code     4  stm32f10x_it.o(i.MemManage_Handler)
    NMI_Handler                              0x08002ced   Thumb Code     2  stm32f10x_it.o(i.NMI_Handler)
    NVIC_Init                                0x08002cf1   Thumb Code   100  misc.o(i.NVIC_Init)
    NVIC_PriorityGroupConfig                 0x08002d61   Thumb Code    10  misc.o(i.NVIC_PriorityGroupConfig)
    PendSV_Handler                           0x08002d75   Thumb Code     2  stm32f10x_it.o(i.PendSV_Handler)
    RCC_ADCCLKConfig                         0x08002d79   Thumb Code    18  stm32f10x_rcc.o(i.RCC_ADCCLKConfig)
    RCC_AHBPeriphClockCmd                    0x08002d91   Thumb Code    26  stm32f10x_rcc.o(i.RCC_AHBPeriphClockCmd)
    RCC_APB1PeriphClockCmd                   0x08002db1   Thumb Code    26  stm32f10x_rcc.o(i.RCC_APB1PeriphClockCmd)
    RCC_APB1PeriphResetCmd                   0x08002dd1   Thumb Code    26  stm32f10x_rcc.o(i.RCC_APB1PeriphResetCmd)
    RCC_APB2PeriphClockCmd                   0x08002df1   Thumb Code    26  stm32f10x_rcc.o(i.RCC_APB2PeriphClockCmd)
    RCC_APB2PeriphResetCmd                   0x08002e11   Thumb Code    26  stm32f10x_rcc.o(i.RCC_APB2PeriphResetCmd)
    RCC_GetClocksFreq                        0x08002e31   Thumb Code   192  stm32f10x_rcc.o(i.RCC_GetClocksFreq)
    Reset_W5500                              0x08002f05   Thumb Code    38  spi2.o(i.Reset_W5500)
    SPI2_SendByte                            0x08002f31   Thumb Code    50  spi2.o(i.SPI2_SendByte)
    SPI_Cmd                                  0x08002f69   Thumb Code    24  stm32f10x_spi.o(i.SPI_Cmd)
    SPI_I2S_GetFlagStatus                    0x08002f81   Thumb Code    18  stm32f10x_spi.o(i.SPI_I2S_GetFlagStatus)
    SPI_I2S_ReceiveData                      0x08002f93   Thumb Code     6  stm32f10x_spi.o(i.SPI_I2S_ReceiveData)
    SPI_I2S_SendData                         0x08002f99   Thumb Code     4  stm32f10x_spi.o(i.SPI_I2S_SendData)
    SPI_Init                                 0x08002f9d   Thumb Code    60  stm32f10x_spi.o(i.SPI_Init)
    SPI_init                                 0x08002fd9   Thumb Code   170  adxl345.o(i.SPI_init)
    SVC_Handler                              0x08003091   Thumb Code     2  stm32f10x_it.o(i.SVC_Handler)
    SoftReset                                0x0800317d   Thumb Code    38  loop.o(i.SoftReset)
    SysTick_Handler                          0x080031ad   Thumb Code     2  stm32f10x_it.o(i.SysTick_Handler)
    SystemInit                               0x080031b1   Thumb Code    78  system_stm32f10x.o(i.SystemInit)
    Systick_Init                             0x08003211   Thumb Code    56  delay.o(i.Systick_Init)
    TIM2_Configuration                       0x08003251   Thumb Code    82  tim2.o(i.TIM2_Configuration)
    TIM2_IRQHandler                          0x080032a5   Thumb Code    46  stm32f10x_it.o(i.TIM2_IRQHandler)
    TIM2_NVIC_Configuration                  0x080032d9   Thumb Code    42  tim2.o(i.TIM2_NVIC_Configuration)
    TIM_ClearFlag                            0x08003303   Thumb Code     6  stm32f10x_tim.o(i.TIM_ClearFlag)
    TIM_ClearITPendingBit                    0x08003309   Thumb Code     6  stm32f10x_tim.o(i.TIM_ClearITPendingBit)
    TIM_Cmd                                  0x0800330f   Thumb Code    24  stm32f10x_tim.o(i.TIM_Cmd)
    TIM_DeInit                               0x08003329   Thumb Code   424  stm32f10x_tim.o(i.TIM_DeInit)
    TIM_GetITStatus                          0x08003511   Thumb Code    34  stm32f10x_tim.o(i.TIM_GetITStatus)
    TIM_ITConfig                             0x08003533   Thumb Code    18  stm32f10x_tim.o(i.TIM_ITConfig)
    TIM_TimeBaseInit                         0x08003545   Thumb Code   122  stm32f10x_tim.o(i.TIM_TimeBaseInit)
    USART1_Config                            0x080035e9   Thumb Code   132  usart1.o(i.USART1_Config)
    USART1_IRQHandler                        0x08003675   Thumb Code   192  usart1.o(i.USART1_IRQHandler)
    USART1_NVIC_Configuration                0x08003751   Thumb Code    42  usart1.o(i.USART1_NVIC_Configuration)
    USART2_Config                            0x0800377d   Thumb Code   136  usart2.o(i.USART2_Config)
    USART2_IRQHandler                        0x0800380d   Thumb Code   306  usart2.o(i.USART2_IRQHandler)
    USART2_NVIC_Configuration                0x0800396d   Thumb Code    42  usart2.o(i.USART2_NVIC_Configuration)
    USART3_Config                            0x08003999   Thumb Code   138  usart3.o(i.USART3_Config)
    USART3_IRQHandler                        0x08003a2d   Thumb Code   192  usart3.o(i.USART3_IRQHandler)
    USART3_NVIC_Configuration                0x08003b09   Thumb Code    40  usart3.o(i.USART3_NVIC_Configuration)
    USART_ClearFlag                          0x08003b31   Thumb Code    18  stm32f10x_usart.o(i.USART_ClearFlag)
    USART_Cmd                                0x08003b43   Thumb Code    24  stm32f10x_usart.o(i.USART_Cmd)
    USART_GetFlagStatus                      0x08003b5b   Thumb Code    26  stm32f10x_usart.o(i.USART_GetFlagStatus)
    USART_GetITStatus                        0x08003b75   Thumb Code    84  stm32f10x_usart.o(i.USART_GetITStatus)
    USART_ITConfig                           0x08003bc9   Thumb Code    74  stm32f10x_usart.o(i.USART_ITConfig)
    USART_Init                               0x08003c15   Thumb Code   210  stm32f10x_usart.o(i.USART_Init)
    USART_ReceiveData                        0x08003ced   Thumb Code    10  stm32f10x_usart.o(i.USART_ReceiveData)
    USART_SendData                           0x08003cf7   Thumb Code     8  stm32f10x_usart.o(i.USART_SendData)
    USART_SendDatacmd                        0x08003cff   Thumb Code    16  loop.o(i.USART_SendDatacmd)
    UsageFault_Handler                       0x08003d0f   Thumb Code     4  stm32f10x_it.o(i.UsageFault_Handler)
    WIZ_CS                                   0x08003d15   Thumb Code    32  spi2.o(i.WIZ_CS)
    WIZ_SPI_Init                             0x08003d39   Thumb Code   160  spi2.o(i.WIZ_SPI_Init)
    __0printf                                0x08003de1   Thumb Code    22  printfa.o(i.__0printf)
    __1printf                                0x08003de1   Thumb Code     0  printfa.o(i.__0printf)
    __2printf                                0x08003de1   Thumb Code     0  printfa.o(i.__0printf)
    __c89printf                              0x08003de1   Thumb Code     0  printfa.o(i.__0printf)
    printf                                   0x08003de1   Thumb Code     0  printfa.o(i.__0printf)
    __0sprintf                               0x08003e01   Thumb Code    34  printfa.o(i.__0sprintf)
    __1sprintf                               0x08003e01   Thumb Code     0  printfa.o(i.__0sprintf)
    __2sprintf                               0x08003e01   Thumb Code     0  printfa.o(i.__0sprintf)
    __c89sprintf                             0x08003e01   Thumb Code     0  printfa.o(i.__0sprintf)
    sprintf                                  0x08003e01   Thumb Code     0  printfa.o(i.__0sprintf)
    __aeabi_errno_addr                       0x08003e29   Thumb Code     4  errno.o(i.__aeabi_errno_addr)
    __rt_errno_addr                          0x08003e29   Thumb Code     0  errno.o(i.__aeabi_errno_addr)
    __scatterload_copy                       0x08003e31   Thumb Code    14  handlers.o(i.__scatterload_copy)
    __scatterload_null                       0x08003e3f   Thumb Code     2  handlers.o(i.__scatterload_null)
    __scatterload_zeroinit                   0x08003e41   Thumb Code    14  handlers.o(i.__scatterload_zeroinit)
    application                              0x080046ed   Thumb Code  3700  loop.o(i.application)
    at24c16_init                             0x08005575   Thumb Code    60  24c16.o(i.at24c16_init)
    at24c16_read                             0x080055b5   Thumb Code    70  24c16.o(i.at24c16_read)
    at24c16_start                            0x080055fd   Thumb Code    50  24c16.o(i.at24c16_start)
    at24c16_stop                             0x08005635   Thumb Code    40  24c16.o(i.at24c16_stop)
    at24c16_write                            0x08005661   Thumb Code    80  24c16.o(i.at24c16_write)
    auto_dhcp                                0x080056b1   Thumb Code    92  dhcp.o(i.auto_dhcp)
    check_DHCP_Timeout                       0x0800576d   Thumb Code   110  dhcp.o(i.check_DHCP_Timeout)
    check_DHCP_state                         0x080057f1   Thumb Code   328  dhcp.o(i.check_DHCP_state)
    check_leasedIP                           0x08005959   Thumb Code    38  dhcp.o(i.check_leasedIP)
    clock                                    0x08005999   Thumb Code    62  24c16.o(i.clock)
    close                                    0x080059dd   Thumb Code    52  socket.o(i.close)
    connect                                  0x08005a11   Thumb Code   248  socket.o(i.connect)
    delay_ms                                 0x08005b09   Thumb Code    56  delay.o(i.delay_ms)
    delay_us                                 0x08005b45   Thumb Code    56  delay.o(i.delay_us)
    dhcp_config_w5500                        0x08005b81   Thumb Code   136  w5500_config.o(i.dhcp_config_w5500)
    do_tcp_client                            0x08005c69   Thumb Code   548  tcp_demo.o(i.do_tcp_client)
    erase_eeprom                             0x08005efd   Thumb Code    30  24c16.o(i.erase_eeprom)
    fputc                                    0x08005f1d   Thumb Code    32  usart2.o(i.fputc)
    free                                     0x08005f41   Thumb Code    76  malloc.o(i.free)
    getGAR                                   0x08005f91   Thumb Code    16  w5500.o(i.getGAR)
    getIINCHIP_TxMAX                         0x08005fa1   Thumb Code    10  w5500.o(i.getIINCHIP_TxMAX)
    getPHYStatus                             0x08005fb1   Thumb Code    12  w5500.o(i.getPHYStatus)
    getSIPR                                  0x08005fbd   Thumb Code    18  w5500.o(i.getSIPR)
    getSUBR                                  0x08005fcf   Thumb Code    18  w5500.o(i.getSUBR)
    getSn_IR                                 0x08005fe1   Thumb Code    18  w5500.o(i.getSn_IR)
    getSn_RX_RSR                             0x08005ff3   Thumb Code    84  w5500.o(i.getSn_RX_RSR)
    getSn_SR                                 0x08006047   Thumb Code    18  w5500.o(i.getSn_SR)
    getSn_TX_FSR                             0x08006059   Thumb Code    84  w5500.o(i.getSn_TX_FSR)
    htonl                                    0x080060ad   Thumb Code    12  ult.o(i.htonl)
    htons                                    0x080060b9   Thumb Code    12  ult.o(i.htons)
    main                                     0x080060c5   Thumb Code    18  main.o(i.main)
    malloc                                   0x080060d9   Thumb Code    92  malloc.o(i.malloc)
    ntohl                                    0x08006145   Thumb Code    12  ult.o(i.ntohl)
    parseDHCPMSG                             0x08006151   Thumb Code   326  dhcp.o(i.parseDHCPMSG)
    read_1byte                               0x080062c1   Thumb Code   110  24c16.o(i.read_1byte)
    recv                                     0x08006335   Thumb Code    66  socket.o(i.recv)
    recv_data_processing                     0x08006379   Thumb Code   116  w5500.o(i.recv_data_processing)
    recvfrom                                 0x0800640d   Thumb Code   486  socket.o(i.recvfrom)
    reset_DHCP_time                          0x0800660d   Thumb Code    28  dhcp.o(i.reset_DHCP_time)
    send                                     0x08006639   Thumb Code   224  socket.o(i.send)
    send_DHCP_DISCOVER                       0x0800673d   Thumb Code   680  dhcp.o(i.send_DHCP_DISCOVER)
    send_DHCP_RELEASE_DECLINE                0x08006a11   Thumb Code   648  dhcp.o(i.send_DHCP_RELEASE_DECLINE)
    send_DHCP_REQUEST                        0x08006cad   Thumb Code   956  dhcp.o(i.send_DHCP_REQUEST)
    send_data_processing                     0x0800709d   Thumb Code   108  w5500.o(i.send_data_processing)
    sendto                                   0x08007109   Thumb Code   268  socket.o(i.sendto)
    setGAR                                   0x08007215   Thumb Code    16  w5500.o(i.setGAR)
    setKPALVTR                               0x08007225   Thumb Code    22  tcp_demo.o(i.setKPALVTR)
    setSHAR                                  0x0800723b   Thumb Code    18  w5500.o(i.setSHAR)
    setSIPR                                  0x0800724d   Thumb Code    18  w5500.o(i.setSIPR)
    setSUBR                                  0x0800725f   Thumb Code    18  w5500.o(i.setSUBR)
    setSn_IR                                 0x08007271   Thumb Code    22  w5500.o(i.setSn_IR)
    set_object_ip                            0x08007289   Thumb Code   136  tcp_demo.o(i.set_object_ip)
    set_w5500_ip                             0x08007375   Thumb Code   350  w5500_config.o(i.set_w5500_ip)
    set_w5500_mac                            0x08007619   Thumb Code   250  w5500_config.o(i.set_w5500_mac)
    socket                                   0x08007791   Thumb Code   192  socket.o(i.socket)
    swapl                                    0x08007855   Thumb Code    28  ult.o(i.swapl)
    swaps                                    0x08007871   Thumb Code    14  ult.o(i.swaps)
    sysinit                                  0x08007881   Thumb Code   302  w5500.o(i.sysinit)
    w5500_check                              0x080079b9   Thumb Code   102  w5500.o(i.w5500_check)
    wiz_read_buf                             0x08007a4d   Thumb Code    78  w5500.o(i.wiz_read_buf)
    wiz_write_buf                            0x08007ab5   Thumb Code    80  w5500.o(i.wiz_write_buf)
    write_1byte                              0x08007b1d   Thumb Code   122  24c16.o(i.write_1byte)
    __ctype_table                            0x08007b9c   Data         129  ctype_o.o(.constdata)
    Region$$Table$$Base                      0x08007d40   Number         0  anon$$obj.o(Region$$Table)
    Region$$Table$$Limit                     0x08007d60   Number         0  anon$$obj.o(Region$$Table)
    buflen                                   0x20000000   Data           4  stm32f10x_it.o(.data)
    i                                        0x20000004   Data           4  stm32f10x_it.o(.data)
    j                                        0x20000008   Data           4  stm32f10x_it.o(.data)
    ac                                       0x2000000c   Data           4  stm32f10x_it.o(.data)
    battery                                  0x20000010   Data           4  stm32f10x_it.o(.data)
    acc_on                                   0x20000014   Data           1  stm32f10x_it.o(.data)
    rxd_buffer_locked                        0x20000015   Data           1  usart2.o(.data)
    usart_flg                                0x20000016   Data           1  usart2.o(.data)
    ptr_rxd_buffer                           0x20000017   Data           1  usart2.o(.data)
    start                                    0x20000018   Data           1  usart2.o(.data)
    crc                                      0x20000019   Data           1  usart2.o(.data)
    USART3_RX_STA                            0x2000001e   Data           2  usart3.o(.data)
    rxd_buffer_locked3                       0x20000020   Data           1  usart3.o(.data)
    usart_flg3                               0x20000021   Data           1  usart3.o(.data)
    ptr_rxd_buffer3                          0x20000022   Data           1  usart3.o(.data)
    start3                                   0x20000023   Data           1  usart3.o(.data)
    crc3                                     0x20000024   Data           1  usart3.o(.data)
    usart3_test                              0x20000025   Data           1  usart3.o(.data)
    USART1_RX_STA                            0x20000026   Data           2  usart1.o(.data)
    rxd_buffer_locked1                       0x20000028   Data           1  usart1.o(.data)
    usart_flg1                               0x20000029   Data           1  usart1.o(.data)
    ptr_rxd_buffer1                          0x2000002a   Data           1  usart1.o(.data)
    start1                                   0x2000002b   Data           1  usart1.o(.data)
    crc1                                     0x2000002c   Data           1  usart1.o(.data)
    usart_test                               0x2000002d   Data           1  usart1.o(.data)
    ADC_ConvertedValue                       0x2000002e   Data           2  adc.o(.data)
    ADC_Result                               0x20000030   Data           2  adc.o(.data)
    adc_save_idx                             0x20000032   Data           2  adc.o(.data)
    result                                   0x20000034   Data          20  loop.o(.data)
    Lock_Code                                0x20000048   Data           4  loop.o(.data)
    flag                                     0x2000004c   Data           1  loop.o(.data)
    ee_test                                  0x2000004d   Data           1  loop.o(.data)
    read_dht11                               0x2000004e   Data           1  loop.o(.data)
    send_data                                0x2000004f   Data           1  loop.o(.data)
    Disconnect_Request                       0x20000050   Data           2  loop.o(.data)
    domain_ip                                0x20000052   Data           4  loop.o(.data)
    timePUB                                  0x20000058   Data           4  loop.o(.data)
    timeSUB                                  0x2000005c   Data           4  loop.o(.data)
    timePING                                 0x20000060   Data           1  loop.o(.data)
    temp_rh                                  0x20000061   Data           2  loop.o(.data)
    uart2_send_read                          0x20000063   Data           1  loop.o(.data)
    uart2_send_write                         0x20000064   Data           1  loop.o(.data)
    noise                                    0x20000066   Data           2  loop.o(.data)
    uart_config                              0x20000068   Data           1  loop.o(.data)
    w5500_connect                            0x2000006c   Data           4  loop.o(.data)
    uart_w5500_ip_config                     0x20000070   Data           1  loop.o(.data)
    uart_w5500_mac_config                    0x20000071   Data           1  loop.o(.data)
    uart_w5500_subnet_config                 0x20000072   Data           1  loop.o(.data)
    uart_w5500_gateway_config                0x20000073   Data           1  loop.o(.data)
    uart_w5500_dns_config                    0x20000074   Data           1  loop.o(.data)
    uart_w5500_port_config                   0x20000075   Data           1  loop.o(.data)
    AccelerationX                            0x20000078   Data           4  loop.o(.data)
    AccelerationY                            0x2000007c   Data           4  loop.o(.data)
    AccelerationZ                            0x20000080   Data           4  loop.o(.data)
    work_ACCadd                              0x20000084   Data           1  loop.o(.data)
    work_dht11_status                        0x20000085   Data           1  loop.o(.data)
    work_noise_status                        0x20000086   Data           1  loop.o(.data)
    work_uart_status                         0x20000087   Data           1  loop.o(.data)
    work_Acceleration_status                 0x20000088   Data           1  loop.o(.data)
    disconnet                                0x2000008a   Data           2  loop.o(.data)
    overtime                                 0x2000008c   Data           2  loop.o(.data)
    overtime_reset                           0x2000008e   Data           1  loop.o(.data)
    test_while                               0x2000008f   Data           1  loop.o(.data)
    work_status                              0x20000090   Data           1  loop.o(.data)
    network_status                           0x20000091   Data           1  loop.o(.data)
    led_set_work                             0x20000092   Data           1  loop.o(.data)
    led_set_network                          0x20000093   Data           1  loop.o(.data)
    sum                                      0x20000094   Data           1  loop.o(.data)
    temperature                              0x20000098   Data           4  loop.o(.data)
    humidity                                 0x2000009c   Data           4  loop.o(.data)
    external_temp1                           0x200000a0   Data           1  loop.o(.data)
    external_temp3                           0x200000a1   Data           1  loop.o(.data)
    external_humi1                           0x200000a2   Data           1  loop.o(.data)
    external_humi3                           0x200000a3   Data           1  loop.o(.data)
    external_vibr1                           0x200000a4   Data           1  loop.o(.data)
    external_vibr3                           0x200000a5   Data           1  loop.o(.data)
    external_noise1                          0x200000a6   Data           1  loop.o(.data)
    external_noise3                          0x200000a7   Data           1  loop.o(.data)
    external_driver                          0x200000a8   Data           1  loop.o(.data)
    rc                                       0x200000ac   Data           4  loop.o(.data)
    test_time                                0x200000b0   Data           4  loop.o(.data)
    test_time1                               0x200000b4   Data           4  loop.o(.data)
    domain_name                              0x200000b8   Data          18  loop.o(.data)
    mac                                      0x200000e0   Data           6  w5500_config.o(.data)
    local_ip                                 0x200000e6   Data           4  w5500_config.o(.data)
    subnet                                   0x200000ea   Data           4  w5500_config.o(.data)
    gateway                                  0x200000ee   Data           4  w5500_config.o(.data)
    dns_server                               0x200000f2   Data           4  w5500_config.o(.data)
    local_port                               0x200000f6   Data           2  w5500_config.o(.data)
    ip_from                                  0x200000f8   Data           1  w5500_config.o(.data)
    BD_TG_ping_time                          0x200000fc   Data           4  w5500_config.o(.data)
    dhcp_ok                                  0x20000100   Data           1  w5500_config.o(.data)
    ms                                       0x20000104   Data           4  w5500_config.o(.data)
    ntptimer                                 0x20000108   Data           1  w5500_config.o(.data)
    txsize                                   0x20000109   Data           8  w5500_config.o(.data)
    rxsize                                   0x20000111   Data           8  w5500_config.o(.data)
    SRC_MAC_ADDR                             0x2000011c   Data           4  dhcp.o(.data)
    GET_SN_MASK                              0x20000120   Data           4  dhcp.o(.data)
    GET_GW_IP                                0x20000124   Data           4  dhcp.o(.data)
    GET_DNS_IP                               0x20000128   Data           4  dhcp.o(.data)
    DHCP_HOST_NAME                           0x2000012c   Data           4  dhcp.o(.data)
    GET_SIP                                  0x20000130   Data           4  dhcp.o(.data)
    DHCP_SIP                                 0x20000134   Data           4  dhcp.o(.data)
    DHCP_REAL_SIP                            0x20000138   Data           4  dhcp.o(.data)
    OLD_SIP                                  0x2000013c   Data           4  dhcp.o(.data)
    dhcp_state                               0x20000140   Data           1  dhcp.o(.data)
    dhcp_retry_count                         0x20000141   Data           1  dhcp.o(.data)
    DHCP_timeout                             0x20000142   Data           1  dhcp.o(.data)
    dhcp_lease_time                          0x20000144   Data           4  dhcp.o(.data)
    dhcp_time                                0x20000148   Data           4  dhcp.o(.data)
    next_dhcp_time                           0x2000014c   Data           4  dhcp.o(.data)
    dhcp_tick_cnt                            0x20000150   Data           4  dhcp.o(.data)
    DHCP_timer                               0x20000154   Data           1  dhcp.o(.data)
    dhcp_connect                             0x20000155   Data           1  dhcp.o(.data)
    DHCP_XID                                 0x20000158   Data           4  dhcp.o(.data)
    pRIPMSG                                  0x2000015c   Data           4  dhcp.o(.data)
    test1                                    0x20000160   Data         200  bd_tg.o(.data)
    ttt                                      0x20000228   Data         100  bd_tg.o(.data)
    BD_TG_server_ip                          0x20000290   Data           4  tcp_demo.o(.data)
    BD_TG_server_port                        0x20000294   Data           2  tcp_demo.o(.data)
    MQTT_STATE                               0x20000298   Data           4  tcp_demo.o(.data)
    topics                                   0x2000029c   Data           4  tcp_demo.o(.data)
    BD_TG_ping_pak                           0x200002a0   Data           2  tcp_demo.o(.data)
    data_ptr                                 0x200002a4   Data           4  tcp_demo.o(.data)
    ASII_hex                                 0x200002a8   Data           1  tcp_demo.o(.data)
    __stdout                                 0x200002ac   Data           4  stdout.o(.data)
    __microlib_freelist                      0x200002b0   Data           4  mvars.o(.data)
    __microlib_freelist_initialised          0x200002b4   Data           4  mvars.o(.data)
    usart_buf                                0x200002bc   Data          64  usart2.o(.bss)
    t2_count_ms                              0x200002fc   Data          72  tim2.o(.bss)
    USART3_RX_BUF                            0x20000344   Data         200  usart3.o(.bss)
    usart_buf3                               0x2000040c   Data         104  usart3.o(.bss)
    USART1_RX_BUF                            0x20000474   Data         200  usart1.o(.bss)
    usart_buf1                               0x2000053c   Data         104  usart1.o(.bss)
    RxBuffer2                                0x200005a4   Data         200  loop.o(.bss)
    CpuID                                    0x2000066c   Data          12  loop.o(.bss)
    adxl_val                                 0x20000678   Data          12  loop.o(.bss)
    mqttPacket                               0x20000684   Data          16  loop.o(.bss)
    txBuffer                                 0x20000694   Data          40  loop.o(.bss)
    ConfigMsg                                0x200006dc   Data          34  w5500_config.o(.bss)
    RecvMsg                                  0x200006fe   Data          34  w5500_config.o(.bss)
    EEPROM_MSG                               0x20000720   Data          18  w5500_config.o(.bss)
    DHCP_GET                                 0x20000732   Data          22  dhcp.o(.bss)
    EXTERN_DHCPBUF                           0x20000748   Data        1024  dhcp.o(.bss)
    w5500_buf                                0x20000b48   Data         128  bd_tg.o(.bss)
    publish_buf                              0x20000bc8   Data          64  bd_tg.o(.bss)
    buff                                     0x20000c18   Data        2048  tcp_demo.o(.bss)
    test                                     0x20001418   Data         300  tcp_demo.o(.bss)
    __heap_base                              0x20001548   Data           0  startup_stm32f10x_md.o(HEAP)
    __heap_limit                             0x20001748   Data           0  startup_stm32f10x_md.o(HEAP)
    __initial_sp                             0x20001b48   Data           0  startup_stm32f10x_md.o(STACK)



==============================================================================

Memory Map of the image

  Image Entry point : 0x080000ed

  Load Region LR_IROM1 (Base: 0x08000000, Size: 0x0000801c, Max: 0x00010000, ABSOLUTE, COMPRESSED[0x00007dec])

    Execution Region ER_IROM1 (Base: 0x08000000, Size: 0x00007d60, Max: 0x00010000, ABSOLUTE)

    Base Addr    Size         Type   Attr      Idx    E Section Name        Object

    0x08000000   0x000000ec   Data   RO            3    RESET               startup_stm32f10x_md.o
    0x080000ec   0x00000000   Code   RO         4800  * .ARM.Collect$$$$00000000  mc_w.l(entry.o)
    0x080000ec   0x00000004   Code   RO         5138    .ARM.Collect$$$$00000001  mc_w.l(entry2.o)
    0x080000f0   0x00000004   Code   RO         5141    .ARM.Collect$$$$00000004  mc_w.l(entry5.o)
    0x080000f4   0x00000000   Code   RO         5143    .ARM.Collect$$$$00000008  mc_w.l(entry7b.o)
    0x080000f4   0x00000000   Code   RO         5145    .ARM.Collect$$$$0000000A  mc_w.l(entry8b.o)
    0x080000f4   0x00000008   Code   RO         5146    .ARM.Collect$$$$0000000B  mc_w.l(entry9a.o)
    0x080000fc   0x00000000   Code   RO         5148    .ARM.Collect$$$$0000000D  mc_w.l(entry10a.o)
    0x080000fc   0x00000000   Code   RO         5150    .ARM.Collect$$$$0000000F  mc_w.l(entry11a.o)
    0x080000fc   0x00000004   Code   RO         5139    .ARM.Collect$$$$00002712  mc_w.l(entry2.o)
    0x08000100   0x00000024   Code   RO            4    .text               startup_stm32f10x_md.o
    0x08000124   0x00000024   Code   RO         4803    .text               mc_w.l(memcpya.o)
    0x08000148   0x00000024   Code   RO         4805    .text               mc_w.l(memseta.o)
    0x0800016c   0x00000024   Code   RO         4807    .text               mc_w.l(strstr.o)
    0x08000190   0x00000014   Code   RO         4811    .text               mc_w.l(strchr.o)
    0x080001a4   0x0000000e   Code   RO         4813    .text               mc_w.l(strlen.o)
    0x080001b2   0x0000001a   Code   RO         4815    .text               mc_w.l(memcmp.o)
    0x080001cc   0x00000028   Code   RO         4817    .text               mc_w.l(strncat.o)
    0x080001f4   0x00000012   Code   RO         4819    .text               mc_w.l(strcpy.o)
    0x08000206   0x0000001a   Code   RO         5118    .text               mc_w.l(atoi.o)
    0x08000220   0x000000e4   Code   RO         5120    .text               mf_w.l(dmul.o)
    0x08000304   0x0000000a   Code   RO         5122    .text               mf_w.l(ffltui.o)
    0x0800030e   0x00000022   Code   RO         5124    .text               mf_w.l(dflti.o)
    0x08000330   0x00000032   Code   RO         5126    .text               mf_w.l(ffixi.o)
    0x08000362   0x00000028   Code   RO         5128    .text               mf_w.l(ffixui.o)
    0x0800038a   0x00000026   Code   RO         5130    .text               mf_w.l(f2d.o)
    0x080003b0   0x00000038   Code   RO         5132    .text               mf_w.l(d2f.o)
    0x080003e8   0x00000014   Code   RO         5134    .text               mf_w.l(cfcmple.o)
    0x080003fc   0x00000014   Code   RO         5136    .text               mf_w.l(cfrcmple.o)
    0x08000410   0x0000002c   Code   RO         5153    .text               mc_w.l(uidiv.o)
    0x0800043c   0x00000062   Code   RO         5155    .text               mc_w.l(uldiv.o)
    0x0800049e   0x00000070   Code   RO         5166    .text               mc_w.l(strtol.o)
    0x0800050e   0x00000000   Code   RO         5168    .text               mc_w.l(iusefp.o)
    0x0800050e   0x0000006e   Code   RO         5169    .text               mf_w.l(fepilogue.o)
    0x0800057c   0x000000ba   Code   RO         5171    .text               mf_w.l(depilogue.o)
    0x08000636   0x0000014e   Code   RO         5173    .text               mf_w.l(dadd.o)
    0x08000784   0x000000de   Code   RO         5175    .text               mf_w.l(ddiv.o)
    0x08000862   0x00000030   Code   RO         5177    .text               mf_w.l(dfixul.o)
    0x08000892   0x00000002   PAD
    0x08000894   0x00000030   Code   RO         5179    .text               mf_w.l(cdrcmple.o)
    0x080008c4   0x00000024   Code   RO         5181    .text               mc_w.l(init.o)
    0x080008e8   0x0000001e   Code   RO         5183    .text               mc_w.l(llshl.o)
    0x08000906   0x00000020   Code   RO         5185    .text               mc_w.l(llushr.o)
    0x08000926   0x00000024   Code   RO         5187    .text               mc_w.l(llsshr.o)
    0x0800094a   0x00000002   PAD
    0x0800094c   0x00000008   Code   RO         5189    .text               mc_w.l(ctype_o.o)
    0x08000954   0x0000009e   Code   RO         5217    .text               mc_w.l(_strtoul.o)
    0x080009f2   0x0000001c   Code   RO         5219    .text               mc_w.l(_chval.o)
    0x08000a0e   0x00000056   Code   RO         5229    .text               mc_w.l(__dczerorl2.o)
    0x08000a64   0x00000030   Code   RO          651    i.ADC1_GPIO_Config  adc.o
    0x08000a94   0x0000000c   Code   RO          652    i.ADC1_Init         adc.o
    0x08000aa0   0x000000e0   Code   RO          653    i.ADC1_Mode_Config  adc.o
    0x08000b80   0x00000016   Code   RO          872    i.ADC_Cmd           stm32f10x_adc.o
    0x08000b96   0x00000016   Code   RO          873    i.ADC_DMACmd        stm32f10x_adc.o
    0x08000bac   0x00000014   Code   RO          880    i.ADC_GetCalibrationStatus  stm32f10x_adc.o
    0x08000bc0   0x00000014   Code   RO          886    i.ADC_GetResetCalibrationStatus  stm32f10x_adc.o
    0x08000bd4   0x00000050   Code   RO          890    i.ADC_Init          stm32f10x_adc.o
    0x08000c24   0x000000b8   Code   RO          894    i.ADC_RegularChannelConfig  stm32f10x_adc.o
    0x08000cdc   0x0000000a   Code   RO          895    i.ADC_ResetCalibration  stm32f10x_adc.o
    0x08000ce6   0x00000016   Code   RO          897    i.ADC_SoftwareStartConvCmd  stm32f10x_adc.o
    0x08000cfc   0x0000000a   Code   RO          899    i.ADC_StartCalibration  stm32f10x_adc.o
    0x08000d06   0x00000002   PAD
    0x08000d08   0x000000f4   Code   RO          612    i.ADXL345_ReadXYZ   adxl345.o
    0x08000dfc   0x000000a0   Code   RO          613    i.ADXL345_init      adxl345.o
    0x08000e9c   0x00000054   Code   RO          614    i.ADXL345_read_byte  adxl345.o
    0x08000ef0   0x0000004c   Code   RO          615    i.ADXL345_write_byte  adxl345.o
    0x08000f3c   0x00000284   Code   RO         4678    i.BD_TG_DevLink     bd_tg.o
    0x080011c0   0x00000058   Code   RO         4679    i.BD_TG_Publish     bd_tg.o
    0x08001218   0x000003c0   Code   RO         4680    i.BD_TG_RevPro      bd_tg.o
    0x080015d8   0x00000110   Code   RO         4681    i.BD_TG_Subscribe   bd_tg.o
    0x080016e8   0x00000004   Code   RO          116    i.BusFault_Handler  stm32f10x_it.o
    0x080016ec   0x0000008c   Code   RO         4158    i.DHT11_GetValue    dht11.o
    0x08001778   0x00000054   Code   RO         4159    i.DHT11_ReadData    dht11.o
    0x080017cc   0x00000018   Code   RO         1557    i.DMA_Cmd           stm32f10x_dma.o
    0x080017e4   0x0000014c   Code   RO         1558    i.DMA_DeInit        stm32f10x_dma.o
    0x08001930   0x0000003c   Code   RO         1563    i.DMA_Init          stm32f10x_dma.o
    0x0800196c   0x00000002   Code   RO          117    i.DebugMon_Handler  stm32f10x_it.o
    0x0800196e   0x00000002   PAD
    0x08001970   0x00000074   Code   RO          118    i.EXTI0_IRQHandler  stm32f10x_it.o
    0x080019e4   0x00000080   Code   RO          119    i.EXTI15_10_IRQHandler  stm32f10x_it.o
    0x08001a64   0x0000000c   Code   RO         1628    i.EXTI_ClearITPendingBit  stm32f10x_exti.o
    0x08001a70   0x0000000c   Code   RO          692    i.EXTI_ENABLE       exti.o
    0x08001a7c   0x00000028   Code   RO         1632    i.EXTI_GetITStatus  stm32f10x_exti.o
    0x08001aa4   0x00000094   Code   RO         1633    i.EXTI_Init         stm32f10x_exti.o
    0x08001b38   0x00000070   Code   RO          693    i.EXTI_PA0_Config   exti.o
    0x08001ba8   0x00000074   Code   RO          694    i.EXTI_PA15_Config  exti.o
    0x08001c1c   0x00000114   Code   RO          429    i.GPIO_Configuration  gpio.o
    0x08001d30   0x00000040   Code   RO         1978    i.GPIO_EXTILineConfig  stm32f10x_gpio.o
    0x08001d70   0x00000116   Code   RO         1981    i.GPIO_Init         stm32f10x_gpio.o
    0x08001e86   0x00000002   PAD
    0x08001e88   0x00000090   Code   RO         1983    i.GPIO_PinRemapConfig  stm32f10x_gpio.o
    0x08001f18   0x00000012   Code   RO         1985    i.GPIO_ReadInputDataBit  stm32f10x_gpio.o
    0x08001f2a   0x00000004   Code   RO         1988    i.GPIO_ResetBits    stm32f10x_gpio.o
    0x08001f2e   0x00000004   Code   RO         1989    i.GPIO_SetBits      stm32f10x_gpio.o
    0x08001f32   0x00000010   Code   RO         1990    i.GPIO_StructInit   stm32f10x_gpio.o
    0x08001f42   0x00000002   PAD
    0x08001f44   0x0000005c   Code   RO          719    i.GetLockCode       loop.o
    0x08001fa0   0x00000004   Code   RO          120    i.HardFault_Handler  stm32f10x_it.o
    0x08001fa4   0x0000000a   Code   RO         3797    i.IINCHIP_CSoff     w5500.o
    0x08001fae   0x0000000a   Code   RO         3798    i.IINCHIP_CSon      w5500.o
    0x08001fb8   0x00000032   Code   RO         3799    i.IINCHIP_READ      w5500.o
    0x08001fea   0x0000000c   Code   RO         3800    i.IINCHIP_SpiSendData  w5500.o
    0x08001ff6   0x00000032   Code   RO         3801    i.IINCHIP_WRITE     w5500.o
    0x08002028   0x00000090   Code   RO          720    i.Initialization_configuration  loop.o
    0x080020b8   0x0000001c   Code   RO         4478    i.MQTT_DeleteBuffer  mqttkit.o
    0x080020d4   0x0000002e   Code   RO         4479    i.MQTT_DumpLength   mqttkit.o
    0x08002102   0x00000058   Code   RO         4480    i.MQTT_NewBuffer    mqttkit.o
    0x0800215a   0x00000002   PAD
    0x0800215c   0x0000008c   Code   RO         4481    i.MQTT_PacketCmdResp  mqttkit.o
    0x080021e8   0x0000029c   Code   RO         4482    i.MQTT_PacketConnect  mqttkit.o
    0x08002484   0x00000136   Code   RO         4485    i.MQTT_PacketPublish  mqttkit.o
    0x080025ba   0x00000048   Code   RO         4486    i.MQTT_PacketPublishAck  mqttkit.o
    0x08002602   0x00000048   Code   RO         4487    i.MQTT_PacketPublishComp  mqttkit.o
    0x0800264a   0x00000048   Code   RO         4488    i.MQTT_PacketPublishRec  mqttkit.o
    0x08002692   0x00000048   Code   RO         4489    i.MQTT_PacketPublishRel  mqttkit.o
    0x080026da   0x000000fc   Code   RO         4491    i.MQTT_PacketSubscribe  mqttkit.o
    0x080027d6   0x000000ec   Code   RO         4492    i.MQTT_PacketUnSubscribe  mqttkit.o
    0x080028c2   0x00000046   Code   RO         4493    i.MQTT_ReadLength   mqttkit.o
    0x08002908   0x0000008a   Code   RO         4494    i.MQTT_UnPacketCmd  mqttkit.o
    0x08002992   0x0000001e   Code   RO         4495    i.MQTT_UnPacketConnectAck  mqttkit.o
    0x080029b0   0x00000190   Code   RO         4496    i.MQTT_UnPacketPublish  mqttkit.o
    0x08002b40   0x0000001e   Code   RO         4497    i.MQTT_UnPacketPublishAck  mqttkit.o
    0x08002b5e   0x0000001e   Code   RO         4498    i.MQTT_UnPacketPublishComp  mqttkit.o
    0x08002b7c   0x0000001e   Code   RO         4499    i.MQTT_UnPacketPublishRec  mqttkit.o
    0x08002b9a   0x00000024   Code   RO         4500    i.MQTT_UnPacketPublishRel  mqttkit.o
    0x08002bbe   0x00000002   PAD
    0x08002bc0   0x00000074   Code   RO         4501    i.MQTT_UnPacketRecv  mqttkit.o
    0x08002c34   0x00000034   Code   RO         4502    i.MQTT_UnPacketSubscribe  mqttkit.o
    0x08002c68   0x00000012   Code   RO         4503    i.MQTT_UnPacketUnSubscribe  mqttkit.o
    0x08002c7a   0x00000002   PAD
    0x08002c7c   0x0000006c   Code   RO         4682    i.MQTT_UnSubscribe  bd_tg.o
    0x08002ce8   0x00000004   Code   RO          121    i.MemManage_Handler  stm32f10x_it.o
    0x08002cec   0x00000002   Code   RO          122    i.NMI_Handler       stm32f10x_it.o
    0x08002cee   0x00000002   PAD
    0x08002cf0   0x00000070   Code   RO          830    i.NVIC_Init         misc.o
    0x08002d60   0x00000014   Code   RO          831    i.NVIC_PriorityGroupConfig  misc.o
    0x08002d74   0x00000002   Code   RO          123    i.PendSV_Handler    stm32f10x_it.o
    0x08002d76   0x00000002   PAD
    0x08002d78   0x00000018   Code   RO         2395    i.RCC_ADCCLKConfig  stm32f10x_rcc.o
    0x08002d90   0x00000020   Code   RO         2396    i.RCC_AHBPeriphClockCmd  stm32f10x_rcc.o
    0x08002db0   0x00000020   Code   RO         2397    i.RCC_APB1PeriphClockCmd  stm32f10x_rcc.o
    0x08002dd0   0x00000020   Code   RO         2398    i.RCC_APB1PeriphResetCmd  stm32f10x_rcc.o
    0x08002df0   0x00000020   Code   RO         2399    i.RCC_APB2PeriphClockCmd  stm32f10x_rcc.o
    0x08002e10   0x00000020   Code   RO         2400    i.RCC_APB2PeriphResetCmd  stm32f10x_rcc.o
    0x08002e30   0x000000d4   Code   RO         2407    i.RCC_GetClocksFreq  stm32f10x_rcc.o
    0x08002f04   0x0000002c   Code   RO          377    i.Reset_W5500       spi2.o
    0x08002f30   0x00000038   Code   RO          378    i.SPI2_SendByte     spi2.o
    0x08002f68   0x00000018   Code   RO         2876    i.SPI_Cmd           stm32f10x_spi.o
    0x08002f80   0x00000012   Code   RO         2884    i.SPI_I2S_GetFlagStatus  stm32f10x_spi.o
    0x08002f92   0x00000006   Code   RO         2887    i.SPI_I2S_ReceiveData  stm32f10x_spi.o
    0x08002f98   0x00000004   Code   RO         2888    i.SPI_I2S_SendData  stm32f10x_spi.o
    0x08002f9c   0x0000003c   Code   RO         2889    i.SPI_Init          stm32f10x_spi.o
    0x08002fd8   0x000000b8   Code   RO          616    i.SPI_init          adxl345.o
    0x08003090   0x00000002   Code   RO          124    i.SVC_Handler       stm32f10x_it.o
    0x08003092   0x00000008   Code   RO          796    i.SetSysClock       system_stm32f10x.o
    0x0800309a   0x00000002   PAD
    0x0800309c   0x000000e0   Code   RO          797    i.SetSysClockTo72   system_stm32f10x.o
    0x0800317c   0x00000030   Code   RO          721    i.SoftReset         loop.o
    0x080031ac   0x00000002   Code   RO          125    i.SysTick_Handler   stm32f10x_it.o
    0x080031ae   0x00000002   PAD
    0x080031b0   0x00000060   Code   RO          799    i.SystemInit        system_stm32f10x.o
    0x08003210   0x00000040   Code   RO          351    i.Systick_Init      delay.o
    0x08003250   0x00000052   Code   RO          327    i.TIM2_Configuration  tim2.o
    0x080032a2   0x00000002   PAD
    0x080032a4   0x00000034   Code   RO          126    i.TIM2_IRQHandler   stm32f10x_it.o
    0x080032d8   0x0000002a   Code   RO          328    i.TIM2_NVIC_Configuration  tim2.o
    0x08003302   0x00000006   Code   RO         3025    i.TIM_ClearFlag     stm32f10x_tim.o
    0x08003308   0x00000006   Code   RO         3026    i.TIM_ClearITPendingBit  stm32f10x_tim.o
    0x0800330e   0x00000018   Code   RO         3031    i.TIM_Cmd           stm32f10x_tim.o
    0x08003326   0x00000002   PAD
    0x08003328   0x000001e8   Code   RO         3036    i.TIM_DeInit        stm32f10x_tim.o
    0x08003510   0x00000022   Code   RO         3052    i.TIM_GetITStatus   stm32f10x_tim.o
    0x08003532   0x00000012   Code   RO         3056    i.TIM_ITConfig      stm32f10x_tim.o
    0x08003544   0x000000a4   Code   RO         3102    i.TIM_TimeBaseInit  stm32f10x_tim.o
    0x080035e8   0x0000008c   Code   RO          490    i.USART1_Config     usart1.o
    0x08003674   0x000000dc   Code   RO          491    i.USART1_IRQHandler  usart1.o
    0x08003750   0x0000002a   Code   RO          492    i.USART1_NVIC_Configuration  usart1.o
    0x0800377a   0x00000002   PAD
    0x0800377c   0x00000090   Code   RO          263    i.USART2_Config     usart2.o
    0x0800380c   0x00000160   Code   RO          264    i.USART2_IRQHandler  usart2.o
    0x0800396c   0x0000002a   Code   RO          265    i.USART2_NVIC_Configuration  usart2.o
    0x08003996   0x00000002   PAD
    0x08003998   0x00000094   Code   RO          441    i.USART3_Config     usart3.o
    0x08003a2c   0x000000dc   Code   RO          442    i.USART3_IRQHandler  usart3.o
    0x08003b08   0x00000028   Code   RO          443    i.USART3_NVIC_Configuration  usart3.o
    0x08003b30   0x00000012   Code   RO         3563    i.USART_ClearFlag   stm32f10x_usart.o
    0x08003b42   0x00000018   Code   RO         3567    i.USART_Cmd         stm32f10x_usart.o
    0x08003b5a   0x0000001a   Code   RO         3570    i.USART_GetFlagStatus  stm32f10x_usart.o
    0x08003b74   0x00000054   Code   RO         3571    i.USART_GetITStatus  stm32f10x_usart.o
    0x08003bc8   0x0000004a   Code   RO         3573    i.USART_ITConfig    stm32f10x_usart.o
    0x08003c12   0x00000002   PAD
    0x08003c14   0x000000d8   Code   RO         3574    i.USART_Init        stm32f10x_usart.o
    0x08003cec   0x0000000a   Code   RO         3581    i.USART_ReceiveData  stm32f10x_usart.o
    0x08003cf6   0x00000008   Code   RO         3584    i.USART_SendData    stm32f10x_usart.o
    0x08003cfe   0x00000010   Code   RO          722    i.USART_SendDatacmd  loop.o
    0x08003d0e   0x00000004   Code   RO          127    i.UsageFault_Handler  stm32f10x_it.o
    0x08003d12   0x00000002   PAD
    0x08003d14   0x00000024   Code   RO          379    i.WIZ_CS            spi2.o
    0x08003d38   0x000000a8   Code   RO          380    i.WIZ_SPI_Init      spi2.o
    0x08003de0   0x00000020   Code   RO         5062    i.__0printf         mc_w.l(printfa.o)
    0x08003e00   0x00000028   Code   RO         5064    i.__0sprintf        mc_w.l(printfa.o)
    0x08003e28   0x00000008   Code   RO         5159    i.__aeabi_errno_addr  mc_w.l(errno.o)
    0x08003e30   0x0000000e   Code   RO         5223    i.__scatterload_copy  mc_w.l(handlers.o)
    0x08003e3e   0x00000002   Code   RO         5224    i.__scatterload_null  mc_w.l(handlers.o)
    0x08003e40   0x0000000e   Code   RO         5225    i.__scatterload_zeroinit  mc_w.l(handlers.o)
    0x08003e4e   0x00000002   PAD
    0x08003e50   0x00000164   Code   RO         5069    i._fp_digits        mc_w.l(printfa.o)
    0x08003fb4   0x000006dc   Code   RO         5070    i._printf_core      mc_w.l(printfa.o)
    0x08004690   0x00000024   Code   RO         5071    i._printf_post_padding  mc_w.l(printfa.o)
    0x080046b4   0x0000002e   Code   RO         5072    i._printf_pre_padding  mc_w.l(printfa.o)
    0x080046e2   0x0000000a   Code   RO         5074    i._sputc            mc_w.l(printfa.o)
    0x080046ec   0x00000e88   Code   RO          723    i.application       loop.o
    0x08005574   0x00000040   Code   RO          533    i.at24c16_init      24c16.o
    0x080055b4   0x00000046   Code   RO          534    i.at24c16_read      24c16.o
    0x080055fa   0x00000002   PAD
    0x080055fc   0x00000038   Code   RO          535    i.at24c16_start     24c16.o
    0x08005634   0x0000002c   Code   RO          536    i.at24c16_stop      24c16.o
    0x08005660   0x00000050   Code   RO          537    i.at24c16_write     24c16.o
    0x080056b0   0x000000bc   Code   RO         4181    i.auto_dhcp         dhcp.o
    0x0800576c   0x00000084   Code   RO         4182    i.check_DHCP_Timeout  dhcp.o
    0x080057f0   0x00000168   Code   RO         4183    i.check_DHCP_state  dhcp.o
    0x08005958   0x00000040   Code   RO         4184    i.check_leasedIP    dhcp.o
    0x08005998   0x00000044   Code   RO          538    i.clock             24c16.o
    0x080059dc   0x00000034   Code   RO         4043    i.close             socket.o
    0x08005a10   0x000000f8   Code   RO         4044    i.connect           socket.o
    0x08005b08   0x0000003c   Code   RO          352    i.delay_ms          delay.o
    0x08005b44   0x0000003c   Code   RO          353    i.delay_us          delay.o
    0x08005b80   0x000000e8   Code   RO         4116    i.dhcp_config_w5500  w5500_config.o
    0x08005c68   0x00000294   Code   RO         4735    i.do_tcp_client     tcp_demo.o
    0x08005efc   0x0000001e   Code   RO          540    i.erase_eeprom      24c16.o
    0x08005f1a   0x00000002   PAD
    0x08005f1c   0x00000024   Code   RO          267    i.fputc             usart2.o
    0x08005f40   0x00000050   Code   RO         5090    i.free              mc_w.l(malloc.o)
    0x08005f90   0x00000010   Code   RO         3803    i.getGAR            w5500.o
    0x08005fa0   0x00000010   Code   RO         3806    i.getIINCHIP_TxMAX  w5500.o
    0x08005fb0   0x0000000c   Code   RO         3809    i.getPHYStatus      w5500.o
    0x08005fbc   0x00000012   Code   RO         3811    i.getSIPR           w5500.o
    0x08005fce   0x00000012   Code   RO         3812    i.getSUBR           w5500.o
    0x08005fe0   0x00000012   Code   RO         3813    i.getSn_IR          w5500.o
    0x08005ff2   0x00000054   Code   RO         3814    i.getSn_RX_RSR      w5500.o
    0x08006046   0x00000012   Code   RO         3815    i.getSn_SR          w5500.o
    0x08006058   0x00000054   Code   RO         3816    i.getSn_TX_FSR      w5500.o
    0x080060ac   0x0000000c   Code   RO         4271    i.htonl             ult.o
    0x080060b8   0x0000000c   Code   RO         4272    i.htons             ult.o
    0x080060c4   0x00000012   Code   RO           10    i.main              main.o
    0x080060d6   0x00000002   PAD
    0x080060d8   0x0000006c   Code   RO         5091    i.malloc            mc_w.l(malloc.o)
    0x08006144   0x0000000c   Code   RO         4278    i.ntohl             ult.o
    0x08006150   0x00000170   Code   RO         4186    i.parseDHCPMSG      dhcp.o
    0x080062c0   0x00000074   Code   RO          541    i.read_1byte        24c16.o
    0x08006334   0x00000042   Code   RO         4047    i.recv              socket.o
    0x08006376   0x00000002   PAD
    0x08006378   0x00000094   Code   RO         3819    i.recv_data_processing  w5500.o
    0x0800640c   0x00000200   Code   RO         4048    i.recvfrom          socket.o
    0x0800660c   0x0000002c   Code   RO         4187    i.reset_DHCP_time   dhcp.o
    0x08006638   0x00000104   Code   RO         4049    i.send              socket.o
    0x0800673c   0x000002d4   Code   RO         4188    i.send_DHCP_DISCOVER  dhcp.o
    0x08006a10   0x0000029c   Code   RO         4189    i.send_DHCP_RELEASE_DECLINE  dhcp.o
    0x08006cac   0x000003f0   Code   RO         4190    i.send_DHCP_REQUEST  dhcp.o
    0x0800709c   0x0000006c   Code   RO         3820    i.send_data_processing  w5500.o
    0x08007108   0x0000010c   Code   RO         4051    i.sendto            socket.o
    0x08007214   0x00000010   Code   RO         3821    i.setGAR            w5500.o
    0x08007224   0x00000016   Code   RO         4737    i.setKPALVTR        tcp_demo.o
    0x0800723a   0x00000012   Code   RO         3825    i.setSHAR           w5500.o
    0x0800724c   0x00000012   Code   RO         3826    i.setSIPR           w5500.o
    0x0800725e   0x00000012   Code   RO         3827    i.setSUBR           w5500.o
    0x08007270   0x00000016   Code   RO         3828    i.setSn_IR          w5500.o
    0x08007286   0x00000002   PAD
    0x08007288   0x000000ec   Code   RO         4738    i.set_object_ip     tcp_demo.o
    0x08007374   0x000002a4   Code   RO         4118    i.set_w5500_ip      w5500_config.o
    0x08007618   0x00000178   Code   RO         4119    i.set_w5500_mac     w5500_config.o
    0x08007790   0x000000c4   Code   RO         4052    i.socket            socket.o
    0x08007854   0x0000001c   Code   RO         4281    i.swapl             ult.o
    0x08007870   0x0000000e   Code   RO         4282    i.swaps             ult.o
    0x0800787e   0x00000002   PAD
    0x08007880   0x00000138   Code   RO         3832    i.sysinit           w5500.o
    0x080079b8   0x00000094   Code   RO         3833    i.w5500_check       w5500.o
    0x08007a4c   0x00000068   Code   RO         3834    i.wiz_read_buf      w5500.o
    0x08007ab4   0x00000068   Code   RO         3835    i.wiz_write_buf     w5500.o
    0x08007b1c   0x00000080   Code   RO          542    i.write_1byte       24c16.o
    0x08007b9c   0x00000081   Data   RO         5190    .constdata          mc_w.l(ctype_o.o)
    0x08007c1d   0x00000003   PAD
    0x08007c20   0x00000004   Data   RO         5191    .constdata          mc_w.l(ctype_o.o)
    0x08007c24   0x00000041   Data   RO         4121    .conststring        w5500_config.o
    0x08007c65   0x00000003   PAD
    0x08007c68   0x00000005   Data   RO         4192    .conststring        dhcp.o
    0x08007c6d   0x00000003   PAD
    0x08007c70   0x000000cd   Data   RO         4740    .conststring        tcp_demo.o
    0x08007d3d   0x00000003   PAD
    0x08007d40   0x00000020   Data   RO         5221    Region$$Table       anon$$obj.o


    Execution Region RW_IRAM1 (Base: 0x20000000, Size: 0x00001b48, Max: 0x00005000, ABSOLUTE, COMPRESSED[0x0000008c])

    Base Addr    Size         Type   Attr      Idx    E Section Name        Object

    0x20000000   0x00000015   Data   RW          129    .data               stm32f10x_it.o
    0x20000015   0x00000005   Data   RW          270    .data               usart2.o
    0x2000001a   0x00000004   Data   RW          354    .data               delay.o
    0x2000001e   0x00000008   Data   RW          447    .data               usart3.o
    0x20000026   0x00000008   Data   RW          496    .data               usart1.o
    0x2000002e   0x00000006   Data   RW          657    .data               adc.o
    0x20000034   0x00000096   Data   RW          725    .data               loop.o
    0x200000ca   0x00000014   Data   RW         2427    .data               stm32f10x_rcc.o
    0x200000de   0x00000002   Data   RW         4053    .data               socket.o
    0x200000e0   0x00000039   Data   RW         4122    .data               w5500_config.o
    0x20000119   0x00000003   PAD
    0x2000011c   0x00000044   Data   RW         4193    .data               dhcp.o
    0x20000160   0x0000012e   Data   RW         4684    .data               bd_tg.o
    0x2000028e   0x00000002   PAD
    0x20000290   0x00000019   Data   RW         4741    .data               tcp_demo.o
    0x200002a9   0x00000003   PAD
    0x200002ac   0x00000004   Data   RW         5152    .data               mc_w.l(stdout.o)
    0x200002b0   0x00000004   Data   RW         5157    .data               mc_w.l(mvars.o)
    0x200002b4   0x00000004   Data   RW         5158    .data               mc_w.l(mvars.o)
    0x200002b8   0x00000004   Data   RW         5162    .data               mc_w.l(errno.o)
    0x200002bc   0x00000040   Zero   RW          269    .bss                usart2.o
    0x200002fc   0x00000048   Zero   RW          329    .bss                tim2.o
    0x20000344   0x00000130   Zero   RW          446    .bss                usart3.o
    0x20000474   0x00000130   Zero   RW          495    .bss                usart1.o
    0x200005a4   0x00000118   Zero   RW          724    .bss                loop.o
    0x200006bc   0x00000020   Zero   RW         3836    .bss                w5500.o
    0x200006dc   0x00000056   Zero   RW         4120    .bss                w5500_config.o
    0x20000732   0x00000416   Zero   RW         4191    .bss                dhcp.o
    0x20000b48   0x000000d0   Zero   RW         4683    .bss                bd_tg.o
    0x20000c18   0x0000092c   Zero   RW         4739    .bss                tcp_demo.o
    0x20001544   0x00000004   PAD
    0x20001548   0x00000200   Zero   RW            2    HEAP                startup_stm32f10x_md.o
    0x20001748   0x00000400   Zero   RW            1    STACK               startup_stm32f10x_md.o


==============================================================================

Image component sizes


      Code (inc. data)   RO Data    RW Data    ZI Data      Debug   Object Name

       656         32          0          0          0       5807   24c16.o
       284         20          0          6          0       2245   adc.o
       748         38          0          0          0       2941   adxl345.o
      2072        986          0        302        208       6654   bd_tg.o
       184         16          0          4          0       1669   delay.o
      3556        356          5         68       1046      10522   dhcp.o
       224         12          0          0          0       1690   dht11.o
       240         12          0          0          0       1615   exti.o
       276         18          0          0          0        641   gpio.o
      4020        616          0        150        280      25568   loop.o
        18          0          0          0          0     279855   main.o
       132         22          0          0          0       1503   misc.o
      3006         34          0          0          0      20994   mqttkit.o
      1602         66          0          2          0       5964   socket.o
       304         24          0          0          0       3058   spi2.o
        36          8        236          0       1536        860   startup_stm32f10x_md.o
       390         10          0          0          0       7301   stm32f10x_adc.o
       416          8          0          0          0       3382   stm32f10x_dma.o
       200         18          0          0          0       2072   stm32f10x_exti.o
       528         10          0          0          0       5554   stm32f10x_gpio.o
       322        142          0         21          0       8592   stm32f10x_it.o
       396         56          0         20          0       6603   stm32f10x_rcc.o
       112          0          0          0          0       3774   stm32f10x_spi.o
       740        106          0          0          0       4795   stm32f10x_tim.o
       460          6          0          0          0       6631   stm32f10x_usart.o
       328         28          0          0          0       1937   system_stm32f10x.o
       918        212        205         25       2348       3235   tcp_demo.o
       124          0          0          0         72       1573   tim2.o
        78          0          0          0          0       3476   ult.o
       402         36          0          8        304       2686   usart1.o
       574         58          0          5         64       3217   usart2.o
       408         38          0          8        304       2799   usart3.o
      1432        144          0          0         32      14402   w5500.o
      1284        548         65         57         86       3818   w5500_config.o

    ----------------------------------------------------------------------
     26516       3680        552        684       6284     457433   Object Totals
         0          0         32          0          0          0   (incl. Generated)
        46          0          9          8          4          0   (incl. Padding)

    ----------------------------------------------------------------------

      Code (inc. data)   RO Data    RW Data    ZI Data      Debug   Library Member Name

        86          0          0          0          0          0   __dczerorl2.o
        28          0          0          0          0         68   _chval.o
       158          0          0          0          0         92   _strtoul.o
        26          0          0          0          0         80   atoi.o
         8          4        133          0          0         68   ctype_o.o
         0          0          0          0          0          0   entry.o
         0          0          0          0          0          0   entry10a.o
         0          0          0          0          0          0   entry11a.o
         8          4          0          0          0          0   entry2.o
         4          0          0          0          0          0   entry5.o
         0          0          0          0          0          0   entry7b.o
         0          0          0          0          0          0   entry8b.o
         8          4          0          0          0          0   entry9a.o
         8          4          0          4          0         68   errno.o
        30          0          0          0          0          0   handlers.o
        36          8          0          0          0         68   init.o
         0          0          0          0          0          0   iusefp.o
        30          0          0          0          0         68   llshl.o
        36          0          0          0          0         68   llsshr.o
        32          0          0          0          0         68   llushr.o
       188         20          0          0          0        160   malloc.o
        26          0          0          0          0         80   memcmp.o
        36          0          0          0          0         68   memcpya.o
        36          0          0          0          0        108   memseta.o
         0          0          0          8          0          0   mvars.o
      2276         96          0          0          0        596   printfa.o
         0          0          0          4          0          0   stdout.o
        20          0          0          0          0         68   strchr.o
        18          0          0          0          0         68   strcpy.o
        14          0          0          0          0         68   strlen.o
        40          0          0          0          0         76   strncat.o
        36          0          0          0          0         80   strstr.o
       112          0          0          0          0         88   strtol.o
        44          0          0          0          0         80   uidiv.o
        98          0          0          0          0         92   uldiv.o
        48          0          0          0          0         68   cdrcmple.o
        20          0          0          0          0         68   cfcmple.o
        20          0          0          0          0         68   cfrcmple.o
        56          0          0          0          0         88   d2f.o
       334          0          0          0          0        148   dadd.o
       222          0          0          0          0        100   ddiv.o
       186          0          0          0          0        176   depilogue.o
        48          0          0          0          0         68   dfixul.o
        34          0          0          0          0         76   dflti.o
       228          0          0          0          0         96   dmul.o
        38          0          0          0          0         68   f2d.o
       110          0          0          0          0        168   fepilogue.o
        50          0          0          0          0         68   ffixi.o
        40          0          0          0          0         68   ffixui.o
        10          0          0          0          0         68   ffltui.o

    ----------------------------------------------------------------------
      4892        140        136         16          0       3676   Library Totals
         6          0          3          0          0          0   (incl. Padding)

    ----------------------------------------------------------------------

      Code (inc. data)   RO Data    RW Data    ZI Data      Debug   Library Name

      3442        140        133         16          0       2280   mc_w.l
      1444          0          0          0          0       1396   mf_w.l

    ----------------------------------------------------------------------
      4892        140        136         16          0       3676   Library Totals

    ----------------------------------------------------------------------

==============================================================================


      Code (inc. data)   RO Data    RW Data    ZI Data      Debug   

     31408       3820        688        700       6284     449329   Grand Totals
     31408       3820        688        140       6284     449329   ELF Image Totals (compressed)
     31408       3820        688        140          0          0   ROM Totals

==============================================================================

    Total RO  Size (Code + RO Data)                32096 (  31.34kB)
    Total RW  Size (RW Data + ZI Data)              6984 (   6.82kB)
    Total ROM Size (Code + RO Data + RW Data)      32236 (  31.48kB)

==============================================================================

